
Wall clock time: 218.76567697525024

x_final: 3.228600565189796e-05

Summary written to /home/joe/tri/drake-private/project_plan/campaign2/data/heavy/nut_and_bolt/acc0.01-beta0.01/summary_demo.json
Step statistics written to /home/joe/tri/drake-private/project_plan/campaign2/data/heavy/nut_and_bolt/acc0.01-beta0.01/steps.tsv
General stats regarding discrete updates:
Number of time steps taken (simulator stats) = 477
Number of publishes = 0
Number of discrete updates = 0
Number of "unrestricted" updates = 0

Stats for integrator CenicIntegrator with error control:
Number of time steps taken (integrator stats) = 477
Initial time step taken =       0.01 s
Largest time step taken =        0.1 s
Smallest adapted step size = 0.000217395 s
Number of steps shrunk due to error control = 11
Number of derivative evaluations = 0
Number of steps shrunk due to convergence-based failure = 771
Number of convergence-based step failures (should match) = 771
CENIC Statistics:
Number of solver iterations = 26219
Number of hessian factorizations = 26219
Number of linesearch iterations = 33085

JSON Statistics:
{
  "cenic_num_convex_solves": 2276,
  "cenic_num_feasibility_calls": 2276,
  "cenic_num_feasibility_rejections_full": 749,
  "cenic_num_feasibility_rejections_half1": 3,
  "cenic_num_feasibility_rejections_half2": 19,
  "cenic_num_geometry_queries": 984,
  "cenic_scene_num_surface_triangles": 17614,
  "cenic_scene_num_tetrahedra": 52842,
  "cenic_scene_num_velocities": 6,
  "cenic_time_feasibility": 51.540080650000085,
  "cenic_time_geometry_queries": 134.0446897770001,
  "cenic_time_linearize": 0.04448683100000009,
  "cenic_time_model_update": 135.0191471230001,
  "cenic_time_problem_build": 0.9744573460000083,
  "cenic_time_solve": 31.84322091199999,
  "cenic_total_hessian_factorizations": 26219,
  "cenic_total_ls_iterations": 33085,
  "cenic_total_solver_iterations": 26219,
  "integrator_actual_initial_step_size_taken": 0.010000000000000002,
  "integrator_largest_step_size_taken": 0.10000000000000009,
  "integrator_num_derivative_evaluations": 0,
  "integrator_num_step_shrinkages_from_error_control": 11,
  "integrator_num_steps_taken": 477,
  "integrator_smallest_adapted_step_size_taken": 0.0002173952905329577
}
