
Wall clock time: 36.26844549179077

x_final: 0.49724410712940487

Summary written to /home/joe/tri/drake-private/project_plan/campaign2/data/heavy/spiral/bm2e-05-acc0.1-beta1/summary_demo.json
Step statistics written to /home/joe/tri/drake-private/project_plan/campaign2/data/heavy/spiral/bm2e-05-acc0.1-beta1/steps.tsv
General stats regarding discrete updates:
Number of time steps taken (simulator stats) = 1115
Number of publishes = 0
Number of discrete updates = 0
Number of "unrestricted" updates = 0

Stats for integrator CenicIntegrator with error control:
Number of time steps taken (integrator stats) = 1115
Initial time step taken =      0.005 s
Largest time step taken =        0.1 s
Smallest adapted step size = 8.36135e-05 s
Number of steps shrunk due to error control = 1
Number of derivative evaluations = 0
Number of steps shrunk due to convergence-based failure = 2459
Number of convergence-based step failures (should match) = 2459
CENIC Statistics:
Number of solver iterations = 23267
Number of hessian factorizations = 23267
Number of linesearch iterations = 19257

JSON Statistics:
{
  "cenic_num_convex_solves": 6164,
  "cenic_num_feasibility_calls": 6164,
  "cenic_num_feasibility_rejections_full": 2278,
  "cenic_num_feasibility_rejections_half1": 5,
  "cenic_num_feasibility_rejections_half2": 176,
  "cenic_num_geometry_queries": 2407,
  "cenic_scene_num_surface_triangles": 10080,
  "cenic_scene_num_tetrahedra": 54792,
  "cenic_scene_num_velocities": 6,
  "cenic_time_feasibility": 25.981977735999827,
  "cenic_time_geometry_queries": 7.725281478999998,
  "cenic_time_linearize": 0.011776227999999998,
  "cenic_time_model_update": 7.897714268999993,
  "cenic_time_problem_build": 0.1724327899999949,
  "cenic_time_solve": 2.079698273000006,
  "cenic_total_hessian_factorizations": 23267,
  "cenic_total_ls_iterations": 19257,
  "cenic_total_solver_iterations": 23267,
  "integrator_actual_initial_step_size_taken": 0.005000000000000001,
  "integrator_largest_step_size_taken": 0.09999999999999964,
  "integrator_num_derivative_evaluations": 0,
  "integrator_num_step_shrinkages_from_error_control": 1,
  "integrator_num_steps_taken": 1115,
  "integrator_smallest_adapted_step_size_taken": 8.361349556360477e-05
}
