AdvanceTo() time [sec]: 22.771802921
General stats regarding discrete updates:
Number of time steps taken (simulator stats) = 174
Number of publishes = 0
Number of discrete updates = 0
Number of "unrestricted" updates = 0

Stats for integrator CenicIntegrator with error control:
Number of time steps taken (integrator stats) = 174
Initial time step taken =       0.01 s
Largest time step taken =        0.1 s
Smallest adapted step size = 0.00237983 s
Number of steps shrunk due to error control = 70
Number of derivative evaluations = 0
Number of steps shrunk due to convergence-based failure = 29
Number of convergence-based step failures (should match) = 29
CENIC Statistics:
Number of solver iterations = 10772
Number of hessian factorizations = 10772
Number of linesearch iterations = 35431

JSON Statistics:
{
  "cenic_num_convex_solves": 761,
  "cenic_num_feasibility_calls": 761,
  "cenic_num_feasibility_rejections_full": 29,
  "cenic_num_feasibility_rejections_half1": 0,
  "cenic_num_feasibility_rejections_half2": 0,
  "cenic_num_geometry_queries": 418,
  "cenic_scene_num_surface_triangles": 6456,
  "cenic_scene_num_tetrahedra": 19368,
  "cenic_scene_num_velocities": 120,
  "cenic_time_feasibility": 2.3501356139999974,
  "cenic_time_geometry_queries": 3.482685099999998,
  "cenic_time_linearize": 0.0005550239999999999,
  "cenic_time_model_update": 3.7879467090000025,
  "cenic_time_problem_build": 0.30526160900000443,
  "cenic_time_solve": 16.554214224999985,
  "cenic_total_hessian_factorizations": 10772,
  "cenic_total_ls_iterations": 35431,
  "cenic_total_solver_iterations": 10772,
  "integrator_actual_initial_step_size_taken": 0.010000000000000002,
  "integrator_largest_step_size_taken": 0.10000000000000009,
  "integrator_num_derivative_evaluations": 0,
  "integrator_num_step_shrinkages_from_error_control": 70,
  "integrator_num_steps_taken": 174,
  "integrator_smallest_adapted_step_size_taken": 0.0023798292034840356
}
