
Wall clock time: 38.90053391456604

x_final: 1.6186914255338347

Summary written to /home/joe/tri/drake-private/project_plan/campaign2/data/heavy/spiral/bm2e-05-acc0.01-beta0.1/summary_demo.json
Step statistics written to /home/joe/tri/drake-private/project_plan/campaign2/data/heavy/spiral/bm2e-05-acc0.01-beta0.1/steps.tsv
General stats regarding discrete updates:
Number of time steps taken (simulator stats) = 1266
Number of publishes = 0
Number of discrete updates = 0
Number of "unrestricted" updates = 0

Stats for integrator CenicIntegrator with error control:
Number of time steps taken (integrator stats) = 1266
Initial time step taken =      0.005 s
Largest time step taken =        0.1 s
Smallest adapted step size = 0.000139496 s
Number of steps shrunk due to error control = 48
Number of derivative evaluations = 0
Number of steps shrunk due to convergence-based failure = 2440
Number of convergence-based step failures (should match) = 2440
CENIC Statistics:
Number of solver iterations = 43955
Number of hessian factorizations = 43955
Number of linesearch iterations = 22668

JSON Statistics:
{
  "cenic_num_convex_solves": 7445,
  "cenic_num_feasibility_calls": 7445,
  "cenic_num_feasibility_rejections_full": 1906,
  "cenic_num_feasibility_rejections_half1": 5,
  "cenic_num_feasibility_rejections_half2": 529,
  "cenic_num_geometry_queries": 3109,
  "cenic_scene_num_surface_triangles": 10080,
  "cenic_scene_num_tetrahedra": 54792,
  "cenic_scene_num_velocities": 6,
  "cenic_time_feasibility": 27.406136921999952,
  "cenic_time_geometry_queries": 8.017439054999993,
  "cenic_time_linearize": 0.01155270399999999,
  "cenic_time_model_update": 8.203646812,
  "cenic_time_problem_build": 0.18620775700000713,
  "cenic_time_solve": 2.8401067710000176,
  "cenic_total_hessian_factorizations": 43955,
  "cenic_total_ls_iterations": 22668,
  "cenic_total_solver_iterations": 43955,
  "integrator_actual_initial_step_size_taken": 0.005000000000000001,
  "integrator_largest_step_size_taken": 0.09999999999999964,
  "integrator_num_derivative_evaluations": 0,
  "integrator_num_step_shrinkages_from_error_control": 48,
  "integrator_num_steps_taken": 1266,
  "integrator_smallest_adapted_step_size_taken": 0.00013949573544106732
}
