AdvanceTo() time [sec]: 12.951334446
General stats regarding discrete updates:
Number of time steps taken (simulator stats) = 165
Number of publishes = 0
Number of discrete updates = 0
Number of "unrestricted" updates = 0

Stats for integrator CenicIntegrator with error control:
Number of time steps taken (integrator stats) = 165
Initial time step taken =       0.01 s
Largest time step taken =  0.0703274 s
Smallest adapted step size =  0.0012828 s
Number of steps shrunk due to error control = 39
Number of derivative evaluations = 0
Number of steps shrunk due to convergence-based failure = 74
Number of convergence-based step failures (should match) = 74
CENIC Statistics:
Number of solver iterations = 9223
Number of hessian factorizations = 9223
Number of linesearch iterations = 30747

JSON Statistics:
{
  "cenic_num_convex_solves": 694,
  "cenic_num_feasibility_calls": 694,
  "cenic_num_feasibility_rejections_full": 70,
  "cenic_num_feasibility_rejections_half1": 0,
  "cenic_num_feasibility_rejections_half2": 4,
  "cenic_num_geometry_queries": 373,
  "cenic_scene_num_surface_triangles": 6456,
  "cenic_scene_num_tetrahedra": 19368,
  "cenic_scene_num_velocities": 120,
  "cenic_time_feasibility": 1.8631801960000016,
  "cenic_time_geometry_queries": 1.563001323999999,
  "cenic_time_linearize": 0.0005161220000000003,
  "cenic_time_model_update": 1.731245798,
  "cenic_time_problem_build": 0.1682444740000011,
  "cenic_time_solve": 9.305113845999983,
  "cenic_total_hessian_factorizations": 9223,
  "cenic_total_ls_iterations": 30747,
  "cenic_total_solver_iterations": 9223,
  "integrator_actual_initial_step_size_taken": 0.010000000000000002,
  "integrator_largest_step_size_taken": 0.07032742386719537,
  "integrator_num_derivative_evaluations": 0,
  "integrator_num_step_shrinkages_from_error_control": 39,
  "integrator_num_steps_taken": 165,
  "integrator_smallest_adapted_step_size_taken": 0.0012827987691535153
}
