Static HTML written to /home/joe/tri/drake-private/project_plan/campaign2/data/html/spiral/bm2e-05-acc0.1-beta0.1/scene.html

Wall clock time: 28.2259418964386

x_final: 0.24816123792606326

Summary written to /home/joe/tri/drake-private/project_plan/campaign2/data/html/spiral/bm2e-05-acc0.1-beta0.1/summary_demo.json
General stats regarding discrete updates:
Number of time steps taken (simulator stats) = 918
Number of publishes = 1
Number of discrete updates = 0
Number of "unrestricted" updates = 0

Stats for integrator CenicIntegrator with error control:
Number of time steps taken (integrator stats) = 918
Initial time step taken =      0.005 s
Largest time step taken =        0.1 s
Smallest adapted step size = 5.96046e-05 s
Number of steps shrunk due to error control = 0
Number of derivative evaluations = 0
Number of steps shrunk due to convergence-based failure = 1928
Number of convergence-based step failures (should match) = 1928
CENIC Statistics:
Number of solver iterations = 28637
Number of hessian factorizations = 28637
Number of linesearch iterations = 14822

JSON Statistics:
{
  "cenic_num_convex_solves": 4911,
  "cenic_num_feasibility_calls": 4911,
  "cenic_num_feasibility_rejections_full": 1810,
  "cenic_num_feasibility_rejections_half1": 7,
  "cenic_num_feasibility_rejections_half2": 111,
  "cenic_num_geometry_queries": 1947,
  "cenic_scene_num_surface_triangles": 10080,
  "cenic_scene_num_tetrahedra": 54792,
  "cenic_scene_num_velocities": 6,
  "cenic_time_feasibility": 18.816749200999958,
  "cenic_time_geometry_queries": 6.906589732999983,
  "cenic_time_linearize": 0.003844074999999998,
  "cenic_time_model_update": 7.004969116999995,
  "cenic_time_problem_build": 0.09837938400001178,
  "cenic_time_solve": 2.29010101100001,
  "cenic_total_hessian_factorizations": 28637,
  "cenic_total_ls_iterations": 14822,
  "cenic_total_solver_iterations": 28637,
  "integrator_actual_initial_step_size_taken": 0.005000000000000001,
  "integrator_largest_step_size_taken": 0.10000000000000053,
  "integrator_num_derivative_evaluations": 0,
  "integrator_num_step_shrinkages_from_error_control": 0,
  "integrator_num_steps_taken": 918,
  "integrator_smallest_adapted_step_size_taken": 5.9604644775390625e-05
}
