AdvanceTo() time [sec]: 104.013983693
General stats regarding discrete updates:
Number of time steps taken (simulator stats) = 894
Number of publishes = 0
Number of discrete updates = 0
Number of "unrestricted" updates = 0

Stats for integrator CenicIntegrator with error control:
Number of time steps taken (integrator stats) = 894
Initial time step taken =       0.01 s
Largest time step taken =  0.0181735 s
Smallest adapted step size = 0.000311646 s
Number of steps shrunk due to error control = 356
Number of derivative evaluations = 0
Number of steps shrunk due to convergence-based failure = 28
Number of convergence-based step failures (should match) = 28
CENIC Statistics:
Number of solver iterations = 37255
Number of hessian factorizations = 37255
Number of linesearch iterations = 115138

JSON Statistics:
{
  "cenic_num_convex_solves": 3778,
  "cenic_num_feasibility_calls": 3778,
  "cenic_num_feasibility_rejections_full": 28,
  "cenic_num_feasibility_rejections_half1": 0,
  "cenic_num_feasibility_rejections_half2": 0,
  "cenic_num_geometry_queries": 2144,
  "cenic_scene_num_surface_triangles": 6456,
  "cenic_scene_num_tetrahedra": 19368,
  "cenic_scene_num_velocities": 120,
  "cenic_time_feasibility": 12.099944183999979,
  "cenic_time_geometry_queries": 19.894074821999993,
  "cenic_time_linearize": 0.003193605000000004,
  "cenic_time_model_update": 21.83883998100003,
  "cenic_time_problem_build": 1.9447651590000383,
  "cenic_time_solve": 69.54982288899986,
  "cenic_total_hessian_factorizations": 37255,
  "cenic_total_ls_iterations": 115138,
  "cenic_total_solver_iterations": 37255,
  "integrator_actual_initial_step_size_taken": 0.010000000000000002,
  "integrator_largest_step_size_taken": 0.018173475984458315,
  "integrator_num_derivative_evaluations": 0,
  "integrator_num_step_shrinkages_from_error_control": 356,
  "integrator_num_steps_taken": 894,
  "integrator_smallest_adapted_step_size_taken": 0.0003116455240721595
}
