Timing logs written to /home/joe/tri/drake-private/project_plan/campaign2/data/heavy/hero/barrier-acc0.01-beta0.1/times.csv

Wall clock time: 366.2517
Sim time  : 100.0000 seconds

Summary written to /home/joe/tri/drake-private/project_plan/campaign2/data/heavy/hero/barrier-acc0.01-beta0.1/summary_demo.json
Step statistics written to /home/joe/tri/drake-private/project_plan/campaign2/data/heavy/hero/barrier-acc0.01-beta0.1/steps.tsv
General stats regarding discrete updates:
Number of time steps taken (simulator stats) = 10114
Number of publishes = 0
Number of discrete updates = 0
Number of "unrestricted" updates = 0

Stats for integrator CenicIntegrator with error control:
Number of time steps taken (integrator stats) = 10114
Initial time step taken =      0.001 s
Largest time step taken =       0.01 s
Smallest adapted step size = 0.000390625 s
Number of steps shrunk due to error control = 18
Number of derivative evaluations = 0
Number of steps shrunk due to convergence-based failure = 211
Number of convergence-based step failures (should match) = 211
CENIC Statistics:
Number of solver iterations = 105964
Number of hessian factorizations = 105964
Number of linesearch iterations = 158374

JSON Statistics:
{
  "cenic_num_convex_solves": 30612,
  "cenic_num_feasibility_calls": 30612,
  "cenic_num_feasibility_rejections_full": 208,
  "cenic_num_feasibility_rejections_half1": 1,
  "cenic_num_feasibility_rejections_half2": 2,
  "cenic_num_geometry_queries": 20248,
  "cenic_scene_num_surface_triangles": 19036,
  "cenic_scene_num_tetrahedra": 55840,
  "cenic_scene_num_velocities": 42,
  "cenic_time_feasibility": 191.86310138600004,
  "cenic_time_geometry_queries": 95.46614142799994,
  "cenic_time_linearize": 5.190418469000003,
  "cenic_time_model_update": 103.94273677599938,
  "cenic_time_problem_build": 8.476595347999435,
  "cenic_time_solve": 59.87536175800011,
  "cenic_total_hessian_factorizations": 105964,
  "cenic_total_ls_iterations": 158374,
  "cenic_total_solver_iterations": 105964,
  "integrator_actual_initial_step_size_taken": 0.001,
  "integrator_largest_step_size_taken": 0.010000000000005116,
  "integrator_num_derivative_evaluations": 0,
  "integrator_num_step_shrinkages_from_error_control": 18,
  "integrator_num_steps_taken": 10114,
  "integrator_smallest_adapted_step_size_taken": 0.000390625
}
