
Wall clock time: 760.547824382782

x_final: 3.270972706409675e-05

Summary written to /home/joe/tri/drake-private/project_plan/campaign2/data/heavy/nut_and_bolt/acc0.001-beta0.01/summary_demo.json
Step statistics written to /home/joe/tri/drake-private/project_plan/campaign2/data/heavy/nut_and_bolt/acc0.001-beta0.01/steps.tsv
General stats regarding discrete updates:
Number of time steps taken (simulator stats) = 491
Number of publishes = 0
Number of discrete updates = 0
Number of "unrestricted" updates = 0

Stats for integrator CenicIntegrator with error control:
Number of time steps taken (integrator stats) = 491
Initial time step taken =       0.01 s
Largest time step taken =        0.1 s
Smallest adapted step size = 4.12937e-05 s
Number of steps shrunk due to error control = 82
Number of derivative evaluations = 0
Number of steps shrunk due to convergence-based failure = 201
Number of convergence-based step failures (should match) = 201
CENIC Statistics:
Number of solver iterations = 17443
Number of hessian factorizations = 17443
Number of linesearch iterations = 23694

JSON Statistics:
{
  "cenic_num_convex_solves": 1928,
  "cenic_num_feasibility_calls": 1928,
  "cenic_num_feasibility_rejections_full": 197,
  "cenic_num_feasibility_rejections_half1": 0,
  "cenic_num_feasibility_rejections_half2": 4,
  "cenic_num_geometry_queries": 1068,
  "cenic_scene_num_surface_triangles": 17614,
  "cenic_scene_num_tetrahedra": 52842,
  "cenic_scene_num_velocities": 6,
  "cenic_time_feasibility": 53.92940452799997,
  "cenic_time_geometry_queries": 675.4666297280004,
  "cenic_time_linearize": 0.027840160000000023,
  "cenic_time_model_update": 677.8338871599999,
  "cenic_time_problem_build": 2.367257431999519,
  "cenic_time_solve": 28.387869929000022,
  "cenic_total_hessian_factorizations": 17443,
  "cenic_total_ls_iterations": 23694,
  "cenic_total_solver_iterations": 17443,
  "integrator_actual_initial_step_size_taken": 0.010000000000000002,
  "integrator_largest_step_size_taken": 0.10000000000000009,
  "integrator_num_derivative_evaluations": 0,
  "integrator_num_step_shrinkages_from_error_control": 82,
  "integrator_num_steps_taken": 491,
  "integrator_smallest_adapted_step_size_taken": 4.1293741648991196e-05
}
