
Wall clock time: 37.2045841217041

x_final: 1.7076303945401432

Summary written to /home/joe/tri/drake-private/project_plan/campaign2/data/heavy/spiral/bm2e-05-acc0.01-beta1/summary_demo.json
Step statistics written to /home/joe/tri/drake-private/project_plan/campaign2/data/heavy/spiral/bm2e-05-acc0.01-beta1/steps.tsv
General stats regarding discrete updates:
Number of time steps taken (simulator stats) = 1395
Number of publishes = 0
Number of discrete updates = 0
Number of "unrestricted" updates = 0

Stats for integrator CenicIntegrator with error control:
Number of time steps taken (integrator stats) = 1395
Initial time step taken =      0.005 s
Largest time step taken =  0.0690112 s
Smallest adapted step size = 4.1889e-05 s
Number of steps shrunk due to error control = 20
Number of derivative evaluations = 0
Number of steps shrunk due to convergence-based failure = 2758
Number of convergence-based step failures (should match) = 2758
CENIC Statistics:
Number of solver iterations = 31783
Number of hessian factorizations = 31783
Number of linesearch iterations = 23999

JSON Statistics:
{
  "cenic_num_convex_solves": 7794,
  "cenic_num_feasibility_calls": 7794,
  "cenic_num_feasibility_rejections_full": 2360,
  "cenic_num_feasibility_rejections_half1": 5,
  "cenic_num_feasibility_rejections_half2": 393,
  "cenic_num_geometry_queries": 3203,
  "cenic_scene_num_surface_triangles": 10080,
  "cenic_scene_num_tetrahedra": 54792,
  "cenic_scene_num_velocities": 6,
  "cenic_time_feasibility": 26.181226838000043,
  "cenic_time_geometry_queries": 8.12708122200001,
  "cenic_time_linearize": 0.011847337999999995,
  "cenic_time_model_update": 8.324838278999998,
  "cenic_time_problem_build": 0.19775705699998802,
  "cenic_time_solve": 2.318823626000008,
  "cenic_total_hessian_factorizations": 31783,
  "cenic_total_ls_iterations": 23999,
  "cenic_total_solver_iterations": 31783,
  "integrator_actual_initial_step_size_taken": 0.005000000000000001,
  "integrator_largest_step_size_taken": 0.06901122145527872,
  "integrator_num_derivative_evaluations": 0,
  "integrator_num_step_shrinkages_from_error_control": 20,
  "integrator_num_steps_taken": 1395,
  "integrator_smallest_adapted_step_size_taken": 4.188904995335054e-05
}
