AdvanceTo() time [sec]: 198.2323176
General stats regarding discrete updates:
Number of time steps taken (simulator stats) = 1056
Number of publishes = 0
Number of discrete updates = 0
Number of "unrestricted" updates = 0

Stats for integrator CenicIntegrator with error control:
Number of time steps taken (integrator stats) = 1056
Initial time step taken =       0.01 s
Largest time step taken =  0.0272244 s
Smallest adapted step size = 2.47836e-05 s
Number of steps shrunk due to error control = 747
Number of derivative evaluations = 0
Number of steps shrunk due to convergence-based failure = 12
Number of convergence-based step failures (should match) = 12
CENIC Statistics:
Number of solver iterations = 43027
Number of hessian factorizations = 43027
Number of linesearch iterations = 112804

JSON Statistics:
{
  "cenic_num_convex_solves": 5421,
  "cenic_num_feasibility_calls": 5421,
  "cenic_num_feasibility_rejections_full": 12,
  "cenic_num_feasibility_rejections_half1": 0,
  "cenic_num_feasibility_rejections_half2": 0,
  "cenic_num_geometry_queries": 2859,
  "cenic_scene_num_surface_triangles": 4148,
  "cenic_scene_num_tetrahedra": 12444,
  "cenic_scene_num_velocities": 120,
  "cenic_time_feasibility": 48.205039581000065,
  "cenic_time_geometry_queries": 43.071562816000075,
  "cenic_time_linearize": 0.0019204660000000022,
  "cenic_time_model_update": 45.29161665200001,
  "cenic_time_problem_build": 2.2200538359999342,
  "cenic_time_solve": 104.13897253300004,
  "cenic_total_hessian_factorizations": 43027,
  "cenic_total_ls_iterations": 112804,
  "cenic_total_solver_iterations": 43027,
  "integrator_actual_initial_step_size_taken": 0.010000000000000002,
  "integrator_largest_step_size_taken": 0.027224379607233562,
  "integrator_num_derivative_evaluations": 0,
  "integrator_num_step_shrinkages_from_error_control": 747,
  "integrator_num_steps_taken": 1056,
  "integrator_smallest_adapted_step_size_taken": 2.478355766041886e-05
}
