AdvanceTo() time [sec]: 50.614671003
General stats regarding discrete updates:
Number of time steps taken (simulator stats) = 609
Number of publishes = 0
Number of discrete updates = 0
Number of "unrestricted" updates = 0

Stats for integrator CenicIntegrator with error control:
Number of time steps taken (integrator stats) = 609
Initial time step taken =       0.01 s
Largest time step taken =   0.038947 s
Smallest adapted step size = 0.000330734 s
Number of steps shrunk due to error control = 304
Number of derivative evaluations = 0
Number of steps shrunk due to convergence-based failure = 36
Number of convergence-based step failures (should match) = 36
CENIC Statistics:
Number of solver iterations = 33369
Number of hessian factorizations = 33369
Number of linesearch iterations = 121948

JSON Statistics:
{
  "cenic_num_convex_solves": 2775,
  "cenic_num_feasibility_calls": 2775,
  "cenic_num_feasibility_rejections_full": 36,
  "cenic_num_feasibility_rejections_half1": 0,
  "cenic_num_feasibility_rejections_half2": 0,
  "cenic_num_geometry_queries": 1522,
  "cenic_scene_num_surface_triangles": 6456,
  "cenic_scene_num_tetrahedra": 19368,
  "cenic_scene_num_velocities": 120,
  "cenic_time_feasibility": 8.628368324999991,
  "cenic_time_geometry_queries": 7.365334451999995,
  "cenic_time_linearize": 0.0021716919999999994,
  "cenic_time_model_update": 8.061149629999996,
  "cenic_time_problem_build": 0.695815178000001,
  "cenic_time_solve": 33.67436964600003,
  "cenic_total_hessian_factorizations": 33369,
  "cenic_total_ls_iterations": 121948,
  "cenic_total_solver_iterations": 33369,
  "integrator_actual_initial_step_size_taken": 0.010000000000000002,
  "integrator_largest_step_size_taken": 0.03894698153088072,
  "integrator_num_derivative_evaluations": 0,
  "integrator_num_step_shrinkages_from_error_control": 304,
  "integrator_num_steps_taken": 609,
  "integrator_smallest_adapted_step_size_taken": 0.00033073372870792396
}
