AdvanceTo() time [sec]: 48.902690054
General stats regarding discrete updates:
Number of time steps taken (simulator stats) = 301
Number of publishes = 0
Number of discrete updates = 0
Number of "unrestricted" updates = 0

Stats for integrator CenicIntegrator with error control:
Number of time steps taken (integrator stats) = 301
Initial time step taken =       0.01 s
Largest time step taken =        0.1 s
Smallest adapted step size = 0.000224821 s
Number of steps shrunk due to error control = 127
Number of derivative evaluations = 0
Number of steps shrunk due to convergence-based failure = 69
Number of convergence-based step failures (should match) = 69
CENIC Statistics:
Number of solver iterations = 18362
Number of hessian factorizations = 18362
Number of linesearch iterations = 52026

JSON Statistics:
{
  "cenic_num_convex_solves": 1355,
  "cenic_num_feasibility_calls": 1355,
  "cenic_num_feasibility_rejections_full": 68,
  "cenic_num_feasibility_rejections_half1": 0,
  "cenic_num_feasibility_rejections_half2": 1,
  "cenic_num_geometry_queries": 730,
  "cenic_scene_num_surface_triangles": 4148,
  "cenic_scene_num_tetrahedra": 12444,
  "cenic_scene_num_velocities": 120,
  "cenic_time_feasibility": 9.156560491999993,
  "cenic_time_geometry_queries": 8.683969380999997,
  "cenic_time_linearize": 0.0006453520000000007,
  "cenic_time_model_update": 9.155673290999989,
  "cenic_time_problem_build": 0.47170390999999157,
  "cenic_time_solve": 30.467935285999978,
  "cenic_total_hessian_factorizations": 18362,
  "cenic_total_ls_iterations": 52026,
  "cenic_total_solver_iterations": 18362,
  "integrator_actual_initial_step_size_taken": 0.010000000000000002,
  "integrator_largest_step_size_taken": 0.10000000000000009,
  "integrator_num_derivative_evaluations": 0,
  "integrator_num_step_shrinkages_from_error_control": 127,
  "integrator_num_steps_taken": 301,
  "integrator_smallest_adapted_step_size_taken": 0.00022482100039917242
}
