AdvanceTo() time [sec]: 66.9961528
General stats regarding discrete updates:
Number of time steps taken (simulator stats) = 325
Number of publishes = 0
Number of discrete updates = 0
Number of "unrestricted" updates = 0

Stats for integrator CenicIntegrator with error control:
Number of time steps taken (integrator stats) = 325
Initial time step taken =       0.01 s
Largest time step taken =        0.1 s
Smallest adapted step size = 9.99129e-05 s
Number of steps shrunk due to error control = 47
Number of derivative evaluations = 0
Number of steps shrunk due to convergence-based failure = 238
Number of convergence-based step failures (should match) = 238
CENIC Statistics:
Number of solver iterations = 18471
Number of hessian factorizations = 18471
Number of linesearch iterations = 46622

JSON Statistics:
{
  "cenic_num_convex_solves": 1374,
  "cenic_num_feasibility_calls": 1374,
  "cenic_num_feasibility_rejections_full": 228,
  "cenic_num_feasibility_rejections_half1": 0,
  "cenic_num_feasibility_rejections_half2": 10,
  "cenic_num_geometry_queries": 707,
  "cenic_scene_num_surface_triangles": 4148,
  "cenic_scene_num_tetrahedra": 12444,
  "cenic_scene_num_velocities": 120,
  "cenic_time_feasibility": 7.0658821110000005,
  "cenic_time_geometry_queries": 11.868482353000005,
  "cenic_time_linearize": 0.0006769740000000002,
  "cenic_time_model_update": 12.534069476000003,
  "cenic_time_problem_build": 0.6655871229999981,
  "cenic_time_solve": 47.204022932,
  "cenic_total_hessian_factorizations": 18471,
  "cenic_total_ls_iterations": 46622,
  "cenic_total_solver_iterations": 18471,
  "integrator_actual_initial_step_size_taken": 0.010000000000000002,
  "integrator_largest_step_size_taken": 0.10000000000000009,
  "integrator_num_derivative_evaluations": 0,
  "integrator_num_step_shrinkages_from_error_control": 47,
  "integrator_num_steps_taken": 325,
  "integrator_smallest_adapted_step_size_taken": 9.991292345537737e-05
}
