
Wall clock time: 54.47368931770325

x_final: 1.4829284825614573

Summary written to /home/joe/tri/drake-private/project_plan/campaign2/data/heavy/spiral/bm1e-05-acc0.1-beta0.1/summary_demo.json
Step statistics written to /home/joe/tri/drake-private/project_plan/campaign2/data/heavy/spiral/bm1e-05-acc0.1-beta0.1/steps.tsv
General stats regarding discrete updates:
Number of time steps taken (simulator stats) = 1919
Number of publishes = 0
Number of discrete updates = 0
Number of "unrestricted" updates = 0

Stats for integrator CenicIntegrator with error control:
Number of time steps taken (integrator stats) = 1919
Initial time step taken =      0.005 s
Largest time step taken =        0.1 s
Smallest adapted step size = 0.000103289 s
Number of steps shrunk due to error control = 1
Number of derivative evaluations = 0
Number of steps shrunk due to convergence-based failure = 4336
Number of convergence-based step failures (should match) = 4336
CENIC Statistics:
Number of solver iterations = 51360
Number of hessian factorizations = 51360
Number of linesearch iterations = 37306

JSON Statistics:
{
  "cenic_num_convex_solves": 11188,
  "cenic_num_feasibility_calls": 11188,
  "cenic_num_feasibility_rejections_full": 3779,
  "cenic_num_feasibility_rejections_half1": 22,
  "cenic_num_feasibility_rejections_half2": 535,
  "cenic_num_geometry_queries": 4374,
  "cenic_scene_num_surface_triangles": 10080,
  "cenic_scene_num_tetrahedra": 54792,
  "cenic_scene_num_velocities": 6,
  "cenic_time_feasibility": 39.69236673000027,
  "cenic_time_geometry_queries": 11.25083976600002,
  "cenic_time_linearize": 0.021747449000000047,
  "cenic_time_model_update": 11.500155014999994,
  "cenic_time_problem_build": 0.2493152489999737,
  "cenic_time_solve": 2.5557974850000122,
  "cenic_total_hessian_factorizations": 51360,
  "cenic_total_ls_iterations": 37306,
  "cenic_total_solver_iterations": 51360,
  "integrator_actual_initial_step_size_taken": 0.005000000000000001,
  "integrator_largest_step_size_taken": 0.09999999999999964,
  "integrator_num_derivative_evaluations": 0,
  "integrator_num_step_shrinkages_from_error_control": 1,
  "integrator_num_steps_taken": 1919,
  "integrator_smallest_adapted_step_size_taken": 0.00010328870491120004
}
