AdvanceTo() time [sec]: 9.940762056
General stats regarding discrete updates:
Number of time steps taken (simulator stats) = 90
Number of publishes = 0
Number of discrete updates = 0
Number of "unrestricted" updates = 0

Stats for integrator CenicIntegrator with error control:
Number of time steps taken (integrator stats) = 90
Initial time step taken =       0.01 s
Largest time step taken =        0.1 s
Smallest adapted step size = 0.00207272 s
Number of steps shrunk due to error control = 2
Number of derivative evaluations = 0
Number of steps shrunk due to convergence-based failure = 70
Number of convergence-based step failures (should match) = 70
CENIC Statistics:
Number of solver iterations = 5271
Number of hessian factorizations = 5271
Number of linesearch iterations = 18137

JSON Statistics:
{
  "cenic_num_convex_solves": 352,
  "cenic_num_feasibility_calls": 352,
  "cenic_num_feasibility_rejections_full": 67,
  "cenic_num_feasibility_rejections_half1": 0,
  "cenic_num_feasibility_rejections_half2": 3,
  "cenic_num_geometry_queries": 185,
  "cenic_scene_num_surface_triangles": 6456,
  "cenic_scene_num_tetrahedra": 19368,
  "cenic_scene_num_velocities": 120,
  "cenic_time_feasibility": 1.1963237069999997,
  "cenic_time_geometry_queries": 1.2840201930000001,
  "cenic_time_linearize": 0.00021836800000000003,
  "cenic_time_model_update": 1.3888699029999994,
  "cenic_time_problem_build": 0.10484970999999921,
  "cenic_time_solve": 7.328791790999996,
  "cenic_total_hessian_factorizations": 5271,
  "cenic_total_ls_iterations": 18137,
  "cenic_total_solver_iterations": 5271,
  "integrator_actual_initial_step_size_taken": 0.010000000000000002,
  "integrator_largest_step_size_taken": 0.10000000000000009,
  "integrator_num_derivative_evaluations": 0,
  "integrator_num_step_shrinkages_from_error_control": 2,
  "integrator_num_steps_taken": 90,
  "integrator_smallest_adapted_step_size_taken": 0.00207271687344992
}
