AdvanceTo() time [sec]: 47.662637354
General stats regarding discrete updates:
Number of time steps taken (simulator stats) = 105
Number of publishes = 0
Number of discrete updates = 0
Number of "unrestricted" updates = 0

Stats for integrator CenicIntegrator with error control:
Number of time steps taken (integrator stats) = 105
Initial time step taken =       0.01 s
Largest time step taken =        0.1 s
Smallest adapted step size = 0.00103482 s
Number of steps shrunk due to error control = 0
Number of derivative evaluations = 0
Number of steps shrunk due to convergence-based failure = 79
Number of convergence-based step failures (should match) = 79
CENIC Statistics:
Number of solver iterations = 3725
Number of hessian factorizations = 3725
Number of linesearch iterations = 10243

JSON Statistics:
{
  "cenic_num_feasibility_rejections_full": 74,
  "cenic_num_feasibility_rejections_half1": 0,
  "cenic_num_feasibility_rejections_half2": 5,
  "cenic_time_feasibility": 5.3814093150000035,
  "cenic_time_linearize": 0.000277941,
  "cenic_time_model_update": 27.042378676999995,
  "cenic_time_solve": 15.169845298000007,
  "cenic_total_hessian_factorizations": 3725,
  "cenic_total_ls_iterations": 10243,
  "cenic_total_solver_iterations": 3725,
  "integrator_actual_initial_step_size_taken": 0.010000000000000002,
  "integrator_largest_step_size_taken": 0.10000000000000009,
  "integrator_num_derivative_evaluations": 0,
  "integrator_num_step_shrinkages_from_error_control": 0,
  "integrator_num_steps_taken": 105,
  "integrator_smallest_adapted_step_size_taken": 0.0010348229533704164
}
