AdvanceTo() time [sec]: 106.459246248
General stats regarding discrete updates:
Number of time steps taken (simulator stats) = 365
Number of publishes = 0
Number of discrete updates = 0
Number of "unrestricted" updates = 0

Stats for integrator CenicIntegrator with error control:
Number of time steps taken (integrator stats) = 365
Initial time step taken =       0.01 s
Largest time step taken =        0.1 s
Smallest adapted step size = 9.53174e-05 s
Number of steps shrunk due to error control = 16
Number of derivative evaluations = 0
Number of steps shrunk due to convergence-based failure = 367
Number of convergence-based step failures (should match) = 367
CENIC Statistics:
Number of solver iterations = 23729
Number of hessian factorizations = 23729
Number of linesearch iterations = 72124

JSON Statistics:
{
  "cenic_num_convex_solves": 1545,
  "cenic_num_feasibility_calls": 1545,
  "cenic_num_feasibility_rejections_full": 346,
  "cenic_num_feasibility_rejections_half1": 7,
  "cenic_num_feasibility_rejections_half2": 14,
  "cenic_num_geometry_queries": 760,
  "cenic_scene_num_surface_triangles": 4148,
  "cenic_scene_num_tetrahedra": 12444,
  "cenic_scene_num_velocities": 120,
  "cenic_time_feasibility": 10.141112832000008,
  "cenic_time_geometry_queries": 16.281019133000008,
  "cenic_time_linearize": 0.0008493680000000003,
  "cenic_time_model_update": 17.150985906999995,
  "cenic_time_problem_build": 0.8699667739999875,
  "cenic_time_solve": 78.89136385200008,
  "cenic_total_hessian_factorizations": 23729,
  "cenic_total_ls_iterations": 72124,
  "cenic_total_solver_iterations": 23729,
  "integrator_actual_initial_step_size_taken": 0.010000000000000002,
  "integrator_largest_step_size_taken": 0.10000000000000009,
  "integrator_num_derivative_evaluations": 0,
  "integrator_num_step_shrinkages_from_error_control": 16,
  "integrator_num_steps_taken": 365,
  "integrator_smallest_adapted_step_size_taken": 9.531740140241732e-05
}
