
Wall clock time: 118.32564949989319

x_final: 1.4161631998639395

Summary written to /home/joe/tri/drake-private/project_plan/campaign2/data/heavy/spiral/bm0.0001-acc0.001-beta0.1/summary_demo.json
Step statistics written to /home/joe/tri/drake-private/project_plan/campaign2/data/heavy/spiral/bm0.0001-acc0.001-beta0.1/steps.tsv
General stats regarding discrete updates:
Number of time steps taken (simulator stats) = 1678
Number of publishes = 0
Number of discrete updates = 0
Number of "unrestricted" updates = 0

Stats for integrator CenicIntegrator with error control:
Number of time steps taken (integrator stats) = 1678
Initial time step taken =      0.005 s
Largest time step taken =        0.1 s
Smallest adapted step size = 0.000121421 s
Number of steps shrunk due to error control = 1110
Number of derivative evaluations = 0
Number of steps shrunk due to convergence-based failure = 195
Number of convergence-based step failures (should match) = 195
CENIC Statistics:
Number of solver iterations = 49120
Number of hessian factorizations = 49120
Number of linesearch iterations = 27953

JSON Statistics:
{
  "cenic_num_convex_solves": 8621,
  "cenic_num_feasibility_calls": 8621,
  "cenic_num_feasibility_rejections_full": 164,
  "cenic_num_feasibility_rejections_half1": 0,
  "cenic_num_feasibility_rejections_half2": 31,
  "cenic_num_geometry_queries": 4497,
  "cenic_scene_num_surface_triangles": 10080,
  "cenic_scene_num_tetrahedra": 54792,
  "cenic_scene_num_velocities": 6,
  "cenic_time_feasibility": 43.368035008000255,
  "cenic_time_geometry_queries": 50.235310348999946,
  "cenic_time_linearize": 0.008098465000000013,
  "cenic_time_model_update": 51.92742984100006,
  "cenic_time_problem_build": 1.692119492000117,
  "cenic_time_solve": 22.223892612000032,
  "cenic_total_hessian_factorizations": 49120,
  "cenic_total_ls_iterations": 27953,
  "cenic_total_solver_iterations": 49120,
  "integrator_actual_initial_step_size_taken": 0.005000000000000001,
  "integrator_largest_step_size_taken": 0.09999999999999964,
  "integrator_num_derivative_evaluations": 0,
  "integrator_num_step_shrinkages_from_error_control": 1110,
  "integrator_num_steps_taken": 1678,
  "integrator_smallest_adapted_step_size_taken": 0.00012142107352060265
}
