AdvanceTo() time [sec]: 153.542187545
General stats regarding discrete updates:
Number of time steps taken (simulator stats) = 349
Number of publishes = 0
Number of discrete updates = 0
Number of "unrestricted" updates = 0

Stats for integrator CenicIntegrator with error control:
Number of time steps taken (integrator stats) = 349
Initial time step taken =       0.01 s
Largest time step taken =        0.1 s
Smallest adapted step size = 4.97049e-05 s
Number of steps shrunk due to error control = 195
Number of derivative evaluations = 0
Number of steps shrunk due to convergence-based failure = 82
Number of convergence-based step failures (should match) = 82
CENIC Statistics:
Number of solver iterations = 29933
Number of hessian factorizations = 29933
Number of linesearch iterations = 121202

JSON Statistics:
{
  "cenic_num_convex_solves": 1717,
  "cenic_num_feasibility_calls": 1717,
  "cenic_num_feasibility_rejections_full": 80,
  "cenic_num_feasibility_rejections_half1": 1,
  "cenic_num_feasibility_rejections_half2": 1,
  "cenic_num_geometry_queries": 894,
  "cenic_scene_num_surface_triangles": 4148,
  "cenic_scene_num_tetrahedra": 12444,
  "cenic_scene_num_velocities": 120,
  "cenic_time_feasibility": 13.707984131000002,
  "cenic_time_geometry_queries": 20.411361339000013,
  "cenic_time_linearize": 0.0013134050000000006,
  "cenic_time_model_update": 21.648367441000012,
  "cenic_time_problem_build": 1.2370061019999987,
  "cenic_time_solve": 117.82539022700007,
  "cenic_total_hessian_factorizations": 29933,
  "cenic_total_ls_iterations": 121202,
  "cenic_total_solver_iterations": 29933,
  "integrator_actual_initial_step_size_taken": 0.010000000000000002,
  "integrator_largest_step_size_taken": 0.10000000000000009,
  "integrator_num_derivative_evaluations": 0,
  "integrator_num_step_shrinkages_from_error_control": 195,
  "integrator_num_steps_taken": 349,
  "integrator_smallest_adapted_step_size_taken": 4.970492424311503e-05
}
