
Wall clock time: 60.12798571586609

x_final: 0.45393298833806184

Summary written to /home/joe/tri/drake-private/project_plan/campaign2/data/heavy/spiral/bm0.0001-acc0.01-beta0.1/summary_demo.json
Step statistics written to /home/joe/tri/drake-private/project_plan/campaign2/data/heavy/spiral/bm0.0001-acc0.01-beta0.1/steps.tsv
General stats regarding discrete updates:
Number of time steps taken (simulator stats) = 624
Number of publishes = 0
Number of discrete updates = 0
Number of "unrestricted" updates = 0

Stats for integrator CenicIntegrator with error control:
Number of time steps taken (integrator stats) = 624
Initial time step taken =      0.005 s
Largest time step taken =        0.1 s
Smallest adapted step size = 0.00039604 s
Number of steps shrunk due to error control = 376
Number of derivative evaluations = 0
Number of steps shrunk due to convergence-based failure = 237
Number of convergence-based step failures (should match) = 237
CENIC Statistics:
Number of solver iterations = 26486
Number of hessian factorizations = 26486
Number of linesearch iterations = 16958

JSON Statistics:
{
  "cenic_num_convex_solves": 3341,
  "cenic_num_feasibility_calls": 3341,
  "cenic_num_feasibility_rejections_full": 185,
  "cenic_num_feasibility_rejections_half1": 0,
  "cenic_num_feasibility_rejections_half2": 52,
  "cenic_num_geometry_queries": 1676,
  "cenic_scene_num_surface_triangles": 10080,
  "cenic_scene_num_tetrahedra": 54792,
  "cenic_scene_num_velocities": 6,
  "cenic_time_feasibility": 23.08104302099997,
  "cenic_time_geometry_queries": 21.23706705699999,
  "cenic_time_linearize": 0.004928628999999995,
  "cenic_time_model_update": 21.950735941999962,
  "cenic_time_problem_build": 0.7136688849999722,
  "cenic_time_solve": 14.745582146000025,
  "cenic_total_hessian_factorizations": 26486,
  "cenic_total_ls_iterations": 16958,
  "cenic_total_solver_iterations": 26486,
  "integrator_actual_initial_step_size_taken": 0.005000000000000001,
  "integrator_largest_step_size_taken": 0.09999999999999964,
  "integrator_num_derivative_evaluations": 0,
  "integrator_num_step_shrinkages_from_error_control": 376,
  "integrator_num_steps_taken": 624,
  "integrator_smallest_adapted_step_size_taken": 0.00039604008781227737
}
