
Wall clock time: 15.250168800354004

x_final: 0.1202456694927481

Summary written to /home/joe/tri/drake-private/project_plan/campaign2/data/heavy/spiral/bm0.0001-acc0.1-beta0.01/summary_demo.json
Step statistics written to /home/joe/tri/drake-private/project_plan/campaign2/data/heavy/spiral/bm0.0001-acc0.1-beta0.01/steps.tsv
General stats regarding discrete updates:
Number of time steps taken (simulator stats) = 166
Number of publishes = 0
Number of discrete updates = 0
Number of "unrestricted" updates = 0

Stats for integrator CenicIntegrator with error control:
Number of time steps taken (integrator stats) = 166
Initial time step taken =      0.005 s
Largest time step taken =        0.1 s
Smallest adapted step size = 0.00462807 s
Number of steps shrunk due to error control = 0
Number of derivative evaluations = 0
Number of steps shrunk due to convergence-based failure = 143
Number of convergence-based step failures (should match) = 143
CENIC Statistics:
Number of solver iterations = 7430
Number of hessian factorizations = 7430
Number of linesearch iterations = 10546

JSON Statistics:
{
  "cenic_num_convex_solves": 718,
  "cenic_num_feasibility_calls": 718,
  "cenic_num_feasibility_rejections_full": 102,
  "cenic_num_feasibility_rejections_half1": 5,
  "cenic_num_feasibility_rejections_half2": 36,
  "cenic_num_geometry_queries": 368,
  "cenic_scene_num_surface_triangles": 10080,
  "cenic_scene_num_tetrahedra": 54792,
  "cenic_scene_num_velocities": 6,
  "cenic_time_feasibility": 5.405518884999997,
  "cenic_time_geometry_queries": 5.2798774850000045,
  "cenic_time_linearize": 0.0013124069999999998,
  "cenic_time_model_update": 5.451674237000002,
  "cenic_time_problem_build": 0.1717967519999979,
  "cenic_time_solve": 4.327726045999993,
  "cenic_total_hessian_factorizations": 7430,
  "cenic_total_ls_iterations": 10546,
  "cenic_total_solver_iterations": 7430,
  "integrator_actual_initial_step_size_taken": 0.005000000000000001,
  "integrator_largest_step_size_taken": 0.10000000000000053,
  "integrator_num_derivative_evaluations": 0,
  "integrator_num_step_shrinkages_from_error_control": 0,
  "integrator_num_steps_taken": 166,
  "integrator_smallest_adapted_step_size_taken": 0.004628068928866735
}
