AdvanceTo() time [sec]: 76.333098964
General stats regarding discrete updates:
Number of time steps taken (simulator stats) = 444
Number of publishes = 0
Number of discrete updates = 0
Number of "unrestricted" updates = 0

Stats for integrator CenicIntegrator with error control:
Number of time steps taken (integrator stats) = 444
Initial time step taken =       0.01 s
Largest time step taken =  0.0217778 s
Smallest adapted step size = 0.000200204 s
Number of steps shrunk due to error control = 0
Number of derivative evaluations = 0
Number of steps shrunk due to convergence-based failure = 471
Number of convergence-based step failures (should match) = 471
CENIC Statistics:
Number of solver iterations = 16242
Number of hessian factorizations = 16242
Number of linesearch iterations = 44479

JSON Statistics:
{
  "cenic_num_convex_solves": 1823,
  "cenic_num_feasibility_calls": 1823,
  "cenic_num_feasibility_rejections_full": 461,
  "cenic_num_feasibility_rejections_half1": 0,
  "cenic_num_feasibility_rejections_half2": 10,
  "cenic_num_geometry_queries": 898,
  "cenic_scene_num_surface_triangles": 4148,
  "cenic_scene_num_tetrahedra": 12444,
  "cenic_scene_num_velocities": 120,
  "cenic_time_feasibility": 14.360277321000005,
  "cenic_time_geometry_queries": 16.358539465000003,
  "cenic_time_linearize": 0.0018201109999999993,
  "cenic_time_model_update": 17.33270738899999,
  "cenic_time_problem_build": 0.9741679239999854,
  "cenic_time_solve": 44.316634763000025,
  "cenic_total_hessian_factorizations": 16242,
  "cenic_total_ls_iterations": 44479,
  "cenic_total_solver_iterations": 16242,
  "integrator_actual_initial_step_size_taken": 0.010000000000000002,
  "integrator_largest_step_size_taken": 0.021777832703861577,
  "integrator_num_derivative_evaluations": 0,
  "integrator_num_step_shrinkages_from_error_control": 0,
  "integrator_num_steps_taken": 444,
  "integrator_smallest_adapted_step_size_taken": 0.0002002039254128111
}
