
Wall clock time: 28.731996059417725

x_final: 0.8910354679741709

Summary written to /home/joe/tri/drake-private/project_plan/campaign2/data/heavy/spiral/bm5e-05-acc0.1-beta0.1/summary_demo.json
Step statistics written to /home/joe/tri/drake-private/project_plan/campaign2/data/heavy/spiral/bm5e-05-acc0.1-beta0.1/steps.tsv
General stats regarding discrete updates:
Number of time steps taken (simulator stats) = 664
Number of publishes = 0
Number of discrete updates = 0
Number of "unrestricted" updates = 0

Stats for integrator CenicIntegrator with error control:
Number of time steps taken (integrator stats) = 664
Initial time step taken =      0.005 s
Largest time step taken =        0.1 s
Smallest adapted step size = 8.41623e-05 s
Number of steps shrunk due to error control = 0
Number of derivative evaluations = 0
Number of steps shrunk due to convergence-based failure = 1380
Number of convergence-based step failures (should match) = 1380
CENIC Statistics:
Number of solver iterations = 27175
Number of hessian factorizations = 27175
Number of linesearch iterations = 14013

JSON Statistics:
{
  "cenic_num_convex_solves": 3911,
  "cenic_num_feasibility_calls": 3911,
  "cenic_num_feasibility_rejections_full": 1110,
  "cenic_num_feasibility_rejections_half1": 1,
  "cenic_num_feasibility_rejections_half2": 269,
  "cenic_num_geometry_queries": 1597,
  "cenic_scene_num_surface_triangles": 10080,
  "cenic_scene_num_tetrahedra": 54792,
  "cenic_scene_num_velocities": 6,
  "cenic_time_feasibility": 17.243094269000018,
  "cenic_time_geometry_queries": 6.554364792000003,
  "cenic_time_linearize": 0.005850718000000009,
  "cenic_time_model_update": 6.736537723000003,
  "cenic_time_problem_build": 0.1821729310000002,
  "cenic_time_solve": 4.52092667900001,
  "cenic_total_hessian_factorizations": 27175,
  "cenic_total_ls_iterations": 14013,
  "cenic_total_solver_iterations": 27175,
  "integrator_actual_initial_step_size_taken": 0.005000000000000001,
  "integrator_largest_step_size_taken": 0.10000000000000053,
  "integrator_num_derivative_evaluations": 0,
  "integrator_num_step_shrinkages_from_error_control": 0,
  "integrator_num_steps_taken": 664,
  "integrator_smallest_adapted_step_size_taken": 8.416228804051621e-05
}
