AdvanceTo() time [sec]: 59.710048711
General stats regarding discrete updates:
Number of time steps taken (simulator stats) = 309
Number of publishes = 0
Number of discrete updates = 0
Number of "unrestricted" updates = 0

Stats for integrator CenicIntegrator with error control:
Number of time steps taken (integrator stats) = 309
Initial time step taken =       0.01 s
Largest time step taken =   0.022885 s
Smallest adapted step size = 0.000174681 s
Number of steps shrunk due to error control = 106
Number of derivative evaluations = 0
Number of steps shrunk due to convergence-based failure = 72
Number of convergence-based step failures (should match) = 72
CENIC Statistics:
Number of solver iterations = 15208
Number of hessian factorizations = 15208
Number of linesearch iterations = 48588

JSON Statistics:
{
  "cenic_num_convex_solves": 1317,
  "cenic_num_feasibility_calls": 1317,
  "cenic_num_feasibility_rejections_full": 72,
  "cenic_num_feasibility_rejections_half1": 0,
  "cenic_num_feasibility_rejections_half2": 0,
  "cenic_num_geometry_queries": 724,
  "cenic_scene_num_surface_triangles": 4148,
  "cenic_scene_num_tetrahedra": 12444,
  "cenic_scene_num_velocities": 120,
  "cenic_time_feasibility": 14.447128381,
  "cenic_time_geometry_queries": 11.073176412000004,
  "cenic_time_linearize": 0.0006803310000000003,
  "cenic_time_model_update": 11.657896648000001,
  "cenic_time_problem_build": 0.5847202359999972,
  "cenic_time_solve": 33.483010885000034,
  "cenic_total_hessian_factorizations": 15208,
  "cenic_total_ls_iterations": 48588,
  "cenic_total_solver_iterations": 15208,
  "integrator_actual_initial_step_size_taken": 0.010000000000000002,
  "integrator_largest_step_size_taken": 0.022885037263398633,
  "integrator_num_derivative_evaluations": 0,
  "integrator_num_step_shrinkages_from_error_control": 106,
  "integrator_num_steps_taken": 309,
  "integrator_smallest_adapted_step_size_taken": 0.00017468130286452926
}
