AdvanceTo() time [sec]: 30.477691565
General stats regarding discrete updates:
Number of time steps taken (simulator stats) = 138
Number of publishes = 0
Number of discrete updates = 0
Number of "unrestricted" updates = 0

Stats for integrator CenicIntegrator with error control:
Number of time steps taken (integrator stats) = 138
Initial time step taken =       0.01 s
Largest time step taken =        0.1 s
Smallest adapted step size = 0.00105772 s
Number of steps shrunk due to error control = 36
Number of derivative evaluations = 0
Number of steps shrunk due to convergence-based failure = 49
Number of convergence-based step failures (should match) = 49
CENIC Statistics:
Number of solver iterations = 6336
Number of hessian factorizations = 6336
Number of linesearch iterations = 18771

JSON Statistics:
{
  "cenic_num_feasibility_rejections_full": 47,
  "cenic_num_feasibility_rejections_half1": 0,
  "cenic_num_feasibility_rejections_half2": 2,
  "cenic_time_feasibility": 4.938041250999998,
  "cenic_time_linearize": 0.00035958400000000003,
  "cenic_time_model_update": 10.327419395999993,
  "cenic_time_solve": 15.143271020000002,
  "cenic_total_hessian_factorizations": 6336,
  "cenic_total_ls_iterations": 18771,
  "cenic_total_solver_iterations": 6336,
  "integrator_actual_initial_step_size_taken": 0.010000000000000002,
  "integrator_largest_step_size_taken": 0.10000000000000009,
  "integrator_num_derivative_evaluations": 0,
  "integrator_num_step_shrinkages_from_error_control": 36,
  "integrator_num_steps_taken": 138,
  "integrator_smallest_adapted_step_size_taken": 0.001057723179541223
}
