
Wall clock time: 55.70134902000427

x_final: 1.704061519133589

Summary written to /home/joe/tri/drake-private/project_plan/campaign2/data/heavy/spiral/bm1e-05-acc0.001-beta1/summary_demo.json
Step statistics written to /home/joe/tri/drake-private/project_plan/campaign2/data/heavy/spiral/bm1e-05-acc0.001-beta1/steps.tsv
General stats regarding discrete updates:
Number of time steps taken (simulator stats) = 2231
Number of publishes = 0
Number of discrete updates = 0
Number of "unrestricted" updates = 0

Stats for integrator CenicIntegrator with error control:
Number of time steps taken (integrator stats) = 2231
Initial time step taken =      0.005 s
Largest time step taken =  0.0392697 s
Smallest adapted step size = 7.70396e-05 s
Number of steps shrunk due to error control = 200
Number of derivative evaluations = 0
Number of steps shrunk due to convergence-based failure = 3320
Number of convergence-based step failures (should match) = 3320
CENIC Statistics:
Number of solver iterations = 41928
Number of hessian factorizations = 41928
Number of linesearch iterations = 36678

JSON Statistics:
{
  "cenic_num_convex_solves": 11215,
  "cenic_num_feasibility_calls": 11215,
  "cenic_num_feasibility_rejections_full": 3009,
  "cenic_num_feasibility_rejections_half1": 20,
  "cenic_num_feasibility_rejections_half2": 291,
  "cenic_num_geometry_queries": 4953,
  "cenic_scene_num_surface_triangles": 10080,
  "cenic_scene_num_tetrahedra": 54792,
  "cenic_scene_num_velocities": 6,
  "cenic_time_feasibility": 40.78875468900002,
  "cenic_time_geometry_queries": 11.791607584000023,
  "cenic_time_linearize": 0.024398459999999986,
  "cenic_time_model_update": 12.090080405999997,
  "cenic_time_problem_build": 0.29847282199997416,
  "cenic_time_solve": 2.162297256000007,
  "cenic_total_hessian_factorizations": 41928,
  "cenic_total_ls_iterations": 36678,
  "cenic_total_solver_iterations": 41928,
  "integrator_actual_initial_step_size_taken": 0.005000000000000001,
  "integrator_largest_step_size_taken": 0.039269744280556296,
  "integrator_num_derivative_evaluations": 0,
  "integrator_num_step_shrinkages_from_error_control": 200,
  "integrator_num_steps_taken": 2231,
  "integrator_smallest_adapted_step_size_taken": 7.703964871153262e-05
}
