AdvanceTo() time [sec]: 19.961041065
General stats regarding discrete updates:
Number of time steps taken (simulator stats) = 117
Number of publishes = 0
Number of discrete updates = 0
Number of "unrestricted" updates = 0

Stats for integrator CenicIntegrator with error control:
Number of time steps taken (integrator stats) = 117
Initial time step taken =       0.01 s
Largest time step taken =        0.1 s
Smallest adapted step size = 0.00100696 s
Number of steps shrunk due to error control = 3
Number of derivative evaluations = 0
Number of steps shrunk due to convergence-based failure = 122
Number of convergence-based step failures (should match) = 122
CENIC Statistics:
Number of solver iterations = 10027
Number of hessian factorizations = 10027
Number of linesearch iterations = 40004

JSON Statistics:
{
  "cenic_num_convex_solves": 491,
  "cenic_num_feasibility_calls": 491,
  "cenic_num_feasibility_rejections_full": 117,
  "cenic_num_feasibility_rejections_half1": 1,
  "cenic_num_feasibility_rejections_half2": 4,
  "cenic_num_geometry_queries": 241,
  "cenic_scene_num_surface_triangles": 6456,
  "cenic_scene_num_tetrahedra": 19368,
  "cenic_scene_num_velocities": 120,
  "cenic_time_feasibility": 1.5189319070000005,
  "cenic_time_geometry_queries": 1.8048335060000011,
  "cenic_time_linearize": 0.00023552999999999994,
  "cenic_time_model_update": 1.9623753040000003,
  "cenic_time_problem_build": 0.15754179799999912,
  "cenic_time_solve": 16.437360955000003,
  "cenic_total_hessian_factorizations": 10027,
  "cenic_total_ls_iterations": 40004,
  "cenic_total_solver_iterations": 10027,
  "integrator_actual_initial_step_size_taken": 0.010000000000000002,
  "integrator_largest_step_size_taken": 0.10000000000000009,
  "integrator_num_derivative_evaluations": 0,
  "integrator_num_step_shrinkages_from_error_control": 3,
  "integrator_num_steps_taken": 117,
  "integrator_smallest_adapted_step_size_taken": 0.0010069554503804989
}
