AdvanceTo() time [sec]: 35.551364487
General stats regarding discrete updates:
Number of time steps taken (simulator stats) = 248
Number of publishes = 0
Number of discrete updates = 0
Number of "unrestricted" updates = 0

Stats for integrator CenicIntegrator with error control:
Number of time steps taken (integrator stats) = 248
Initial time step taken =       0.01 s
Largest time step taken =        0.1 s
Smallest adapted step size = 0.000233216 s
Number of steps shrunk due to error control = 27
Number of derivative evaluations = 0
Number of steps shrunk due to convergence-based failure = 101
Number of convergence-based step failures (should match) = 101
CENIC Statistics:
Number of solver iterations = 7795
Number of hessian factorizations = 7795
Number of linesearch iterations = 26365

JSON Statistics:
{
  "cenic_num_convex_solves": 926,
  "cenic_num_feasibility_calls": 926,
  "cenic_num_feasibility_rejections_full": 101,
  "cenic_num_feasibility_rejections_half1": 0,
  "cenic_num_feasibility_rejections_half2": 0,
  "cenic_num_geometry_queries": 523,
  "cenic_scene_num_surface_triangles": 4148,
  "cenic_scene_num_tetrahedra": 12444,
  "cenic_scene_num_velocities": 120,
  "cenic_time_feasibility": 8.862256488000002,
  "cenic_time_geometry_queries": 8.367965264,
  "cenic_time_linearize": 0.0007864560000000002,
  "cenic_time_model_update": 8.809857669000001,
  "cenic_time_problem_build": 0.4418924050000008,
  "cenic_time_solve": 17.76822884399999,
  "cenic_total_hessian_factorizations": 7795,
  "cenic_total_ls_iterations": 26365,
  "cenic_total_solver_iterations": 7795,
  "integrator_actual_initial_step_size_taken": 0.010000000000000002,
  "integrator_largest_step_size_taken": 0.10000000000000009,
  "integrator_num_derivative_evaluations": 0,
  "integrator_num_step_shrinkages_from_error_control": 27,
  "integrator_num_steps_taken": 248,
  "integrator_smallest_adapted_step_size_taken": 0.00023321577499934337
}
