
Wall clock time: 40.69376611709595

x_final: 1.6226726741330961

Summary written to /home/joe/tri/drake-private/project_plan/campaign2/data/heavy/spiral/bm2e-05-acc0.01-beta0.01/summary_demo.json
Step statistics written to /home/joe/tri/drake-private/project_plan/campaign2/data/heavy/spiral/bm2e-05-acc0.01-beta0.01/steps.tsv
General stats regarding discrete updates:
Number of time steps taken (simulator stats) = 1293
Number of publishes = 0
Number of discrete updates = 0
Number of "unrestricted" updates = 0

Stats for integrator CenicIntegrator with error control:
Number of time steps taken (integrator stats) = 1293
Initial time step taken =      0.005 s
Largest time step taken =        0.1 s
Smallest adapted step size = 0.000364581 s
Number of steps shrunk due to error control = 25
Number of derivative evaluations = 0
Number of steps shrunk due to convergence-based failure = 2479
Number of convergence-based step failures (should match) = 2479
CENIC Statistics:
Number of solver iterations = 59327
Number of hessian factorizations = 59327
Number of linesearch iterations = 45057

JSON Statistics:
{
  "cenic_num_convex_solves": 7166,
  "cenic_num_feasibility_calls": 7166,
  "cenic_num_feasibility_rejections_full": 2106,
  "cenic_num_feasibility_rejections_half1": 13,
  "cenic_num_feasibility_rejections_half2": 360,
  "cenic_num_geometry_queries": 2971,
  "cenic_scene_num_surface_triangles": 10080,
  "cenic_scene_num_tetrahedra": 54792,
  "cenic_scene_num_velocities": 6,
  "cenic_time_feasibility": 27.54228668300002,
  "cenic_time_geometry_queries": 8.060310890000025,
  "cenic_time_linearize": 0.011609118999999984,
  "cenic_time_model_update": 8.239108213999993,
  "cenic_time_problem_build": 0.17879732399996762,
  "cenic_time_solve": 4.388479260999995,
  "cenic_total_hessian_factorizations": 59327,
  "cenic_total_ls_iterations": 45057,
  "cenic_total_solver_iterations": 59327,
  "integrator_actual_initial_step_size_taken": 0.005000000000000001,
  "integrator_largest_step_size_taken": 0.09999999999999964,
  "integrator_num_derivative_evaluations": 0,
  "integrator_num_step_shrinkages_from_error_control": 25,
  "integrator_num_steps_taken": 1293,
  "integrator_smallest_adapted_step_size_taken": 0.00036458146190004707
}
