AdvanceTo() time [sec]: 27.681574278
General stats regarding discrete updates:
Number of time steps taken (simulator stats) = 156
Number of publishes = 0
Number of discrete updates = 0
Number of "unrestricted" updates = 0

Stats for integrator CenicIntegrator with error control:
Number of time steps taken (integrator stats) = 156
Initial time step taken =       0.01 s
Largest time step taken =        0.1 s
Smallest adapted step size =  0.0008345 s
Number of steps shrunk due to error control = 7
Number of derivative evaluations = 0
Number of steps shrunk due to convergence-based failure = 126
Number of convergence-based step failures (should match) = 126
CENIC Statistics:
Number of solver iterations = 9904
Number of hessian factorizations = 9904
Number of linesearch iterations = 26023

JSON Statistics:
{
  "cenic_num_convex_solves": 630,
  "cenic_num_feasibility_calls": 630,
  "cenic_num_feasibility_rejections_full": 118,
  "cenic_num_feasibility_rejections_half1": 1,
  "cenic_num_feasibility_rejections_half2": 7,
  "cenic_num_geometry_queries": 326,
  "cenic_scene_num_surface_triangles": 4148,
  "cenic_scene_num_tetrahedra": 12444,
  "cenic_scene_num_velocities": 120,
  "cenic_time_feasibility": 4.387676500000009,
  "cenic_time_geometry_queries": 5.033581191000001,
  "cenic_time_linearize": 0.00029516499999999974,
  "cenic_time_model_update": 5.292324300999999,
  "cenic_time_problem_build": 0.2587431099999984,
  "cenic_time_solve": 17.935887854000008,
  "cenic_total_hessian_factorizations": 9904,
  "cenic_total_ls_iterations": 26023,
  "cenic_total_solver_iterations": 9904,
  "integrator_actual_initial_step_size_taken": 0.010000000000000002,
  "integrator_largest_step_size_taken": 0.10000000000000009,
  "integrator_num_derivative_evaluations": 0,
  "integrator_num_step_shrinkages_from_error_control": 7,
  "integrator_num_steps_taken": 156,
  "integrator_smallest_adapted_step_size_taken": 0.0008345001634224402
}
