AdvanceTo() time [sec]: 43.558102117
General stats regarding discrete updates:
Number of time steps taken (simulator stats) = 513
Number of publishes = 0
Number of discrete updates = 0
Number of "unrestricted" updates = 0

Stats for integrator CenicIntegrator with error control:
Number of time steps taken (integrator stats) = 513
Initial time step taken =       0.01 s
Largest time step taken =        0.1 s
Smallest adapted step size = 0.000243271 s
Number of steps shrunk due to error control = 213
Number of derivative evaluations = 0
Number of steps shrunk due to convergence-based failure = 114
Number of convergence-based step failures (should match) = 114
CENIC Statistics:
Number of solver iterations = 30821
Number of hessian factorizations = 30821
Number of linesearch iterations = 85311

JSON Statistics:
{
  "cenic_num_convex_solves": 2292,
  "cenic_num_feasibility_calls": 2292,
  "cenic_num_feasibility_rejections_full": 114,
  "cenic_num_feasibility_rejections_half1": 0,
  "cenic_num_feasibility_rejections_half2": 0,
  "cenic_num_geometry_queries": 1239,
  "cenic_scene_num_surface_triangles": 6456,
  "cenic_scene_num_tetrahedra": 19368,
  "cenic_scene_num_velocities": 120,
  "cenic_time_feasibility": 6.6064315009999826,
  "cenic_time_geometry_queries": 5.473350712999998,
  "cenic_time_linearize": 0.0018111660000000019,
  "cenic_time_model_update": 6.054010671999995,
  "cenic_time_problem_build": 0.5806599589999974,
  "cenic_time_solve": 30.673056130000017,
  "cenic_total_hessian_factorizations": 30821,
  "cenic_total_ls_iterations": 85311,
  "cenic_total_solver_iterations": 30821,
  "integrator_actual_initial_step_size_taken": 0.010000000000000002,
  "integrator_largest_step_size_taken": 0.10000000000000009,
  "integrator_num_derivative_evaluations": 0,
  "integrator_num_step_shrinkages_from_error_control": 213,
  "integrator_num_steps_taken": 513,
  "integrator_smallest_adapted_step_size_taken": 0.00024327060574386348
}
