AdvanceTo() time [sec]: 1077.169096172
General stats regarding discrete updates:
Number of time steps taken (simulator stats) = 562
Number of publishes = 0
Number of discrete updates = 0
Number of "unrestricted" updates = 0

Stats for integrator CenicIntegrator with error control:
Number of time steps taken (integrator stats) = 562
Initial time step taken =       0.01 s
Largest time step taken =        0.1 s
Smallest adapted step size = 0.000194548 s
Number of steps shrunk due to error control = 292
Number of derivative evaluations = 0
Number of steps shrunk due to convergence-based failure = 17
Number of convergence-based step failures (should match) = 17
CENIC Statistics:
Number of solver iterations = 21426
Number of hessian factorizations = 21426
Number of linesearch iterations = 44606

JSON Statistics:
{
  "cenic_num_feasibility_rejections_full": 17,
  "cenic_num_feasibility_rejections_half1": 0,
  "cenic_num_feasibility_rejections_half2": 0,
  "cenic_time_feasibility": 14.541929014999976,
  "cenic_time_linearize": 0.0014973219999999993,
  "cenic_time_model_update": 917.8155692270014,
  "cenic_time_solve": 143.95590209000008,
  "cenic_total_hessian_factorizations": 21426,
  "cenic_total_ls_iterations": 44606,
  "cenic_total_solver_iterations": 21426,
  "integrator_actual_initial_step_size_taken": 0.010000000000000002,
  "integrator_largest_step_size_taken": 0.10000000000000009,
  "integrator_num_derivative_evaluations": 0,
  "integrator_num_step_shrinkages_from_error_control": 292,
  "integrator_num_steps_taken": 562,
  "integrator_smallest_adapted_step_size_taken": 0.0001945475306311152
}
