AdvanceTo() time [sec]: 54.236674405
General stats regarding discrete updates:
Number of time steps taken (simulator stats) = 126
Number of publishes = 0
Number of discrete updates = 0
Number of "unrestricted" updates = 0

Stats for integrator CenicIntegrator with error control:
Number of time steps taken (integrator stats) = 126
Initial time step taken =       0.01 s
Largest time step taken =        0.1 s
Smallest adapted step size =  0.0012276 s
Number of steps shrunk due to error control = 35
Number of derivative evaluations = 0
Number of steps shrunk due to convergence-based failure = 43
Number of convergence-based step failures (should match) = 43
CENIC Statistics:
Number of solver iterations = 8269
Number of hessian factorizations = 8269
Number of linesearch iterations = 19009

JSON Statistics:
{
  "cenic_num_feasibility_rejections_full": 41,
  "cenic_num_feasibility_rejections_half1": 0,
  "cenic_num_feasibility_rejections_half2": 2,
  "cenic_time_feasibility": 4.736449134999998,
  "cenic_time_linearize": 0.0003470729999999998,
  "cenic_time_model_update": 28.32628147299999,
  "cenic_time_solve": 21.102905504000017,
  "cenic_total_hessian_factorizations": 8269,
  "cenic_total_ls_iterations": 19009,
  "cenic_total_solver_iterations": 8269,
  "integrator_actual_initial_step_size_taken": 0.010000000000000002,
  "integrator_largest_step_size_taken": 0.10000000000000009,
  "integrator_num_derivative_evaluations": 0,
  "integrator_num_step_shrinkages_from_error_control": 35,
  "integrator_num_steps_taken": 126,
  "integrator_smallest_adapted_step_size_taken": 0.0012275990610643127
}
