Timing logs written to /home/joe/tri/drake-private/project_plan/campaign2/data/heavy/hero/volumetric-acc0.1-beta0.01/times.csv

Wall clock time: 160.5048
Sim time  : 100.0000 seconds

Summary written to /home/joe/tri/drake-private/project_plan/campaign2/data/heavy/hero/volumetric-acc0.1-beta0.01/summary_demo.json
Step statistics written to /home/joe/tri/drake-private/project_plan/campaign2/data/heavy/hero/volumetric-acc0.1-beta0.01/steps.tsv
General stats regarding discrete updates:
Number of time steps taken (simulator stats) = 10002
Number of publishes = 0
Number of discrete updates = 0
Number of "unrestricted" updates = 0

Stats for integrator CenicIntegrator with error control:
Number of time steps taken (integrator stats) = 10002
Initial time step taken =      0.001 s
Largest time step taken =       0.01 s
Smallest adapted step size =      0.001 s
Number of steps shrunk due to error control = 0
Number of derivative evaluations = 0
Number of steps shrunk due to convergence-based failure = 0
Number of convergence-based step failures (should match) = 0
CENIC Statistics:
Number of solver iterations = 59762
Number of hessian factorizations = 59762
Number of linesearch iterations = 71818

JSON Statistics:
{
  "cenic_num_convex_solves": 30006,
  "cenic_num_feasibility_calls": 30006,
  "cenic_num_feasibility_rejections_full": 0,
  "cenic_num_feasibility_rejections_half1": 0,
  "cenic_num_feasibility_rejections_half2": 0,
  "cenic_num_geometry_queries": 20004,
  "cenic_scene_num_surface_triangles": 18988,
  "cenic_scene_num_tetrahedra": 72588,
  "cenic_scene_num_velocities": 42,
  "cenic_time_feasibility": 6.021770029999942,
  "cenic_time_geometry_queries": 113.23329081199994,
  "cenic_time_linearize": 4.577909051999988,
  "cenic_time_model_update": 119.13403969299996,
  "cenic_time_problem_build": 5.900748881000027,
  "cenic_time_solve": 27.477748584000015,
  "cenic_total_hessian_factorizations": 59762,
  "cenic_total_ls_iterations": 71818,
  "cenic_total_solver_iterations": 59762,
  "integrator_actual_initial_step_size_taken": 0.001,
  "integrator_largest_step_size_taken": 0.010000000000005116,
  "integrator_num_derivative_evaluations": 0,
  "integrator_num_step_shrinkages_from_error_control": 0,
  "integrator_num_steps_taken": 10002,
  "integrator_smallest_adapted_step_size_taken": 0.001
}
