
Wall clock time: 27.205098867416382

x_final: 1.6265343552509217

Summary written to /home/joe/tri/drake-private/project_plan/campaign2/data/heavy/spiral/bm5e-05-acc0.1-beta1/summary_demo.json
Step statistics written to /home/joe/tri/drake-private/project_plan/campaign2/data/heavy/spiral/bm5e-05-acc0.1-beta1/steps.tsv
General stats regarding discrete updates:
Number of time steps taken (simulator stats) = 809
Number of publishes = 0
Number of discrete updates = 0
Number of "unrestricted" updates = 0

Stats for integrator CenicIntegrator with error control:
Number of time steps taken (integrator stats) = 809
Initial time step taken =      0.005 s
Largest time step taken =        0.1 s
Smallest adapted step size = 0.000151101 s
Number of steps shrunk due to error control = 1
Number of derivative evaluations = 0
Number of steps shrunk due to convergence-based failure = 1681
Number of convergence-based step failures (should match) = 1681
CENIC Statistics:
Number of solver iterations = 20177
Number of hessian factorizations = 20177
Number of linesearch iterations = 10716

JSON Statistics:
{
  "cenic_num_convex_solves": 4677,
  "cenic_num_feasibility_calls": 4677,
  "cenic_num_feasibility_rejections_full": 1398,
  "cenic_num_feasibility_rejections_half1": 0,
  "cenic_num_feasibility_rejections_half2": 283,
  "cenic_num_geometry_queries": 1902,
  "cenic_scene_num_surface_triangles": 10080,
  "cenic_scene_num_tetrahedra": 54792,
  "cenic_scene_num_velocities": 6,
  "cenic_time_feasibility": 17.65320933499999,
  "cenic_time_geometry_queries": 6.167053943000007,
  "cenic_time_linearize": 0.007650993999999998,
  "cenic_time_model_update": 6.343577931999994,
  "cenic_time_problem_build": 0.17652398899998722,
  "cenic_time_solve": 2.9752589780000083,
  "cenic_total_hessian_factorizations": 20177,
  "cenic_total_ls_iterations": 10716,
  "cenic_total_solver_iterations": 20177,
  "integrator_actual_initial_step_size_taken": 0.005000000000000001,
  "integrator_largest_step_size_taken": 0.09999999999999964,
  "integrator_num_derivative_evaluations": 0,
  "integrator_num_step_shrinkages_from_error_control": 1,
  "integrator_num_steps_taken": 809,
  "integrator_smallest_adapted_step_size_taken": 0.00015110110299031073
}
