AdvanceTo() time [sec]: 133.522765053
General stats regarding discrete updates:
Number of time steps taken (simulator stats) = 539
Number of publishes = 0
Number of discrete updates = 0
Number of "unrestricted" updates = 0

Stats for integrator CenicIntegrator with error control:
Number of time steps taken (integrator stats) = 539
Initial time step taken =       0.01 s
Largest time step taken =  0.0193646 s
Smallest adapted step size = 9.17697e-05 s
Number of steps shrunk due to error control = 43
Number of derivative evaluations = 0
Number of steps shrunk due to convergence-based failure = 520
Number of convergence-based step failures (should match) = 520
CENIC Statistics:
Number of solver iterations = 20090
Number of hessian factorizations = 20090
Number of linesearch iterations = 48296

JSON Statistics:
{
  "cenic_num_convex_solves": 2270,
  "cenic_num_feasibility_calls": 2270,
  "cenic_num_feasibility_rejections_full": 518,
  "cenic_num_feasibility_rejections_half1": 0,
  "cenic_num_feasibility_rejections_half2": 2,
  "cenic_num_geometry_queries": 1123,
  "cenic_scene_num_surface_triangles": 4148,
  "cenic_scene_num_tetrahedra": 12444,
  "cenic_scene_num_velocities": 120,
  "cenic_time_feasibility": 19.014799933999974,
  "cenic_time_geometry_queries": 33.42918515599998,
  "cenic_time_linearize": 0.002317563999999999,
  "cenic_time_model_update": 35.255075178,
  "cenic_time_problem_build": 1.8258900220000172,
  "cenic_time_solve": 78.62383542599999,
  "cenic_total_hessian_factorizations": 20090,
  "cenic_total_ls_iterations": 48296,
  "cenic_total_solver_iterations": 20090,
  "integrator_actual_initial_step_size_taken": 0.010000000000000002,
  "integrator_largest_step_size_taken": 0.019364641550439904,
  "integrator_num_derivative_evaluations": 0,
  "integrator_num_step_shrinkages_from_error_control": 43,
  "integrator_num_steps_taken": 539,
  "integrator_smallest_adapted_step_size_taken": 9.176965391198208e-05
}
