AdvanceTo() time [sec]: 30.710441848
General stats regarding discrete updates:
Number of time steps taken (simulator stats) = 234
Number of publishes = 0
Number of discrete updates = 0
Number of "unrestricted" updates = 0

Stats for integrator CenicIntegrator with error control:
Number of time steps taken (integrator stats) = 234
Initial time step taken =       0.01 s
Largest time step taken =  0.0392751 s
Smallest adapted step size = 0.00117356 s
Number of steps shrunk due to error control = 62
Number of derivative evaluations = 0
Number of steps shrunk due to convergence-based failure = 65
Number of convergence-based step failures (should match) = 65
CENIC Statistics:
Number of solver iterations = 14107
Number of hessian factorizations = 14107
Number of linesearch iterations = 50667

JSON Statistics:
{
  "cenic_num_convex_solves": 963,
  "cenic_num_feasibility_calls": 963,
  "cenic_num_feasibility_rejections_full": 60,
  "cenic_num_feasibility_rejections_half1": 0,
  "cenic_num_feasibility_rejections_half2": 5,
  "cenic_num_geometry_queries": 535,
  "cenic_scene_num_surface_triangles": 6456,
  "cenic_scene_num_tetrahedra": 19368,
  "cenic_scene_num_velocities": 120,
  "cenic_time_feasibility": 2.071521396,
  "cenic_time_geometry_queries": 4.146296190999998,
  "cenic_time_linearize": 0.0004017900000000003,
  "cenic_time_model_update": 4.506958100999999,
  "cenic_time_problem_build": 0.36066191000000103,
  "cenic_time_solve": 24.053861923999975,
  "cenic_total_hessian_factorizations": 14107,
  "cenic_total_ls_iterations": 50667,
  "cenic_total_solver_iterations": 14107,
  "integrator_actual_initial_step_size_taken": 0.010000000000000002,
  "integrator_largest_step_size_taken": 0.039275112463453034,
  "integrator_num_derivative_evaluations": 0,
  "integrator_num_step_shrinkages_from_error_control": 62,
  "integrator_num_steps_taken": 234,
  "integrator_smallest_adapted_step_size_taken": 0.0011735649893362772
}
