
Wall clock time: 59.784462213516235

x_final: 1.0957071721649676

Summary written to /home/joe/tri/drake-private/project_plan/campaign2/data/heavy/spiral/bm1e-05-acc0.1-beta1/summary_demo.json
Step statistics written to /home/joe/tri/drake-private/project_plan/campaign2/data/heavy/spiral/bm1e-05-acc0.1-beta1/steps.tsv
General stats regarding discrete updates:
Number of time steps taken (simulator stats) = 1873
Number of publishes = 0
Number of discrete updates = 0
Number of "unrestricted" updates = 0

Stats for integrator CenicIntegrator with error control:
Number of time steps taken (integrator stats) = 1873
Initial time step taken =      0.005 s
Largest time step taken =  0.0702952 s
Smallest adapted step size = 4.71355e-05 s
Number of steps shrunk due to error control = 1
Number of derivative evaluations = 0
Number of steps shrunk due to convergence-based failure = 4282
Number of convergence-based step failures (should match) = 4282
CENIC Statistics:
Number of solver iterations = 33525
Number of hessian factorizations = 33525
Number of linesearch iterations = 32850

JSON Statistics:
{
  "cenic_num_convex_solves": 10623,
  "cenic_num_feasibility_calls": 10623,
  "cenic_num_feasibility_rejections_full": 3910,
  "cenic_num_feasibility_rejections_half1": 25,
  "cenic_num_feasibility_rejections_half2": 347,
  "cenic_num_geometry_queries": 4094,
  "cenic_scene_num_surface_triangles": 10080,
  "cenic_scene_num_tetrahedra": 54792,
  "cenic_scene_num_velocities": 6,
  "cenic_time_feasibility": 46.212013637999945,
  "cenic_time_geometry_queries": 10.648688875,
  "cenic_time_linearize": 0.027044159000000033,
  "cenic_time_model_update": 10.916449594999998,
  "cenic_time_problem_build": 0.2677607199999983,
  "cenic_time_solve": 1.9072620700000007,
  "cenic_total_hessian_factorizations": 33525,
  "cenic_total_ls_iterations": 32850,
  "cenic_total_solver_iterations": 33525,
  "integrator_actual_initial_step_size_taken": 0.005000000000000001,
  "integrator_largest_step_size_taken": 0.07029520274977452,
  "integrator_num_derivative_evaluations": 0,
  "integrator_num_step_shrinkages_from_error_control": 1,
  "integrator_num_steps_taken": 1873,
  "integrator_smallest_adapted_step_size_taken": 4.713551955053737e-05
}
