
Wall clock time: 56.29044556617737

x_final: 0.6204247731623863

Summary written to /home/joe/tri/drake-private/project_plan/campaign2/data/heavy/spiral/bm0.0001-acc0.01-beta0.01/summary_demo.json
Step statistics written to /home/joe/tri/drake-private/project_plan/campaign2/data/heavy/spiral/bm0.0001-acc0.01-beta0.01/steps.tsv
General stats regarding discrete updates:
Number of time steps taken (simulator stats) = 601
Number of publishes = 0
Number of discrete updates = 0
Number of "unrestricted" updates = 0

Stats for integrator CenicIntegrator with error control:
Number of time steps taken (integrator stats) = 601
Initial time step taken =      0.005 s
Largest time step taken =        0.1 s
Smallest adapted step size = 0.000109615 s
Number of steps shrunk due to error control = 299
Number of derivative evaluations = 0
Number of steps shrunk due to convergence-based failure = 264
Number of convergence-based step failures (should match) = 264
CENIC Statistics:
Number of solver iterations = 31022
Number of hessian factorizations = 31022
Number of linesearch iterations = 22367

JSON Statistics:
{
  "cenic_num_convex_solves": 3122,
  "cenic_num_feasibility_calls": 3122,
  "cenic_num_feasibility_rejections_full": 185,
  "cenic_num_feasibility_rejections_half1": 0,
  "cenic_num_feasibility_rejections_half2": 79,
  "cenic_num_geometry_queries": 1580,
  "cenic_scene_num_surface_triangles": 10080,
  "cenic_scene_num_tetrahedra": 54792,
  "cenic_scene_num_velocities": 6,
  "cenic_time_feasibility": 19.573937652,
  "cenic_time_geometry_queries": 19.180650907999972,
  "cenic_time_linearize": 0.0037066889999999965,
  "cenic_time_model_update": 19.820339722999993,
  "cenic_time_problem_build": 0.6396888150000208,
  "cenic_time_solve": 16.591524297000017,
  "cenic_total_hessian_factorizations": 31022,
  "cenic_total_ls_iterations": 22367,
  "cenic_total_solver_iterations": 31022,
  "integrator_actual_initial_step_size_taken": 0.005000000000000001,
  "integrator_largest_step_size_taken": 0.09999999999999964,
  "integrator_num_derivative_evaluations": 0,
  "integrator_num_step_shrinkages_from_error_control": 299,
  "integrator_num_steps_taken": 601,
  "integrator_smallest_adapted_step_size_taken": 0.00010961451933530654
}
