AdvanceTo() time [sec]: 88.55600024
General stats regarding discrete updates:
Number of time steps taken (simulator stats) = 321
Number of publishes = 0
Number of discrete updates = 0
Number of "unrestricted" updates = 0

Stats for integrator CenicIntegrator with error control:
Number of time steps taken (integrator stats) = 321
Initial time step taken =       0.01 s
Largest time step taken =   0.028157 s
Smallest adapted step size = 0.000115353 s
Number of steps shrunk due to error control = 117
Number of derivative evaluations = 0
Number of steps shrunk due to convergence-based failure = 20
Number of convergence-based step failures (should match) = 20
CENIC Statistics:
Number of solver iterations = 14172
Number of hessian factorizations = 14172
Number of linesearch iterations = 41619

JSON Statistics:
{
  "cenic_num_convex_solves": 1334,
  "cenic_num_feasibility_calls": 1334,
  "cenic_num_feasibility_rejections_full": 20,
  "cenic_num_feasibility_rejections_half1": 0,
  "cenic_num_feasibility_rejections_half2": 0,
  "cenic_num_geometry_queries": 759,
  "cenic_scene_num_surface_triangles": 4148,
  "cenic_scene_num_tetrahedra": 12444,
  "cenic_scene_num_velocities": 120,
  "cenic_time_feasibility": 9.34182681800001,
  "cenic_time_geometry_queries": 24.528661160999995,
  "cenic_time_linearize": 0.0006411540000000001,
  "cenic_time_model_update": 25.699515373999965,
  "cenic_time_problem_build": 1.17085421299997,
  "cenic_time_solve": 53.315712245000036,
  "cenic_total_hessian_factorizations": 14172,
  "cenic_total_ls_iterations": 41619,
  "cenic_total_solver_iterations": 14172,
  "integrator_actual_initial_step_size_taken": 0.010000000000000002,
  "integrator_largest_step_size_taken": 0.028156966277735673,
  "integrator_num_derivative_evaluations": 0,
  "integrator_num_step_shrinkages_from_error_control": 117,
  "integrator_num_steps_taken": 321,
  "integrator_smallest_adapted_step_size_taken": 0.00011535323273772683
}
