AdvanceTo() time [sec]: 10.468895812
General stats regarding discrete updates:
Number of time steps taken (simulator stats) = 91
Number of publishes = 0
Number of discrete updates = 0
Number of "unrestricted" updates = 0

Stats for integrator CenicIntegrator with error control:
Number of time steps taken (integrator stats) = 91
Initial time step taken =       0.01 s
Largest time step taken =        0.1 s
Smallest adapted step size =  0.0017956 s
Number of steps shrunk due to error control = 0
Number of derivative evaluations = 0
Number of steps shrunk due to convergence-based failure = 61
Number of convergence-based step failures (should match) = 61
CENIC Statistics:
Number of solver iterations = 3988
Number of hessian factorizations = 3988
Number of linesearch iterations = 15949

JSON Statistics:
{
  "cenic_num_convex_solves": 336,
  "cenic_num_feasibility_calls": 336,
  "cenic_num_feasibility_rejections_full": 60,
  "cenic_num_feasibility_rejections_half1": 0,
  "cenic_num_feasibility_rejections_half2": 1,
  "cenic_num_geometry_queries": 183,
  "cenic_scene_num_surface_triangles": 6456,
  "cenic_scene_num_tetrahedra": 19368,
  "cenic_scene_num_velocities": 120,
  "cenic_time_feasibility": 1.5996503639999997,
  "cenic_time_geometry_queries": 1.5496896150000006,
  "cenic_time_linearize": 0.0003067439999999999,
  "cenic_time_model_update": 1.6867265339999995,
  "cenic_time_problem_build": 0.13703691899999892,
  "cenic_time_solve": 7.150760523,
  "cenic_total_hessian_factorizations": 3988,
  "cenic_total_ls_iterations": 15949,
  "cenic_total_solver_iterations": 3988,
  "integrator_actual_initial_step_size_taken": 0.010000000000000002,
  "integrator_largest_step_size_taken": 0.10000000000000009,
  "integrator_num_derivative_evaluations": 0,
  "integrator_num_step_shrinkages_from_error_control": 0,
  "integrator_num_steps_taken": 91,
  "integrator_smallest_adapted_step_size_taken": 0.001795599649664224
}
