AdvanceTo() time [sec]: 27.136885581
General stats regarding discrete updates:
Number of time steps taken (simulator stats) = 256
Number of publishes = 0
Number of discrete updates = 0
Number of "unrestricted" updates = 0

Stats for integrator CenicIntegrator with error control:
Number of time steps taken (integrator stats) = 256
Initial time step taken =       0.01 s
Largest time step taken =  0.0392751 s
Smallest adapted step size = 0.00135972 s
Number of steps shrunk due to error control = 24
Number of derivative evaluations = 0
Number of steps shrunk due to convergence-based failure = 161
Number of convergence-based step failures (should match) = 161
CENIC Statistics:
Number of solver iterations = 11525
Number of hessian factorizations = 11525
Number of linesearch iterations = 45601

JSON Statistics:
{
  "cenic_num_convex_solves": 1003,
  "cenic_num_feasibility_calls": 1003,
  "cenic_num_feasibility_rejections_full": 160,
  "cenic_num_feasibility_rejections_half1": 0,
  "cenic_num_feasibility_rejections_half2": 1,
  "cenic_num_geometry_queries": 537,
  "cenic_scene_num_surface_triangles": 6456,
  "cenic_scene_num_tetrahedra": 19368,
  "cenic_scene_num_velocities": 120,
  "cenic_time_feasibility": 2.3154617080000026,
  "cenic_time_geometry_queries": 4.022086632999999,
  "cenic_time_linearize": 0.0005147649999999998,
  "cenic_time_model_update": 4.369871854999997,
  "cenic_time_problem_build": 0.34778522199999795,
  "cenic_time_solve": 20.37535478999998,
  "cenic_total_hessian_factorizations": 11525,
  "cenic_total_ls_iterations": 45601,
  "cenic_total_solver_iterations": 11525,
  "integrator_actual_initial_step_size_taken": 0.010000000000000002,
  "integrator_largest_step_size_taken": 0.039275112463453034,
  "integrator_num_derivative_evaluations": 0,
  "integrator_num_step_shrinkages_from_error_control": 24,
  "integrator_num_steps_taken": 256,
  "integrator_smallest_adapted_step_size_taken": 0.0013597165815630893
}
