
Wall clock time: 31.561826944351196

x_final: 0.5403602741400058

Summary written to /home/joe/tri/drake-private/project_plan/campaign2/data/heavy/spiral/bm5e-05-acc0.01-beta1/summary_demo.json
Step statistics written to /home/joe/tri/drake-private/project_plan/campaign2/data/heavy/spiral/bm5e-05-acc0.01-beta1/steps.tsv
General stats regarding discrete updates:
Number of time steps taken (simulator stats) = 733
Number of publishes = 0
Number of discrete updates = 0
Number of "unrestricted" updates = 0

Stats for integrator CenicIntegrator with error control:
Number of time steps taken (integrator stats) = 733
Initial time step taken =      0.005 s
Largest time step taken =  0.0642085 s
Smallest adapted step size = 0.000194985 s
Number of steps shrunk due to error control = 38
Number of derivative evaluations = 0
Number of steps shrunk due to convergence-based failure = 1263
Number of convergence-based step failures (should match) = 1263
CENIC Statistics:
Number of solver iterations = 19033
Number of hessian factorizations = 19033
Number of linesearch iterations = 11678

JSON Statistics:
{
  "cenic_num_convex_solves": 3802,
  "cenic_num_feasibility_calls": 3802,
  "cenic_num_feasibility_rejections_full": 1150,
  "cenic_num_feasibility_rejections_half1": 0,
  "cenic_num_feasibility_rejections_half2": 113,
  "cenic_num_geometry_queries": 1617,
  "cenic_scene_num_surface_triangles": 10080,
  "cenic_scene_num_tetrahedra": 54792,
  "cenic_scene_num_velocities": 6,
  "cenic_time_feasibility": 20.085725528999973,
  "cenic_time_geometry_queries": 7.122700448999986,
  "cenic_time_linearize": 0.008561349999999985,
  "cenic_time_model_update": 7.3516703649999915,
  "cenic_time_problem_build": 0.22896991600000582,
  "cenic_time_solve": 3.865236598000013,
  "cenic_total_hessian_factorizations": 19033,
  "cenic_total_ls_iterations": 11678,
  "cenic_total_solver_iterations": 19033,
  "integrator_actual_initial_step_size_taken": 0.005000000000000001,
  "integrator_largest_step_size_taken": 0.06420849069006174,
  "integrator_num_derivative_evaluations": 0,
  "integrator_num_step_shrinkages_from_error_control": 38,
  "integrator_num_steps_taken": 733,
  "integrator_smallest_adapted_step_size_taken": 0.00019498496041653925
}
