
Wall clock time: 59.53071856498718

x_final: 1.2799648796329408

Summary written to /home/joe/tri/drake-private/project_plan/campaign2/data/heavy/spiral/bm1e-05-acc0.001-beta0.01/summary_demo.json
Step statistics written to /home/joe/tri/drake-private/project_plan/campaign2/data/heavy/spiral/bm1e-05-acc0.001-beta0.01/steps.tsv
General stats regarding discrete updates:
Number of time steps taken (simulator stats) = 2049
Number of publishes = 0
Number of discrete updates = 0
Number of "unrestricted" updates = 0

Stats for integrator CenicIntegrator with error control:
Number of time steps taken (integrator stats) = 2049
Initial time step taken =      0.005 s
Largest time step taken =        0.1 s
Smallest adapted step size = 1.67476e-05 s
Number of steps shrunk due to error control = 205
Number of derivative evaluations = 0
Number of steps shrunk due to convergence-based failure = 3065
Number of convergence-based step failures (should match) = 3065
CENIC Statistics:
Number of solver iterations = 78415
Number of hessian factorizations = 78415
Number of linesearch iterations = 66368

JSON Statistics:
{
  "cenic_num_convex_solves": 10471,
  "cenic_num_feasibility_calls": 10471,
  "cenic_num_feasibility_rejections_full": 2731,
  "cenic_num_feasibility_rejections_half1": 24,
  "cenic_num_feasibility_rejections_half2": 310,
  "cenic_num_geometry_queries": 4613,
  "cenic_scene_num_surface_triangles": 10080,
  "cenic_scene_num_tetrahedra": 54792,
  "cenic_scene_num_velocities": 6,
  "cenic_time_feasibility": 41.41581400200012,
  "cenic_time_geometry_queries": 12.817407743000016,
  "cenic_time_linearize": 0.01559905299999994,
  "cenic_time_model_update": 13.060976371000002,
  "cenic_time_problem_build": 0.24356862799998602,
  "cenic_time_solve": 4.197749450999998,
  "cenic_total_hessian_factorizations": 78415,
  "cenic_total_ls_iterations": 66368,
  "cenic_total_solver_iterations": 78415,
  "integrator_actual_initial_step_size_taken": 0.005000000000000001,
  "integrator_largest_step_size_taken": 0.09999999999999964,
  "integrator_num_derivative_evaluations": 0,
  "integrator_num_step_shrinkages_from_error_control": 205,
  "integrator_num_steps_taken": 2049,
  "integrator_smallest_adapted_step_size_taken": 1.674757684930642e-05
}
