AdvanceTo() time [sec]: 21.444791278
General stats regarding discrete updates:
Number of time steps taken (simulator stats) = 150
Number of publishes = 0
Number of discrete updates = 0
Number of "unrestricted" updates = 0

Stats for integrator CenicIntegrator with error control:
Number of time steps taken (integrator stats) = 150
Initial time step taken =       0.01 s
Largest time step taken =        0.1 s
Smallest adapted step size = 0.00209931 s
Number of steps shrunk due to error control = 57
Number of derivative evaluations = 0
Number of steps shrunk due to convergence-based failure = 40
Number of convergence-based step failures (should match) = 40
CENIC Statistics:
Number of solver iterations = 9452
Number of hessian factorizations = 9452
Number of linesearch iterations = 32829

JSON Statistics:
{
  "cenic_num_convex_solves": 661,
  "cenic_num_feasibility_calls": 661,
  "cenic_num_feasibility_rejections_full": 40,
  "cenic_num_feasibility_rejections_half1": 0,
  "cenic_num_feasibility_rejections_half2": 0,
  "cenic_num_geometry_queries": 357,
  "cenic_scene_num_surface_triangles": 6456,
  "cenic_scene_num_tetrahedra": 19368,
  "cenic_scene_num_velocities": 120,
  "cenic_time_feasibility": 2.3353096209999977,
  "cenic_time_geometry_queries": 3.088033660000001,
  "cenic_time_linearize": 0.0005107310000000002,
  "cenic_time_model_update": 3.3499112739999997,
  "cenic_time_problem_build": 0.26187761399999854,
  "cenic_time_solve": 15.692472678000001,
  "cenic_total_hessian_factorizations": 9452,
  "cenic_total_ls_iterations": 32829,
  "cenic_total_solver_iterations": 9452,
  "integrator_actual_initial_step_size_taken": 0.010000000000000002,
  "integrator_largest_step_size_taken": 0.10000000000000009,
  "integrator_num_derivative_evaluations": 0,
  "integrator_num_step_shrinkages_from_error_control": 57,
  "integrator_num_steps_taken": 150,
  "integrator_smallest_adapted_step_size_taken": 0.0020993126044628694
}
