AdvanceTo() time [sec]: 186.115428918
General stats regarding discrete updates:
Number of time steps taken (simulator stats) = 1216
Number of publishes = 0
Number of discrete updates = 0
Number of "unrestricted" updates = 0

Stats for integrator CenicIntegrator with error control:
Number of time steps taken (integrator stats) = 1216
Initial time step taken =       0.01 s
Largest time step taken =  0.0193351 s
Smallest adapted step size = 2.77546e-05 s
Number of steps shrunk due to error control = 693
Number of derivative evaluations = 0
Number of steps shrunk due to convergence-based failure = 16
Number of convergence-based step failures (should match) = 16
CENIC Statistics:
Number of solver iterations = 44091
Number of hessian factorizations = 44091
Number of linesearch iterations = 110883

JSON Statistics:
{
  "cenic_num_convex_solves": 5743,
  "cenic_num_feasibility_calls": 5743,
  "cenic_num_feasibility_rejections_full": 16,
  "cenic_num_feasibility_rejections_half1": 0,
  "cenic_num_feasibility_rejections_half2": 0,
  "cenic_num_geometry_queries": 3125,
  "cenic_scene_num_surface_triangles": 4148,
  "cenic_scene_num_tetrahedra": 12444,
  "cenic_scene_num_velocities": 120,
  "cenic_time_feasibility": 34.990538693999994,
  "cenic_time_geometry_queries": 48.463857532000105,
  "cenic_time_linearize": 0.002204184000000001,
  "cenic_time_model_update": 51.05011862799998,
  "cenic_time_problem_build": 2.5862610959998733,
  "cenic_time_solve": 99.44409407299992,
  "cenic_total_hessian_factorizations": 44091,
  "cenic_total_ls_iterations": 110883,
  "cenic_total_solver_iterations": 44091,
  "integrator_actual_initial_step_size_taken": 0.010000000000000002,
  "integrator_largest_step_size_taken": 0.019335114306044066,
  "integrator_num_derivative_evaluations": 0,
  "integrator_num_step_shrinkages_from_error_control": 693,
  "integrator_num_steps_taken": 1216,
  "integrator_smallest_adapted_step_size_taken": 2.7754554412983877e-05
}
