AdvanceTo() time [sec]: 27.123747334
General stats regarding discrete updates:
Number of time steps taken (simulator stats) = 304
Number of publishes = 0
Number of discrete updates = 0
Number of "unrestricted" updates = 0

Stats for integrator CenicIntegrator with error control:
Number of time steps taken (integrator stats) = 304
Initial time step taken =       0.01 s
Largest time step taken =        0.1 s
Smallest adapted step size = 0.000186956 s
Number of steps shrunk due to error control = 0
Number of derivative evaluations = 0
Number of steps shrunk due to convergence-based failure = 348
Number of convergence-based step failures (should match) = 348
CENIC Statistics:
Number of solver iterations = 21224
Number of hessian factorizations = 21224
Number of linesearch iterations = 70833

JSON Statistics:
{
  "cenic_num_convex_solves": 1299,
  "cenic_num_feasibility_calls": 1299,
  "cenic_num_feasibility_rejections_full": 328,
  "cenic_num_feasibility_rejections_half1": 1,
  "cenic_num_feasibility_rejections_half2": 19,
  "cenic_num_geometry_queries": 627,
  "cenic_scene_num_surface_triangles": 6456,
  "cenic_scene_num_tetrahedra": 19368,
  "cenic_scene_num_velocities": 120,
  "cenic_time_feasibility": 4.590530821,
  "cenic_time_geometry_queries": 2.552275483000002,
  "cenic_time_linearize": 0.0013312930000000016,
  "cenic_time_model_update": 2.8070570139999984,
  "cenic_time_problem_build": 0.25478153099999634,
  "cenic_time_solve": 19.616666683000023,
  "cenic_total_hessian_factorizations": 21224,
  "cenic_total_ls_iterations": 70833,
  "cenic_total_solver_iterations": 21224,
  "integrator_actual_initial_step_size_taken": 0.010000000000000002,
  "integrator_largest_step_size_taken": 0.10000000000000009,
  "integrator_num_derivative_evaluations": 0,
  "integrator_num_step_shrinkages_from_error_control": 0,
  "integrator_num_steps_taken": 304,
  "integrator_smallest_adapted_step_size_taken": 0.00018695583222277324
}
