Timing logs written to /home/joe/tri/drake-private/project_plan/campaign2/data/timing/hero/barrier-acc0.1-beta0.1/times.csv

Wall clock time: 254.7050
Sim time  : 100.0000 seconds

Summary written to /home/joe/tri/drake-private/project_plan/campaign2/data/timing/hero/barrier-acc0.1-beta0.1/summary_demo.json
General stats regarding discrete updates:
Number of time steps taken (simulator stats) = 10084
Number of publishes = 0
Number of discrete updates = 0
Number of "unrestricted" updates = 0

Stats for integrator CenicIntegrator with error control:
Number of time steps taken (integrator stats) = 10084
Initial time step taken =      0.001 s
Largest time step taken =       0.01 s
Smallest adapted step size =   0.000625 s
Number of steps shrunk due to error control = 0
Number of derivative evaluations = 0
Number of steps shrunk due to convergence-based failure = 189
Number of convergence-based step failures (should match) = 189
CENIC Statistics:
Number of solver iterations = 82883
Number of hessian factorizations = 82883
Number of linesearch iterations = 126469

JSON Statistics:
{
  "cenic_num_convex_solves": 30442,
  "cenic_num_feasibility_calls": 30442,
  "cenic_num_feasibility_rejections_full": 188,
  "cenic_num_feasibility_rejections_half1": 1,
  "cenic_num_feasibility_rejections_half2": 0,
  "cenic_num_geometry_queries": 20168,
  "cenic_scene_num_surface_triangles": 19036,
  "cenic_scene_num_tetrahedra": 55840,
  "cenic_scene_num_velocities": 42,
  "cenic_time_feasibility": 108.33358153300016,
  "cenic_time_geometry_queries": 87.22392137800054,
  "cenic_time_linearize": 4.327214537999997,
  "cenic_time_model_update": 94.17915570399981,
  "cenic_time_problem_build": 6.955234325999271,
  "cenic_time_solve": 46.15998277900042,
  "cenic_total_hessian_factorizations": 82883,
  "cenic_total_ls_iterations": 126469,
  "cenic_total_solver_iterations": 82883,
  "integrator_actual_initial_step_size_taken": 0.001,
  "integrator_largest_step_size_taken": 0.010000000000005116,
  "integrator_num_derivative_evaluations": 0,
  "integrator_num_step_shrinkages_from_error_control": 0,
  "integrator_num_steps_taken": 10084,
  "integrator_smallest_adapted_step_size_taken": 0.0006249999999998757
}
