Timing logs written to /home/joe/tri/drake-private/project_plan/campaign2/data/heavy/hero/barrier-acc0.1-beta1/times.csv

Wall clock time: 948.3026
Sim time  : 100.0000 seconds

Summary written to /home/joe/tri/drake-private/project_plan/campaign2/data/heavy/hero/barrier-acc0.1-beta1/summary_demo.json
Step statistics written to /home/joe/tri/drake-private/project_plan/campaign2/data/heavy/hero/barrier-acc0.1-beta1/steps.tsv
General stats regarding discrete updates:
Number of time steps taken (simulator stats) = 18954
Number of publishes = 0
Number of discrete updates = 0
Number of "unrestricted" updates = 0

Stats for integrator CenicIntegrator with error control:
Number of time steps taken (integrator stats) = 18954
Initial time step taken =      0.001 s
Largest time step taken =       0.01 s
Smallest adapted step size = 0.000244141 s
Number of steps shrunk due to error control = 0
Number of derivative evaluations = 0
Number of steps shrunk due to convergence-based failure = 21621
Number of convergence-based step failures (should match) = 21621
CENIC Statistics:
Number of solver iterations = 415419
Number of hessian factorizations = 415419
Number of linesearch iterations = 999405

JSON Statistics:
{
  "cenic_num_convex_solves": 78485,
  "cenic_num_feasibility_calls": 78485,
  "cenic_num_feasibility_rejections_full": 21620,
  "cenic_num_feasibility_rejections_half1": 0,
  "cenic_num_feasibility_rejections_half2": 1,
  "cenic_num_geometry_queries": 37909,
  "cenic_scene_num_surface_triangles": 19036,
  "cenic_scene_num_tetrahedra": 55840,
  "cenic_scene_num_velocities": 42,
  "cenic_time_feasibility": 424.1430536430008,
  "cenic_time_geometry_queries": 185.1689661450021,
  "cenic_time_linearize": 19.80650799799997,
  "cenic_time_model_update": 201.42544148200065,
  "cenic_time_problem_build": 16.256475336998562,
  "cenic_time_solve": 273.8608294870005,
  "cenic_total_hessian_factorizations": 415419,
  "cenic_total_ls_iterations": 999405,
  "cenic_total_solver_iterations": 415419,
  "integrator_actual_initial_step_size_taken": 0.001,
  "integrator_largest_step_size_taken": 0.010000000000005116,
  "integrator_num_derivative_evaluations": 0,
  "integrator_num_step_shrinkages_from_error_control": 0,
  "integrator_num_steps_taken": 18954,
  "integrator_smallest_adapted_step_size_taken": 0.000244140625
}
