Timing logs written to /home/joe/tri/drake-private/project_plan/campaign2/data/timing/hero/barrier-acc0.001-beta1/times.csv

Wall clock time: 945.0367
Sim time  : 100.0000 seconds

Summary written to /home/joe/tri/drake-private/project_plan/campaign2/data/timing/hero/barrier-acc0.001-beta1/summary_demo.json
General stats regarding discrete updates:
Number of time steps taken (simulator stats) = 21820
Number of publishes = 0
Number of discrete updates = 0
Number of "unrestricted" updates = 0

Stats for integrator CenicIntegrator with error control:
Number of time steps taken (integrator stats) = 21820
Initial time step taken =      0.001 s
Largest time step taken =       0.01 s
Smallest adapted step size = 0.000251372 s
Number of steps shrunk due to error control = 3663
Number of derivative evaluations = 0
Number of steps shrunk due to convergence-based failure = 11938
Number of convergence-based step failures (should match) = 11938
CENIC Statistics:
Number of solver iterations = 601684
Number of hessian factorizations = 601684
Number of linesearch iterations = 1280720

JSON Statistics:
{
  "cenic_num_convex_solves": 88387,
  "cenic_num_feasibility_calls": 88387,
  "cenic_num_feasibility_rejections_full": 11938,
  "cenic_num_feasibility_rejections_half1": 0,
  "cenic_num_feasibility_rejections_half2": 0,
  "cenic_num_geometry_queries": 47303,
  "cenic_scene_num_surface_triangles": 19036,
  "cenic_scene_num_tetrahedra": 55840,
  "cenic_scene_num_velocities": 42,
  "cenic_time_feasibility": 360.9934929890007,
  "cenic_time_geometry_queries": 201.38411782900081,
  "cenic_time_linearize": 15.698872143999932,
  "cenic_time_model_update": 217.41009116399852,
  "cenic_time_problem_build": 16.0259733349977,
  "cenic_time_solve": 345.7512970940052,
  "cenic_total_hessian_factorizations": 601684,
  "cenic_total_ls_iterations": 1280720,
  "cenic_total_solver_iterations": 601684,
  "integrator_actual_initial_step_size_taken": 0.001,
  "integrator_largest_step_size_taken": 0.010000000000005116,
  "integrator_num_derivative_evaluations": 0,
  "integrator_num_step_shrinkages_from_error_control": 3663,
  "integrator_num_steps_taken": 21820,
  "integrator_smallest_adapted_step_size_taken": 0.00025137169762728647
}
