
Wall clock time: 132.4978814125061

x_final: -2.4866501458987394e-07

Summary written to /home/joe/tri/drake-private/project_plan/campaign2/data/heavy/nut_and_bolt/acc0.1-beta0.1/summary_demo.json
Step statistics written to /home/joe/tri/drake-private/project_plan/campaign2/data/heavy/nut_and_bolt/acc0.1-beta0.1/steps.tsv
General stats regarding discrete updates:
Number of time steps taken (simulator stats) = 445
Number of publishes = 0
Number of discrete updates = 0
Number of "unrestricted" updates = 0

Stats for integrator CenicIntegrator with error control:
Number of time steps taken (integrator stats) = 445
Initial time step taken =       0.01 s
Largest time step taken =        0.1 s
Smallest adapted step size = 0.000118477 s
Number of steps shrunk due to error control = 0
Number of derivative evaluations = 0
Number of steps shrunk due to convergence-based failure = 916
Number of convergence-based step failures (should match) = 916
CENIC Statistics:
Number of solver iterations = 16098
Number of hessian factorizations = 16098
Number of linesearch iterations = 9696

JSON Statistics:
{
  "cenic_num_convex_solves": 2300,
  "cenic_num_feasibility_calls": 2300,
  "cenic_num_feasibility_rejections_full": 890,
  "cenic_num_feasibility_rejections_half1": 3,
  "cenic_num_feasibility_rejections_half2": 23,
  "cenic_num_geometry_queries": 913,
  "cenic_scene_num_surface_triangles": 17614,
  "cenic_scene_num_tetrahedra": 52842,
  "cenic_scene_num_velocities": 6,
  "cenic_time_feasibility": 50.65675283300004,
  "cenic_time_geometry_queries": 71.23338507800004,
  "cenic_time_linearize": 0.05088510299999993,
  "cenic_time_model_update": 71.80500197500001,
  "cenic_time_problem_build": 0.57161689699997,
  "cenic_time_solve": 9.758015813999984,
  "cenic_total_hessian_factorizations": 16098,
  "cenic_total_ls_iterations": 9696,
  "cenic_total_solver_iterations": 16098,
  "integrator_actual_initial_step_size_taken": 0.010000000000000002,
  "integrator_largest_step_size_taken": 0.10000000000000009,
  "integrator_num_derivative_evaluations": 0,
  "integrator_num_step_shrinkages_from_error_control": 0,
  "integrator_num_steps_taken": 445,
  "integrator_smallest_adapted_step_size_taken": 0.00011847713173417257
}
