AdvanceTo() time [sec]: 27.112327441
General stats regarding discrete updates:
Number of time steps taken (simulator stats) = 337
Number of publishes = 0
Number of discrete updates = 0
Number of "unrestricted" updates = 0

Stats for integrator CenicIntegrator with error control:
Number of time steps taken (integrator stats) = 337
Initial time step taken =       0.01 s
Largest time step taken =  0.0413548 s
Smallest adapted step size = 0.000245552 s
Number of steps shrunk due to error control = 0
Number of derivative evaluations = 0
Number of steps shrunk due to convergence-based failure = 570
Number of convergence-based step failures (should match) = 570
CENIC Statistics:
Number of solver iterations = 15096
Number of hessian factorizations = 15096
Number of linesearch iterations = 55127

JSON Statistics:
{
  "cenic_num_convex_solves": 1646,
  "cenic_num_feasibility_calls": 1646,
  "cenic_num_feasibility_rejections_full": 537,
  "cenic_num_feasibility_rejections_half1": 1,
  "cenic_num_feasibility_rejections_half2": 32,
  "cenic_num_geometry_queries": 706,
  "cenic_scene_num_surface_triangles": 6456,
  "cenic_scene_num_tetrahedra": 19368,
  "cenic_scene_num_velocities": 120,
  "cenic_time_feasibility": 5.659095432999985,
  "cenic_time_geometry_queries": 3.1563065030000015,
  "cenic_time_linearize": 0.0016803679999999994,
  "cenic_time_model_update": 3.482118998999999,
  "cenic_time_problem_build": 0.3258124959999975,
  "cenic_time_solve": 17.815967830999977,
  "cenic_total_hessian_factorizations": 15096,
  "cenic_total_ls_iterations": 55127,
  "cenic_total_solver_iterations": 15096,
  "integrator_actual_initial_step_size_taken": 0.010000000000000002,
  "integrator_largest_step_size_taken": 0.041354757620196914,
  "integrator_num_derivative_evaluations": 0,
  "integrator_num_step_shrinkages_from_error_control": 0,
  "integrator_num_steps_taken": 337,
  "integrator_smallest_adapted_step_size_taken": 0.00024555196309597466
}
