AdvanceTo() time [sec]: 13.266259367
General stats regarding discrete updates:
Number of time steps taken (simulator stats) = 169
Number of publishes = 0
Number of discrete updates = 0
Number of "unrestricted" updates = 0

Stats for integrator CenicIntegrator with error control:
Number of time steps taken (integrator stats) = 169
Initial time step taken =       0.01 s
Largest time step taken =        0.1 s
Smallest adapted step size = 0.000746871 s
Number of steps shrunk due to error control = 36
Number of derivative evaluations = 0
Number of steps shrunk due to convergence-based failure = 88
Number of convergence-based step failures (should match) = 88
CENIC Statistics:
Number of solver iterations = 9243
Number of hessian factorizations = 9243
Number of linesearch iterations = 37956

JSON Statistics:
{
  "cenic_num_convex_solves": 715,
  "cenic_num_feasibility_calls": 715,
  "cenic_num_feasibility_rejections_full": 82,
  "cenic_num_feasibility_rejections_half1": 0,
  "cenic_num_feasibility_rejections_half2": 6,
  "cenic_num_geometry_queries": 380,
  "cenic_scene_num_surface_triangles": 6456,
  "cenic_scene_num_tetrahedra": 19368,
  "cenic_scene_num_velocities": 120,
  "cenic_time_feasibility": 2.231111875999999,
  "cenic_time_geometry_queries": 1.5356135929999992,
  "cenic_time_linearize": 0.0005647449999999999,
  "cenic_time_model_update": 1.6842709959999993,
  "cenic_time_problem_build": 0.14865740300000008,
  "cenic_time_solve": 9.303561590999989,
  "cenic_total_hessian_factorizations": 9243,
  "cenic_total_ls_iterations": 37956,
  "cenic_total_solver_iterations": 9243,
  "integrator_actual_initial_step_size_taken": 0.010000000000000002,
  "integrator_largest_step_size_taken": 0.10000000000000009,
  "integrator_num_derivative_evaluations": 0,
  "integrator_num_step_shrinkages_from_error_control": 36,
  "integrator_num_steps_taken": 169,
  "integrator_smallest_adapted_step_size_taken": 0.0007468707515757089
}
