
Wall clock time: 25.46492600440979

x_final: -0.00011382261909795825

Summary written to /home/joe/tri/drake-private/project_plan/campaign2/data/heavy/nut_and_bolt/acc0.1-beta0.01/summary_demo.json
Step statistics written to /home/joe/tri/drake-private/project_plan/campaign2/data/heavy/nut_and_bolt/acc0.1-beta0.01/steps.tsv
General stats regarding discrete updates:
Number of time steps taken (simulator stats) = 140
Number of publishes = 0
Number of discrete updates = 0
Number of "unrestricted" updates = 0

Stats for integrator CenicIntegrator with error control:
Number of time steps taken (integrator stats) = 140
Initial time step taken =       0.01 s
Largest time step taken =        0.1 s
Smallest adapted step size = 0.000238419 s
Number of steps shrunk due to error control = 1
Number of derivative evaluations = 0
Number of steps shrunk due to convergence-based failure = 188
Number of convergence-based step failures (should match) = 188
CENIC Statistics:
Number of solver iterations = 5194
Number of hessian factorizations = 5194
Number of linesearch iterations = 7156

JSON Statistics:
{
  "cenic_num_convex_solves": 674,
  "cenic_num_feasibility_calls": 674,
  "cenic_num_feasibility_rejections_full": 148,
  "cenic_num_feasibility_rejections_half1": 17,
  "cenic_num_feasibility_rejections_half2": 23,
  "cenic_num_geometry_queries": 304,
  "cenic_scene_num_surface_triangles": 17614,
  "cenic_scene_num_tetrahedra": 52842,
  "cenic_scene_num_velocities": 6,
  "cenic_time_feasibility": 5.210383512000001,
  "cenic_time_geometry_queries": 15.392603389000005,
  "cenic_time_linearize": 0.009958764999999996,
  "cenic_time_model_update": 15.684155075000001,
  "cenic_time_problem_build": 0.2915516859999965,
  "cenic_time_solve": 4.487684102000002,
  "cenic_total_hessian_factorizations": 5194,
  "cenic_total_ls_iterations": 7156,
  "cenic_total_solver_iterations": 5194,
  "integrator_actual_initial_step_size_taken": 0.010000000000000002,
  "integrator_largest_step_size_taken": 0.10000000000000009,
  "integrator_num_derivative_evaluations": 0,
  "integrator_num_step_shrinkages_from_error_control": 1,
  "integrator_num_steps_taken": 140,
  "integrator_smallest_adapted_step_size_taken": 0.00023841857910156253
}
