
Wall clock time: 42.311827421188354

x_final: 1.2615931706319852

Summary written to /home/joe/tri/drake-private/project_plan/campaign2/data/heavy/spiral/bm5e-05-acc0.001-beta1/summary_demo.json
Step statistics written to /home/joe/tri/drake-private/project_plan/campaign2/data/heavy/spiral/bm5e-05-acc0.001-beta1/steps.tsv
General stats regarding discrete updates:
Number of time steps taken (simulator stats) = 1065
Number of publishes = 0
Number of discrete updates = 0
Number of "unrestricted" updates = 0

Stats for integrator CenicIntegrator with error control:
Number of time steps taken (integrator stats) = 1065
Initial time step taken =      0.005 s
Largest time step taken =  0.0684262 s
Smallest adapted step size = 8.20673e-05 s
Number of steps shrunk due to error control = 324
Number of derivative evaluations = 0
Number of steps shrunk due to convergence-based failure = 626
Number of convergence-based step failures (should match) = 626
CENIC Statistics:
Number of solver iterations = 24783
Number of hessian factorizations = 24783
Number of linesearch iterations = 19597

JSON Statistics:
{
  "cenic_num_convex_solves": 4940,
  "cenic_num_feasibility_calls": 4940,
  "cenic_num_feasibility_rejections_full": 552,
  "cenic_num_feasibility_rejections_half1": 1,
  "cenic_num_feasibility_rejections_half2": 73,
  "cenic_num_geometry_queries": 2527,
  "cenic_scene_num_surface_triangles": 10080,
  "cenic_scene_num_tetrahedra": 54792,
  "cenic_scene_num_velocities": 6,
  "cenic_time_feasibility": 24.76978625900006,
  "cenic_time_geometry_queries": 11.509588848000032,
  "cenic_time_linearize": 0.008171108000000014,
  "cenic_time_model_update": 11.856186926000017,
  "cenic_time_problem_build": 0.3465980779999853,
  "cenic_time_solve": 5.369997018999995,
  "cenic_total_hessian_factorizations": 24783,
  "cenic_total_ls_iterations": 19597,
  "cenic_total_solver_iterations": 24783,
  "integrator_actual_initial_step_size_taken": 0.005000000000000001,
  "integrator_largest_step_size_taken": 0.06842619492106472,
  "integrator_num_derivative_evaluations": 0,
  "integrator_num_step_shrinkages_from_error_control": 324,
  "integrator_num_steps_taken": 1065,
  "integrator_smallest_adapted_step_size_taken": 8.206731835905784e-05
}
