Timing logs written to /home/joe/tri/drake-private/project_plan/campaign2/data/timing/hero/volumetric-acc0.001-beta0.01/times.csv

Wall clock time: 134.9824
Sim time  : 100.0000 seconds

Summary written to /home/joe/tri/drake-private/project_plan/campaign2/data/timing/hero/volumetric-acc0.001-beta0.01/summary_demo.json
General stats regarding discrete updates:
Number of time steps taken (simulator stats) = 10212
Number of publishes = 0
Number of discrete updates = 0
Number of "unrestricted" updates = 0

Stats for integrator CenicIntegrator with error control:
Number of time steps taken (integrator stats) = 10212
Initial time step taken =      0.001 s
Largest time step taken =       0.01 s
Smallest adapted step size = 0.000662207 s
Number of steps shrunk due to error control = 241
Number of derivative evaluations = 0
Number of steps shrunk due to convergence-based failure = 0
Number of convergence-based step failures (should match) = 0
CENIC Statistics:
Number of solver iterations = 83701
Number of hessian factorizations = 83701
Number of linesearch iterations = 88194

JSON Statistics:
{
  "cenic_num_convex_solves": 31359,
  "cenic_num_feasibility_calls": 31359,
  "cenic_num_feasibility_rejections_full": 0,
  "cenic_num_feasibility_rejections_half1": 0,
  "cenic_num_feasibility_rejections_half2": 0,
  "cenic_num_geometry_queries": 20665,
  "cenic_scene_num_surface_triangles": 18988,
  "cenic_scene_num_tetrahedra": 72588,
  "cenic_scene_num_velocities": 42,
  "cenic_time_feasibility": 4.081363318999983,
  "cenic_time_geometry_queries": 90.08206740599981,
  "cenic_time_linearize": 4.0057794079999836,
  "cenic_time_model_update": 94.21747254999968,
  "cenic_time_problem_build": 4.135405143999876,
  "cenic_time_solve": 31.540816141000068,
  "cenic_total_hessian_factorizations": 83701,
  "cenic_total_ls_iterations": 88194,
  "cenic_total_solver_iterations": 83701,
  "integrator_actual_initial_step_size_taken": 0.001,
  "integrator_largest_step_size_taken": 0.010000000000005116,
  "integrator_num_derivative_evaluations": 0,
  "integrator_num_step_shrinkages_from_error_control": 241,
  "integrator_num_steps_taken": 10212,
  "integrator_smallest_adapted_step_size_taken": 0.000662207010527332
}
