AdvanceTo() time [sec]: 106.574046013
General stats regarding discrete updates:
Number of time steps taken (simulator stats) = 105
Number of publishes = 0
Number of discrete updates = 0
Number of "unrestricted" updates = 0

Stats for integrator CenicIntegrator with error control:
Number of time steps taken (integrator stats) = 105
Initial time step taken =       0.01 s
Largest time step taken =        0.1 s
Smallest adapted step size = 0.00147229 s
Number of steps shrunk due to error control = 0
Number of derivative evaluations = 0
Number of steps shrunk due to convergence-based failure = 74
Number of convergence-based step failures (should match) = 74
CENIC Statistics:
Number of solver iterations = 6287
Number of hessian factorizations = 6287
Number of linesearch iterations = 15721

JSON Statistics:
{
  "cenic_num_feasibility_rejections_full": 71,
  "cenic_num_feasibility_rejections_half1": 0,
  "cenic_num_feasibility_rejections_half2": 3,
  "cenic_time_feasibility": 7.522867089,
  "cenic_time_linearize": 0.00030761,
  "cenic_time_model_update": 76.93178868099999,
  "cenic_time_solve": 22.049663401999982,
  "cenic_total_hessian_factorizations": 6287,
  "cenic_total_ls_iterations": 15721,
  "cenic_total_solver_iterations": 6287,
  "integrator_actual_initial_step_size_taken": 0.010000000000000002,
  "integrator_largest_step_size_taken": 0.10000000000000009,
  "integrator_num_derivative_evaluations": 0,
  "integrator_num_step_shrinkages_from_error_control": 0,
  "integrator_num_steps_taken": 105,
  "integrator_smallest_adapted_step_size_taken": 0.0014722912460484645
}
