AdvanceTo() time [sec]: 145.951295775
General stats regarding discrete updates:
Number of time steps taken (simulator stats) = 937
Number of publishes = 0
Number of discrete updates = 0
Number of "unrestricted" updates = 0

Stats for integrator CenicIntegrator with error control:
Number of time steps taken (integrator stats) = 937
Initial time step taken =       0.01 s
Largest time step taken =        0.1 s
Smallest adapted step size = 1.64944e-05 s
Number of steps shrunk due to error control = 474
Number of derivative evaluations = 0
Number of steps shrunk due to convergence-based failure = 97
Number of convergence-based step failures (should match) = 97
CENIC Statistics:
Number of solver iterations = 42074
Number of hessian factorizations = 42074
Number of linesearch iterations = 90014

JSON Statistics:
{
  "cenic_num_convex_solves": 4332,
  "cenic_num_feasibility_calls": 4332,
  "cenic_num_feasibility_rejections_full": 96,
  "cenic_num_feasibility_rejections_half1": 0,
  "cenic_num_feasibility_rejections_half2": 1,
  "cenic_num_geometry_queries": 2349,
  "cenic_scene_num_surface_triangles": 4148,
  "cenic_scene_num_tetrahedra": 12444,
  "cenic_scene_num_velocities": 120,
  "cenic_time_feasibility": 34.792189757999964,
  "cenic_time_geometry_queries": 30.283537706000015,
  "cenic_time_linearize": 0.001686869,
  "cenic_time_model_update": 32.04555434800003,
  "cenic_time_problem_build": 1.7620166420000167,
  "cenic_time_solve": 78.62732094200001,
  "cenic_total_hessian_factorizations": 42074,
  "cenic_total_ls_iterations": 90014,
  "cenic_total_solver_iterations": 42074,
  "integrator_actual_initial_step_size_taken": 0.010000000000000002,
  "integrator_largest_step_size_taken": 0.10000000000000009,
  "integrator_num_derivative_evaluations": 0,
  "integrator_num_step_shrinkages_from_error_control": 474,
  "integrator_num_steps_taken": 937,
  "integrator_smallest_adapted_step_size_taken": 1.6494434677624798e-05
}
