
Wall clock time: 36.17631244659424

x_final: 1.0544676690156674

Summary written to /home/joe/tri/drake-private/project_plan/campaign2/data/heavy/spiral/bm5e-05-acc0.1-beta0.01/summary_demo.json
Step statistics written to /home/joe/tri/drake-private/project_plan/campaign2/data/heavy/spiral/bm5e-05-acc0.1-beta0.01/steps.tsv
General stats regarding discrete updates:
Number of time steps taken (simulator stats) = 699
Number of publishes = 0
Number of discrete updates = 0
Number of "unrestricted" updates = 0

Stats for integrator CenicIntegrator with error control:
Number of time steps taken (integrator stats) = 699
Initial time step taken =      0.005 s
Largest time step taken =        0.1 s
Smallest adapted step size = 7.76762e-05 s
Number of steps shrunk due to error control = 1
Number of derivative evaluations = 0
Number of steps shrunk due to convergence-based failure = 1447
Number of convergence-based step failures (should match) = 1447
CENIC Statistics:
Number of solver iterations = 41430
Number of hessian factorizations = 41430
Number of linesearch iterations = 30012

JSON Statistics:
{
  "cenic_num_convex_solves": 4118,
  "cenic_num_feasibility_calls": 4118,
  "cenic_num_feasibility_rejections_full": 1132,
  "cenic_num_feasibility_rejections_half1": 59,
  "cenic_num_feasibility_rejections_half2": 256,
  "cenic_num_geometry_queries": 1655,
  "cenic_scene_num_surface_triangles": 10080,
  "cenic_scene_num_tetrahedra": 54792,
  "cenic_scene_num_velocities": 6,
  "cenic_time_feasibility": 20.037111658000025,
  "cenic_time_geometry_queries": 7.938987241000009,
  "cenic_time_linearize": 0.006968952999999994,
  "cenic_time_model_update": 8.15898510300001,
  "cenic_time_problem_build": 0.2199978620000005,
  "cenic_time_solve": 7.673733589000001,
  "cenic_total_hessian_factorizations": 41430,
  "cenic_total_ls_iterations": 30012,
  "cenic_total_solver_iterations": 41430,
  "integrator_actual_initial_step_size_taken": 0.005000000000000001,
  "integrator_largest_step_size_taken": 0.10000000000000009,
  "integrator_num_derivative_evaluations": 0,
  "integrator_num_step_shrinkages_from_error_control": 1,
  "integrator_num_steps_taken": 699,
  "integrator_smallest_adapted_step_size_taken": 7.767623232718441e-05
}
