Timing logs written to /home/joe/tri/drake-private/project_plan/campaign2/data/timing/hero/volumetric-acc0.1-beta1/times.csv

Wall clock time: 169.3222
Sim time  : 100.0000 seconds

Summary written to /home/joe/tri/drake-private/project_plan/campaign2/data/timing/hero/volumetric-acc0.1-beta1/summary_demo.json
General stats regarding discrete updates:
Number of time steps taken (simulator stats) = 10002
Number of publishes = 0
Number of discrete updates = 0
Number of "unrestricted" updates = 0

Stats for integrator CenicIntegrator with error control:
Number of time steps taken (integrator stats) = 10002
Initial time step taken =      0.001 s
Largest time step taken =       0.01 s
Smallest adapted step size =      0.001 s
Number of steps shrunk due to error control = 0
Number of derivative evaluations = 0
Number of steps shrunk due to convergence-based failure = 0
Number of convergence-based step failures (should match) = 0
CENIC Statistics:
Number of solver iterations = 97047
Number of hessian factorizations = 97047
Number of linesearch iterations = 204893

JSON Statistics:
{
  "cenic_num_convex_solves": 30006,
  "cenic_num_feasibility_calls": 30006,
  "cenic_num_feasibility_rejections_full": 0,
  "cenic_num_feasibility_rejections_half1": 0,
  "cenic_num_feasibility_rejections_half2": 0,
  "cenic_num_geometry_queries": 20004,
  "cenic_scene_num_surface_triangles": 18988,
  "cenic_scene_num_tetrahedra": 72588,
  "cenic_scene_num_velocities": 42,
  "cenic_time_feasibility": 3.8585571989999607,
  "cenic_time_geometry_queries": 107.9959750799998,
  "cenic_time_linearize": 3.921618636999984,
  "cenic_time_model_update": 112.63409724200028,
  "cenic_time_problem_build": 4.638122162000485,
  "cenic_time_solve": 47.77454486500011,
  "cenic_total_hessian_factorizations": 97047,
  "cenic_total_ls_iterations": 204893,
  "cenic_total_solver_iterations": 97047,
  "integrator_actual_initial_step_size_taken": 0.001,
  "integrator_largest_step_size_taken": 0.010000000000005116,
  "integrator_num_derivative_evaluations": 0,
  "integrator_num_step_shrinkages_from_error_control": 0,
  "integrator_num_steps_taken": 10002,
  "integrator_smallest_adapted_step_size_taken": 0.001
}
