
Wall clock time: 48.67455530166626

x_final: 1.5193690001387616

Summary written to /home/joe/tri/drake-private/project_plan/campaign2/data/heavy/spiral/bm2e-05-acc0.001-beta1/summary_demo.json
Step statistics written to /home/joe/tri/drake-private/project_plan/campaign2/data/heavy/spiral/bm2e-05-acc0.001-beta1/steps.tsv
General stats regarding discrete updates:
Number of time steps taken (simulator stats) = 1607
Number of publishes = 0
Number of discrete updates = 0
Number of "unrestricted" updates = 0

Stats for integrator CenicIntegrator with error control:
Number of time steps taken (integrator stats) = 1607
Initial time step taken =      0.005 s
Largest time step taken =  0.0468251 s
Smallest adapted step size = 8.19037e-05 s
Number of steps shrunk due to error control = 248
Number of derivative evaluations = 0
Number of steps shrunk due to convergence-based failure = 1868
Number of convergence-based step failures (should match) = 1868
CENIC Statistics:
Number of solver iterations = 33950
Number of hessian factorizations = 33950
Number of linesearch iterations = 27077

JSON Statistics:
{
  "cenic_num_convex_solves": 7774,
  "cenic_num_feasibility_calls": 7774,
  "cenic_num_feasibility_rejections_full": 1694,
  "cenic_num_feasibility_rejections_half1": 7,
  "cenic_num_feasibility_rejections_half2": 167,
  "cenic_num_geometry_queries": 3629,
  "cenic_scene_num_surface_triangles": 10080,
  "cenic_scene_num_tetrahedra": 54792,
  "cenic_scene_num_velocities": 6,
  "cenic_time_feasibility": 34.39504409600012,
  "cenic_time_geometry_queries": 10.566977398999981,
  "cenic_time_linearize": 0.014574856000000008,
  "cenic_time_model_update": 10.845644544999999,
  "cenic_time_problem_build": 0.27866714600001785,
  "cenic_time_solve": 2.967575138999995,
  "cenic_total_hessian_factorizations": 33950,
  "cenic_total_ls_iterations": 27077,
  "cenic_total_solver_iterations": 33950,
  "integrator_actual_initial_step_size_taken": 0.005000000000000001,
  "integrator_largest_step_size_taken": 0.04682514240636948,
  "integrator_num_derivative_evaluations": 0,
  "integrator_num_step_shrinkages_from_error_control": 248,
  "integrator_num_steps_taken": 1607,
  "integrator_smallest_adapted_step_size_taken": 8.190365787772534e-05
}
