AdvanceTo() time [sec]: 78.907990123
General stats regarding discrete updates:
Number of time steps taken (simulator stats) = 150
Number of publishes = 0
Number of discrete updates = 0
Number of "unrestricted" updates = 0

Stats for integrator CenicIntegrator with error control:
Number of time steps taken (integrator stats) = 150
Initial time step taken =       0.01 s
Largest time step taken =        0.1 s
Smallest adapted step size = 0.000841909 s
Number of steps shrunk due to error control = 53
Number of derivative evaluations = 0
Number of steps shrunk due to convergence-based failure = 42
Number of convergence-based step failures (should match) = 42
CENIC Statistics:
Number of solver iterations = 9268
Number of hessian factorizations = 9268
Number of linesearch iterations = 21782

JSON Statistics:
{
  "cenic_num_feasibility_rejections_full": 42,
  "cenic_num_feasibility_rejections_half1": 0,
  "cenic_num_feasibility_rejections_half2": 0,
  "cenic_time_feasibility": 4.065317814000002,
  "cenic_time_linearize": 0.00036503100000000014,
  "cenic_time_model_update": 40.406827445999994,
  "cenic_time_solve": 34.32789638300001,
  "cenic_total_hessian_factorizations": 9268,
  "cenic_total_ls_iterations": 21782,
  "cenic_total_solver_iterations": 9268,
  "integrator_actual_initial_step_size_taken": 0.010000000000000002,
  "integrator_largest_step_size_taken": 0.10000000000000009,
  "integrator_num_derivative_evaluations": 0,
  "integrator_num_step_shrinkages_from_error_control": 53,
  "integrator_num_steps_taken": 150,
  "integrator_smallest_adapted_step_size_taken": 0.0008419092224587905
}
