AdvanceTo() time [sec]: 317.183577803
General stats regarding discrete updates:
Number of time steps taken (simulator stats) = 1235
Number of publishes = 0
Number of discrete updates = 0
Number of "unrestricted" updates = 0

Stats for integrator CenicIntegrator with error control:
Number of time steps taken (integrator stats) = 1235
Initial time step taken =       0.01 s
Largest time step taken =  0.0798545 s
Smallest adapted step size = 1.23289e-05 s
Number of steps shrunk due to error control = 785
Number of derivative evaluations = 0
Number of steps shrunk due to convergence-based failure = 8
Number of convergence-based step failures (should match) = 8
CENIC Statistics:
Number of solver iterations = 51016
Number of hessian factorizations = 51016
Number of linesearch iterations = 127700

JSON Statistics:
{
  "cenic_num_convex_solves": 6068,
  "cenic_num_feasibility_calls": 6068,
  "cenic_num_feasibility_rejections_full": 8,
  "cenic_num_feasibility_rejections_half1": 0,
  "cenic_num_feasibility_rejections_half2": 0,
  "cenic_num_geometry_queries": 3255,
  "cenic_scene_num_surface_triangles": 4148,
  "cenic_scene_num_tetrahedra": 12444,
  "cenic_scene_num_velocities": 120,
  "cenic_time_feasibility": 53.69619358800019,
  "cenic_time_geometry_queries": 85.45961071800016,
  "cenic_time_linearize": 0.002832765000000001,
  "cenic_time_model_update": 89.61136334100019,
  "cenic_time_problem_build": 4.1517526230000215,
  "cenic_time_solve": 172.8881807690001,
  "cenic_total_hessian_factorizations": 51016,
  "cenic_total_ls_iterations": 127700,
  "cenic_total_solver_iterations": 51016,
  "integrator_actual_initial_step_size_taken": 0.010000000000000002,
  "integrator_largest_step_size_taken": 0.07985453494582151,
  "integrator_num_derivative_evaluations": 0,
  "integrator_num_step_shrinkages_from_error_control": 785,
  "integrator_num_steps_taken": 1235,
  "integrator_smallest_adapted_step_size_taken": 1.2328907556786219e-05
}
