Timing logs written to /home/joe/tri/drake-private/project_plan/campaign2/data/timing/hero/volumetric-acc0.01-beta0.1/times.csv

Wall clock time: 135.1715
Sim time  : 100.0000 seconds

Summary written to /home/joe/tri/drake-private/project_plan/campaign2/data/timing/hero/volumetric-acc0.01-beta0.1/summary_demo.json
General stats regarding discrete updates:
Number of time steps taken (simulator stats) = 10009
Number of publishes = 0
Number of discrete updates = 0
Number of "unrestricted" updates = 0

Stats for integrator CenicIntegrator with error control:
Number of time steps taken (integrator stats) = 10009
Initial time step taken =      0.001 s
Largest time step taken =       0.01 s
Smallest adapted step size =      0.001 s
Number of steps shrunk due to error control = 19
Number of derivative evaluations = 0
Number of steps shrunk due to convergence-based failure = 0
Number of convergence-based step failures (should match) = 0
CENIC Statistics:
Number of solver iterations = 68975
Number of hessian factorizations = 68975
Number of linesearch iterations = 72873

JSON Statistics:
{
  "cenic_num_convex_solves": 30084,
  "cenic_num_feasibility_calls": 30084,
  "cenic_num_feasibility_rejections_full": 0,
  "cenic_num_feasibility_rejections_half1": 0,
  "cenic_num_feasibility_rejections_half2": 0,
  "cenic_num_geometry_queries": 20037,
  "cenic_scene_num_surface_triangles": 18988,
  "cenic_scene_num_tetrahedra": 72588,
  "cenic_scene_num_velocities": 42,
  "cenic_time_feasibility": 3.990205676000003,
  "cenic_time_geometry_queries": 95.95253124400054,
  "cenic_time_linearize": 3.928096835999999,
  "cenic_time_model_update": 100.06782774099922,
  "cenic_time_problem_build": 4.115296496998681,
  "cenic_time_solve": 26.07309778499993,
  "cenic_total_hessian_factorizations": 68975,
  "cenic_total_ls_iterations": 72873,
  "cenic_total_solver_iterations": 68975,
  "integrator_actual_initial_step_size_taken": 0.001,
  "integrator_largest_step_size_taken": 0.010000000000005116,
  "integrator_num_derivative_evaluations": 0,
  "integrator_num_step_shrinkages_from_error_control": 19,
  "integrator_num_steps_taken": 10009,
  "integrator_smallest_adapted_step_size_taken": 0.001
}
