Timing logs written to /home/joe/tri/drake-private/project_plan/campaign2/data/heavy/hero/barrier-acc0.1-beta0.01/times.csv

Wall clock time: 387.4344
Sim time  : 100.0000 seconds

Summary written to /home/joe/tri/drake-private/project_plan/campaign2/data/heavy/hero/barrier-acc0.1-beta0.01/summary_demo.json
Step statistics written to /home/joe/tri/drake-private/project_plan/campaign2/data/heavy/hero/barrier-acc0.1-beta0.01/steps.tsv
General stats regarding discrete updates:
Number of time steps taken (simulator stats) = 10088
Number of publishes = 0
Number of discrete updates = 0
Number of "unrestricted" updates = 0

Stats for integrator CenicIntegrator with error control:
Number of time steps taken (integrator stats) = 10088
Initial time step taken =      0.001 s
Largest time step taken =       0.01 s
Smallest adapted step size =   0.000625 s
Number of steps shrunk due to error control = 0
Number of derivative evaluations = 0
Number of steps shrunk due to convergence-based failure = 201
Number of convergence-based step failures (should match) = 201
CENIC Statistics:
Number of solver iterations = 80917
Number of hessian factorizations = 80917
Number of linesearch iterations = 127021

JSON Statistics:
{
  "cenic_num_convex_solves": 30469,
  "cenic_num_feasibility_calls": 30469,
  "cenic_num_feasibility_rejections_full": 199,
  "cenic_num_feasibility_rejections_half1": 0,
  "cenic_num_feasibility_rejections_half2": 2,
  "cenic_num_geometry_queries": 20178,
  "cenic_scene_num_surface_triangles": 19036,
  "cenic_scene_num_tetrahedra": 55840,
  "cenic_scene_num_velocities": 42,
  "cenic_time_feasibility": 206.71822450499815,
  "cenic_time_geometry_queries": 109.18725204300017,
  "cenic_time_linearize": 5.208256761000011,
  "cenic_time_model_update": 118.29049081800018,
  "cenic_time_problem_build": 9.103238775000008,
  "cenic_time_solve": 52.07930093699977,
  "cenic_total_hessian_factorizations": 80917,
  "cenic_total_ls_iterations": 127021,
  "cenic_total_solver_iterations": 80917,
  "integrator_actual_initial_step_size_taken": 0.001,
  "integrator_largest_step_size_taken": 0.010000000000005116,
  "integrator_num_derivative_evaluations": 0,
  "integrator_num_step_shrinkages_from_error_control": 0,
  "integrator_num_steps_taken": 10088,
  "integrator_smallest_adapted_step_size_taken": 0.0006249999999998757
}
