AdvanceTo() time [sec]: 618.201233714
General stats regarding discrete updates:
Number of time steps taken (simulator stats) = 440
Number of publishes = 0
Number of discrete updates = 0
Number of "unrestricted" updates = 0

Stats for integrator CenicIntegrator with error control:
Number of time steps taken (integrator stats) = 440
Initial time step taken =       0.01 s
Largest time step taken =        0.1 s
Smallest adapted step size =  0.0002075 s
Number of steps shrunk due to error control = 186
Number of derivative evaluations = 0
Number of steps shrunk due to convergence-based failure = 15
Number of convergence-based step failures (should match) = 15
CENIC Statistics:
Number of solver iterations = 17070
Number of hessian factorizations = 17070
Number of linesearch iterations = 36799

JSON Statistics:
{
  "cenic_num_feasibility_rejections_full": 15,
  "cenic_num_feasibility_rejections_half1": 0,
  "cenic_num_feasibility_rejections_half2": 0,
  "cenic_time_feasibility": 11.666088850999948,
  "cenic_time_linearize": 0.0010750550000000016,
  "cenic_time_model_update": 507.7058154219997,
  "cenic_time_solve": 98.38689881400002,
  "cenic_total_hessian_factorizations": 17070,
  "cenic_total_ls_iterations": 36799,
  "cenic_total_solver_iterations": 17070,
  "integrator_actual_initial_step_size_taken": 0.010000000000000002,
  "integrator_largest_step_size_taken": 0.10000000000000009,
  "integrator_num_derivative_evaluations": 0,
  "integrator_num_step_shrinkages_from_error_control": 186,
  "integrator_num_steps_taken": 440,
  "integrator_smallest_adapted_step_size_taken": 0.0002074998908012736
}
