AdvanceTo() time [sec]: 217.153661676
General stats regarding discrete updates:
Number of time steps taken (simulator stats) = 768
Number of publishes = 0
Number of discrete updates = 0
Number of "unrestricted" updates = 0

Stats for integrator CenicIntegrator with error control:
Number of time steps taken (integrator stats) = 768
Initial time step taken =       0.01 s
Largest time step taken =  0.0191656 s
Smallest adapted step size = 7.10697e-05 s
Number of steps shrunk due to error control = 178
Number of derivative evaluations = 0
Number of steps shrunk due to convergence-based failure = 420
Number of convergence-based step failures (should match) = 420
CENIC Statistics:
Number of solver iterations = 30001
Number of hessian factorizations = 30001
Number of linesearch iterations = 86040

JSON Statistics:
{
  "cenic_num_convex_solves": 3266,
  "cenic_num_feasibility_calls": 3266,
  "cenic_num_feasibility_rejections_full": 416,
  "cenic_num_feasibility_rejections_half1": 0,
  "cenic_num_feasibility_rejections_half2": 4,
  "cenic_num_geometry_queries": 1718,
  "cenic_scene_num_surface_triangles": 4148,
  "cenic_scene_num_tetrahedra": 12444,
  "cenic_scene_num_velocities": 120,
  "cenic_time_feasibility": 28.38027155100002,
  "cenic_time_geometry_queries": 52.38775804400001,
  "cenic_time_linearize": 0.0019951889999999996,
  "cenic_time_model_update": 55.166920432,
  "cenic_time_problem_build": 2.779162387999989,
  "cenic_time_solve": 132.99887886199997,
  "cenic_total_hessian_factorizations": 30001,
  "cenic_total_ls_iterations": 86040,
  "cenic_total_solver_iterations": 30001,
  "integrator_actual_initial_step_size_taken": 0.010000000000000002,
  "integrator_largest_step_size_taken": 0.019165641438751213,
  "integrator_num_derivative_evaluations": 0,
  "integrator_num_step_shrinkages_from_error_control": 178,
  "integrator_num_steps_taken": 768,
  "integrator_smallest_adapted_step_size_taken": 7.10697182156654e-05
}
