
Wall clock time: 37.70051407814026

x_final: 0.44917271695634625

Summary written to /home/joe/tri/drake-private/project_plan/campaign2/data/heavy/spiral/bm2e-05-acc0.1-beta0.01/summary_demo.json
Step statistics written to /home/joe/tri/drake-private/project_plan/campaign2/data/heavy/spiral/bm2e-05-acc0.1-beta0.01/steps.tsv
General stats regarding discrete updates:
Number of time steps taken (simulator stats) = 912
Number of publishes = 0
Number of discrete updates = 0
Number of "unrestricted" updates = 0

Stats for integrator CenicIntegrator with error control:
Number of time steps taken (integrator stats) = 912
Initial time step taken =      0.005 s
Largest time step taken =        0.1 s
Smallest adapted step size = 6.10352e-05 s
Number of steps shrunk due to error control = 3
Number of derivative evaluations = 0
Number of steps shrunk due to convergence-based failure = 1912
Number of convergence-based step failures (should match) = 1912
CENIC Statistics:
Number of solver iterations = 42123
Number of hessian factorizations = 42123
Number of linesearch iterations = 37318

JSON Statistics:
{
  "cenic_num_convex_solves": 5124,
  "cenic_num_feasibility_calls": 5124,
  "cenic_num_feasibility_rejections_full": 1662,
  "cenic_num_feasibility_rejections_half1": 33,
  "cenic_num_feasibility_rejections_half2": 217,
  "cenic_num_geometry_queries": 2044,
  "cenic_scene_num_surface_triangles": 10080,
  "cenic_scene_num_tetrahedra": 54792,
  "cenic_scene_num_velocities": 6,
  "cenic_time_feasibility": 25.279584204000056,
  "cenic_time_geometry_queries": 7.853950314000008,
  "cenic_time_linearize": 0.008740843,
  "cenic_time_model_update": 8.013349091000004,
  "cenic_time_problem_build": 0.15939877699999538,
  "cenic_time_solve": 4.073217521999994,
  "cenic_total_hessian_factorizations": 42123,
  "cenic_total_ls_iterations": 37318,
  "cenic_total_solver_iterations": 42123,
  "integrator_actual_initial_step_size_taken": 0.005000000000000001,
  "integrator_largest_step_size_taken": 0.09999999999999964,
  "integrator_num_derivative_evaluations": 0,
  "integrator_num_step_shrinkages_from_error_control": 3,
  "integrator_num_steps_taken": 912,
  "integrator_smallest_adapted_step_size_taken": 6.103515624999978e-05
}
