Static HTML written to /home/joe/tri/drake-private/project_plan/campaign2/data/html/hero/barrier-acc0.1-beta0.1/scene.html
Timing logs written to /home/joe/tri/drake-private/project_plan/campaign2/data/html/hero/barrier-acc0.1-beta0.1/times.csv

Wall clock time: 33.8310
Sim time  : 20.0000 seconds

Summary written to /home/joe/tri/drake-private/project_plan/campaign2/data/html/hero/barrier-acc0.1-beta0.1/summary_demo.json
General stats regarding discrete updates:
Number of time steps taken (simulator stats) = 2011
Number of publishes = 1
Number of discrete updates = 0
Number of "unrestricted" updates = 0

Stats for integrator CenicIntegrator with error control:
Number of time steps taken (integrator stats) = 2011
Initial time step taken =      0.001 s
Largest time step taken =       0.01 s
Smallest adapted step size = 0.00078125 s
Number of steps shrunk due to error control = 0
Number of derivative evaluations = 0
Number of steps shrunk due to convergence-based failure = 21
Number of convergence-based step failures (should match) = 21
CENIC Statistics:
Number of solver iterations = 11759
Number of hessian factorizations = 11759
Number of linesearch iterations = 13070

JSON Statistics:
{
  "cenic_num_convex_solves": 6054,
  "cenic_num_feasibility_calls": 6054,
  "cenic_num_feasibility_rejections_full": 21,
  "cenic_num_feasibility_rejections_half1": 0,
  "cenic_num_feasibility_rejections_half2": 0,
  "cenic_num_geometry_queries": 4022,
  "cenic_scene_num_surface_triangles": 19036,
  "cenic_scene_num_tetrahedra": 55840,
  "cenic_scene_num_velocities": 42,
  "cenic_time_feasibility": 11.739773163000017,
  "cenic_time_geometry_queries": 13.594181993999973,
  "cenic_time_linearize": 0.8966321619999998,
  "cenic_time_model_update": 14.965797167000028,
  "cenic_time_problem_build": 1.3716151730000554,
  "cenic_time_solve": 5.847657714000014,
  "cenic_total_hessian_factorizations": 11759,
  "cenic_total_ls_iterations": 13070,
  "cenic_total_solver_iterations": 11759,
  "integrator_actual_initial_step_size_taken": 0.001,
  "integrator_largest_step_size_taken": 0.010000000000001563,
  "integrator_num_derivative_evaluations": 0,
  "integrator_num_step_shrinkages_from_error_control": 0,
  "integrator_num_steps_taken": 2011,
  "integrator_smallest_adapted_step_size_taken": 0.0007812499999999996
}
