AdvanceTo() time [sec]: 172.356358819
General stats regarding discrete updates:
Number of time steps taken (simulator stats) = 477
Number of publishes = 0
Number of discrete updates = 0
Number of "unrestricted" updates = 0

Stats for integrator CenicIntegrator with error control:
Number of time steps taken (integrator stats) = 477
Initial time step taken =       0.01 s
Largest time step taken =  0.0222068 s
Smallest adapted step size = 4.8229e-05 s
Number of steps shrunk due to error control = 4
Number of derivative evaluations = 0
Number of steps shrunk due to convergence-based failure = 501
Number of convergence-based step failures (should match) = 501
CENIC Statistics:
Number of solver iterations = 17957
Number of hessian factorizations = 17957
Number of linesearch iterations = 53414

JSON Statistics:
{
  "cenic_num_convex_solves": 1950,
  "cenic_num_feasibility_calls": 1950,
  "cenic_num_feasibility_rejections_full": 498,
  "cenic_num_feasibility_rejections_half1": 0,
  "cenic_num_feasibility_rejections_half2": 3,
  "cenic_num_geometry_queries": 961,
  "cenic_scene_num_surface_triangles": 4148,
  "cenic_scene_num_tetrahedra": 12444,
  "cenic_scene_num_velocities": 120,
  "cenic_time_feasibility": 18.370472351999986,
  "cenic_time_geometry_queries": 45.65498190000009,
  "cenic_time_linearize": 0.002100250000000002,
  "cenic_time_model_update": 48.07556544099997,
  "cenic_time_problem_build": 2.4205835409998855,
  "cenic_time_solve": 105.30277911799995,
  "cenic_total_hessian_factorizations": 17957,
  "cenic_total_ls_iterations": 53414,
  "cenic_total_solver_iterations": 17957,
  "integrator_actual_initial_step_size_taken": 0.010000000000000002,
  "integrator_largest_step_size_taken": 0.022206795131177903,
  "integrator_num_derivative_evaluations": 0,
  "integrator_num_step_shrinkages_from_error_control": 4,
  "integrator_num_steps_taken": 477,
  "integrator_smallest_adapted_step_size_taken": 4.822897808742864e-05
}
