AdvanceTo() time [sec]: 90.688624236
General stats regarding discrete updates:
Number of time steps taken (simulator stats) = 674
Number of publishes = 0
Number of discrete updates = 0
Number of "unrestricted" updates = 0

Stats for integrator CenicIntegrator with error control:
Number of time steps taken (integrator stats) = 674
Initial time step taken =       0.01 s
Largest time step taken =        0.1 s
Smallest adapted step size = 0.000245799 s
Number of steps shrunk due to error control = 487
Number of derivative evaluations = 0
Number of steps shrunk due to convergence-based failure = 27
Number of convergence-based step failures (should match) = 27
CENIC Statistics:
Number of solver iterations = 44547
Number of hessian factorizations = 44547
Number of linesearch iterations = 142551

JSON Statistics:
{
  "cenic_num_convex_solves": 3510,
  "cenic_num_feasibility_calls": 3510,
  "cenic_num_feasibility_rejections_full": 27,
  "cenic_num_feasibility_rejections_half1": 0,
  "cenic_num_feasibility_rejections_half2": 0,
  "cenic_num_geometry_queries": 1835,
  "cenic_scene_num_surface_triangles": 6456,
  "cenic_scene_num_tetrahedra": 19368,
  "cenic_scene_num_velocities": 120,
  "cenic_time_feasibility": 7.557394252000009,
  "cenic_time_geometry_queries": 13.825455522999993,
  "cenic_time_linearize": 0.0015195889999999994,
  "cenic_time_model_update": 15.048241933000021,
  "cenic_time_problem_build": 1.2227864100000279,
  "cenic_time_solve": 67.77231355700015,
  "cenic_total_hessian_factorizations": 44547,
  "cenic_total_ls_iterations": 142551,
  "cenic_total_solver_iterations": 44547,
  "integrator_actual_initial_step_size_taken": 0.010000000000000002,
  "integrator_largest_step_size_taken": 0.10000000000000009,
  "integrator_num_derivative_evaluations": 0,
  "integrator_num_step_shrinkages_from_error_control": 487,
  "integrator_num_steps_taken": 674,
  "integrator_smallest_adapted_step_size_taken": 0.0002457992318069056
}
