AdvanceTo() time [sec]: 13.2481345
General stats regarding discrete updates:
Number of time steps taken (simulator stats) = 164
Number of publishes = 0
Number of discrete updates = 0
Number of "unrestricted" updates = 0

Stats for integrator CenicIntegrator with error control:
Number of time steps taken (integrator stats) = 164
Initial time step taken =       0.01 s
Largest time step taken =        0.1 s
Smallest adapted step size = 0.00162266 s
Number of steps shrunk due to error control = 37
Number of derivative evaluations = 0
Number of steps shrunk due to convergence-based failure = 75
Number of convergence-based step failures (should match) = 75
CENIC Statistics:
Number of solver iterations = 10750
Number of hessian factorizations = 10750
Number of linesearch iterations = 36522

JSON Statistics:
{
  "cenic_num_convex_solves": 684,
  "cenic_num_feasibility_calls": 684,
  "cenic_num_feasibility_rejections_full": 72,
  "cenic_num_feasibility_rejections_half1": 0,
  "cenic_num_feasibility_rejections_half2": 3,
  "cenic_num_geometry_queries": 368,
  "cenic_scene_num_surface_triangles": 6456,
  "cenic_scene_num_tetrahedra": 19368,
  "cenic_scene_num_velocities": 120,
  "cenic_time_feasibility": 1.9442869969999959,
  "cenic_time_geometry_queries": 1.4375615410000009,
  "cenic_time_linearize": 0.0005537000000000001,
  "cenic_time_model_update": 1.5841668379999998,
  "cenic_time_problem_build": 0.1466052969999989,
  "cenic_time_solve": 9.673996233999993,
  "cenic_total_hessian_factorizations": 10750,
  "cenic_total_ls_iterations": 36522,
  "cenic_total_solver_iterations": 10750,
  "integrator_actual_initial_step_size_taken": 0.010000000000000002,
  "integrator_largest_step_size_taken": 0.10000000000000009,
  "integrator_num_derivative_evaluations": 0,
  "integrator_num_step_shrinkages_from_error_control": 37,
  "integrator_num_steps_taken": 164,
  "integrator_smallest_adapted_step_size_taken": 0.0016226577487491326
}
