AdvanceTo() time [sec]: 392.198470417
General stats regarding discrete updates:
Number of time steps taken (simulator stats) = 1665
Number of publishes = 0
Number of discrete updates = 0
Number of "unrestricted" updates = 0

Stats for integrator CenicIntegrator with error control:
Number of time steps taken (integrator stats) = 1665
Initial time step taken =       0.01 s
Largest time step taken =  0.0181735 s
Smallest adapted step size = 1.14909e-05 s
Number of steps shrunk due to error control = 758
Number of derivative evaluations = 0
Number of steps shrunk due to convergence-based failure = 8
Number of convergence-based step failures (should match) = 8
CENIC Statistics:
Number of solver iterations = 55767
Number of hessian factorizations = 55767
Number of linesearch iterations = 124678

JSON Statistics:
{
  "cenic_num_convex_solves": 7277,
  "cenic_num_feasibility_calls": 7277,
  "cenic_num_feasibility_rejections_full": 8,
  "cenic_num_feasibility_rejections_half1": 0,
  "cenic_num_feasibility_rejections_half2": 0,
  "cenic_num_geometry_queries": 4088,
  "cenic_scene_num_surface_triangles": 4148,
  "cenic_scene_num_tetrahedra": 12444,
  "cenic_scene_num_velocities": 120,
  "cenic_time_feasibility": 47.278321509999905,
  "cenic_time_geometry_queries": 118.46585187800008,
  "cenic_time_linearize": 0.004867295999999989,
  "cenic_time_model_update": 125.35743037399997,
  "cenic_time_problem_build": 6.8915784959998945,
  "cenic_time_solve": 217.8608416669997,
  "cenic_total_hessian_factorizations": 55767,
  "cenic_total_ls_iterations": 124678,
  "cenic_total_solver_iterations": 55767,
  "integrator_actual_initial_step_size_taken": 0.010000000000000002,
  "integrator_largest_step_size_taken": 0.01817347598445831,
  "integrator_num_derivative_evaluations": 0,
  "integrator_num_step_shrinkages_from_error_control": 758,
  "integrator_num_steps_taken": 1665,
  "integrator_smallest_adapted_step_size_taken": 1.1490912787011018e-05
}
