AdvanceTo() time [sec]: 667.705014669
General stats regarding discrete updates:
Number of time steps taken (simulator stats) = 2210
Number of publishes = 0
Number of discrete updates = 0
Number of "unrestricted" updates = 0

Stats for integrator CenicIntegrator with error control:
Number of time steps taken (integrator stats) = 2210
Initial time step taken =       0.01 s
Largest time step taken =  0.0181735 s
Smallest adapted step size = 1.7936e-05 s
Number of steps shrunk due to error control = 1274
Number of derivative evaluations = 0
Number of steps shrunk due to convergence-based failure = 6
Number of convergence-based step failures (should match) = 6
CENIC Statistics:
Number of solver iterations = 85703
Number of hessian factorizations = 85703
Number of linesearch iterations = 212692

JSON Statistics:
{
  "cenic_num_convex_solves": 10458,
  "cenic_num_feasibility_calls": 10458,
  "cenic_num_feasibility_rejections_full": 6,
  "cenic_num_feasibility_rejections_half1": 0,
  "cenic_num_feasibility_rejections_half2": 0,
  "cenic_num_geometry_queries": 5694,
  "cenic_scene_num_surface_triangles": 4148,
  "cenic_scene_num_tetrahedra": 12444,
  "cenic_scene_num_velocities": 120,
  "cenic_time_feasibility": 73.8358513039998,
  "cenic_time_geometry_queries": 207.29472628100018,
  "cenic_time_linearize": 0.007515450999999994,
  "cenic_time_model_update": 218.00731858500004,
  "cenic_time_problem_build": 10.712592303999855,
  "cenic_time_solve": 372.8534946649997,
  "cenic_total_hessian_factorizations": 85703,
  "cenic_total_ls_iterations": 212692,
  "cenic_total_solver_iterations": 85703,
  "integrator_actual_initial_step_size_taken": 0.010000000000000002,
  "integrator_largest_step_size_taken": 0.01817347598445831,
  "integrator_num_derivative_evaluations": 0,
  "integrator_num_step_shrinkages_from_error_control": 1274,
  "integrator_num_steps_taken": 2210,
  "integrator_smallest_adapted_step_size_taken": 1.7936026509286342e-05
}
