AdvanceTo() time [sec]: 8.352731257
General stats regarding discrete updates:
Number of time steps taken (simulator stats) = 146
Number of publishes = 0
Number of discrete updates = 0
Number of "unrestricted" updates = 0

Stats for integrator CenicIntegrator with error control:
Number of time steps taken (integrator stats) = 146
Initial time step taken =       0.01 s
Largest time step taken =        0.1 s
Smallest adapted step size = 0.00126672 s
Number of steps shrunk due to error control = 0
Number of derivative evaluations = 0
Number of steps shrunk due to convergence-based failure = 128
Number of convergence-based step failures (should match) = 128
CENIC Statistics:
Number of solver iterations = 6509
Number of hessian factorizations = 6509
Number of linesearch iterations = 26861

JSON Statistics:
{
  "cenic_num_convex_solves": 570,
  "cenic_num_feasibility_calls": 570,
  "cenic_num_feasibility_rejections_full": 126,
  "cenic_num_feasibility_rejections_half1": 0,
  "cenic_num_feasibility_rejections_half2": 2,
  "cenic_num_geometry_queries": 294,
  "cenic_scene_num_surface_triangles": 6456,
  "cenic_scene_num_tetrahedra": 19368,
  "cenic_scene_num_velocities": 120,
  "cenic_time_feasibility": 2.020130465999999,
  "cenic_time_geometry_queries": 0.9896955269999996,
  "cenic_time_linearize": 0.00024059200000000003,
  "cenic_time_model_update": 1.079087749,
  "cenic_time_problem_build": 0.0893922220000003,
  "cenic_time_solve": 5.226919222999996,
  "cenic_total_hessian_factorizations": 6509,
  "cenic_total_ls_iterations": 26861,
  "cenic_total_solver_iterations": 6509,
  "integrator_actual_initial_step_size_taken": 0.010000000000000002,
  "integrator_largest_step_size_taken": 0.10000000000000009,
  "integrator_num_derivative_evaluations": 0,
  "integrator_num_step_shrinkages_from_error_control": 0,
  "integrator_num_steps_taken": 146,
  "integrator_smallest_adapted_step_size_taken": 0.0012667202150931113
}
