AdvanceTo() time [sec]: 40.637268537
General stats regarding discrete updates:
Number of time steps taken (simulator stats) = 659
Number of publishes = 0
Number of discrete updates = 0
Number of "unrestricted" updates = 0

Stats for integrator CenicIntegrator with error control:
Number of time steps taken (integrator stats) = 659
Initial time step taken =       0.01 s
Largest time step taken =  0.0181735 s
Smallest adapted step size = 0.000210543 s
Number of steps shrunk due to error control = 244
Number of derivative evaluations = 0
Number of steps shrunk due to convergence-based failure = 120
Number of convergence-based step failures (should match) = 120
CENIC Statistics:
Number of solver iterations = 30317
Number of hessian factorizations = 30317
Number of linesearch iterations = 89352

JSON Statistics:
{
  "cenic_num_convex_solves": 2829,
  "cenic_num_feasibility_calls": 2829,
  "cenic_num_feasibility_rejections_full": 120,
  "cenic_num_feasibility_rejections_half1": 0,
  "cenic_num_feasibility_rejections_half2": 0,
  "cenic_num_geometry_queries": 1562,
  "cenic_scene_num_surface_triangles": 6456,
  "cenic_scene_num_tetrahedra": 19368,
  "cenic_scene_num_velocities": 120,
  "cenic_time_feasibility": 6.321029415000002,
  "cenic_time_geometry_queries": 6.522275975000006,
  "cenic_time_linearize": 0.00101092,
  "cenic_time_model_update": 7.145175426999994,
  "cenic_time_problem_build": 0.622899451999988,
  "cenic_time_solve": 27.004123265999986,
  "cenic_total_hessian_factorizations": 30317,
  "cenic_total_ls_iterations": 89352,
  "cenic_total_solver_iterations": 30317,
  "integrator_actual_initial_step_size_taken": 0.010000000000000002,
  "integrator_largest_step_size_taken": 0.018173475984458315,
  "integrator_num_derivative_evaluations": 0,
  "integrator_num_step_shrinkages_from_error_control": 244,
  "integrator_num_steps_taken": 659,
  "integrator_smallest_adapted_step_size_taken": 0.0002105431612427499
}
