AdvanceTo() time [sec]: 63.206689805
General stats regarding discrete updates:
Number of time steps taken (simulator stats) = 629
Number of publishes = 0
Number of discrete updates = 0
Number of "unrestricted" updates = 0

Stats for integrator CenicIntegrator with error control:
Number of time steps taken (integrator stats) = 629
Initial time step taken =       0.01 s
Largest time step taken =        0.1 s
Smallest adapted step size = 0.000378169 s
Number of steps shrunk due to error control = 363
Number of derivative evaluations = 0
Number of steps shrunk due to convergence-based failure = 8
Number of convergence-based step failures (should match) = 8
CENIC Statistics:
Number of solver iterations = 31997
Number of hessian factorizations = 31997
Number of linesearch iterations = 105394

JSON Statistics:
{
  "cenic_num_convex_solves": 2984,
  "cenic_num_feasibility_calls": 2984,
  "cenic_num_feasibility_rejections_full": 8,
  "cenic_num_feasibility_rejections_half1": 0,
  "cenic_num_feasibility_rejections_half2": 0,
  "cenic_num_geometry_queries": 1621,
  "cenic_scene_num_surface_triangles": 6456,
  "cenic_scene_num_tetrahedra": 19368,
  "cenic_scene_num_velocities": 120,
  "cenic_time_feasibility": 5.518363161999996,
  "cenic_time_geometry_queries": 11.984973391999997,
  "cenic_time_linearize": 0.0010066460000000004,
  "cenic_time_model_update": 12.984532145000003,
  "cenic_time_problem_build": 0.9995587530000059,
  "cenic_time_solve": 44.46660180399999,
  "cenic_total_hessian_factorizations": 31997,
  "cenic_total_ls_iterations": 105394,
  "cenic_total_solver_iterations": 31997,
  "integrator_actual_initial_step_size_taken": 0.010000000000000002,
  "integrator_largest_step_size_taken": 0.10000000000000009,
  "integrator_num_derivative_evaluations": 0,
  "integrator_num_step_shrinkages_from_error_control": 363,
  "integrator_num_steps_taken": 629,
  "integrator_smallest_adapted_step_size_taken": 0.0003781693915992525
}
