
Wall clock time: 130.12986636161804

x_final: 1.0291403688103598

Summary written to /home/joe/tri/drake-private/project_plan/campaign2/data/heavy/spiral/bm0.0001-acc0.001-beta0.01/summary_demo.json
Step statistics written to /home/joe/tri/drake-private/project_plan/campaign2/data/heavy/spiral/bm0.0001-acc0.001-beta0.01/steps.tsv
General stats regarding discrete updates:
Number of time steps taken (simulator stats) = 1562
Number of publishes = 0
Number of discrete updates = 0
Number of "unrestricted" updates = 0

Stats for integrator CenicIntegrator with error control:
Number of time steps taken (integrator stats) = 1562
Initial time step taken =      0.005 s
Largest time step taken =        0.1 s
Smallest adapted step size = 0.000277305 s
Number of steps shrunk due to error control = 1018
Number of derivative evaluations = 0
Number of steps shrunk due to convergence-based failure = 205
Number of convergence-based step failures (should match) = 205
CENIC Statistics:
Number of solver iterations = 56171
Number of hessian factorizations = 56171
Number of linesearch iterations = 31466

JSON Statistics:
{
  "cenic_num_convex_solves": 8011,
  "cenic_num_feasibility_calls": 8011,
  "cenic_num_feasibility_rejections_full": 172,
  "cenic_num_feasibility_rejections_half1": 0,
  "cenic_num_feasibility_rejections_half2": 33,
  "cenic_num_geometry_queries": 4175,
  "cenic_scene_num_surface_triangles": 10080,
  "cenic_scene_num_tetrahedra": 54792,
  "cenic_scene_num_velocities": 6,
  "cenic_time_feasibility": 45.66952436699983,
  "cenic_time_geometry_queries": 53.42234088500005,
  "cenic_time_linearize": 0.009732184,
  "cenic_time_model_update": 55.21197643599992,
  "cenic_time_problem_build": 1.7896355509998756,
  "cenic_time_solve": 28.388996536000036,
  "cenic_total_hessian_factorizations": 56171,
  "cenic_total_ls_iterations": 31466,
  "cenic_total_solver_iterations": 56171,
  "integrator_actual_initial_step_size_taken": 0.005000000000000001,
  "integrator_largest_step_size_taken": 0.09999999999999964,
  "integrator_num_derivative_evaluations": 0,
  "integrator_num_step_shrinkages_from_error_control": 1018,
  "integrator_num_steps_taken": 1562,
  "integrator_smallest_adapted_step_size_taken": 0.00027730523657931716
}
