AdvanceTo() time [sec]: 12.93501565
General stats regarding discrete updates:
Number of time steps taken (simulator stats) = 96
Number of publishes = 0
Number of discrete updates = 0
Number of "unrestricted" updates = 0

Stats for integrator CenicIntegrator with error control:
Number of time steps taken (integrator stats) = 96
Initial time step taken =       0.01 s
Largest time step taken =        0.1 s
Smallest adapted step size = 0.00217123 s
Number of steps shrunk due to error control = 2
Number of derivative evaluations = 0
Number of steps shrunk due to convergence-based failure = 71
Number of convergence-based step failures (should match) = 71
CENIC Statistics:
Number of solver iterations = 6412
Number of hessian factorizations = 6412
Number of linesearch iterations = 23021

JSON Statistics:
{
  "cenic_num_convex_solves": 367,
  "cenic_num_feasibility_calls": 367,
  "cenic_num_feasibility_rejections_full": 70,
  "cenic_num_feasibility_rejections_half1": 0,
  "cenic_num_feasibility_rejections_half2": 1,
  "cenic_num_geometry_queries": 195,
  "cenic_scene_num_surface_triangles": 6456,
  "cenic_scene_num_tetrahedra": 19368,
  "cenic_scene_num_velocities": 120,
  "cenic_time_feasibility": 1.4928578649999997,
  "cenic_time_geometry_queries": 1.4568423699999997,
  "cenic_time_linearize": 0.0003547920000000001,
  "cenic_time_model_update": 1.5870721340000002,
  "cenic_time_problem_build": 0.13022976400000053,
  "cenic_time_solve": 9.818450725999998,
  "cenic_total_hessian_factorizations": 6412,
  "cenic_total_ls_iterations": 23021,
  "cenic_total_solver_iterations": 6412,
  "integrator_actual_initial_step_size_taken": 0.010000000000000002,
  "integrator_largest_step_size_taken": 0.10000000000000009,
  "integrator_num_derivative_evaluations": 0,
  "integrator_num_step_shrinkages_from_error_control": 2,
  "integrator_num_steps_taken": 96,
  "integrator_smallest_adapted_step_size_taken": 0.002171231062691747
}
