
Wall clock time: 48.38676071166992

x_final: 1.720564252541128

Summary written to /home/joe/tri/drake-private/project_plan/campaign2/data/heavy/spiral/bm1e-05-acc0.1-beta0.01/summary_demo.json
Step statistics written to /home/joe/tri/drake-private/project_plan/campaign2/data/heavy/spiral/bm1e-05-acc0.1-beta0.01/steps.tsv
General stats regarding discrete updates:
Number of time steps taken (simulator stats) = 1765
Number of publishes = 0
Number of discrete updates = 0
Number of "unrestricted" updates = 0

Stats for integrator CenicIntegrator with error control:
Number of time steps taken (integrator stats) = 1765
Initial time step taken =      0.005 s
Largest time step taken =        0.1 s
Smallest adapted step size = 2.23024e-05 s
Number of steps shrunk due to error control = 2
Number of derivative evaluations = 0
Number of steps shrunk due to convergence-based failure = 3944
Number of convergence-based step failures (should match) = 3944
CENIC Statistics:
Number of solver iterations = 60879
Number of hessian factorizations = 60879
Number of linesearch iterations = 56324

JSON Statistics:
{
  "cenic_num_convex_solves": 10352,
  "cenic_num_feasibility_calls": 10352,
  "cenic_num_feasibility_rejections_full": 3376,
  "cenic_num_feasibility_rejections_half1": 29,
  "cenic_num_feasibility_rejections_half2": 539,
  "cenic_num_geometry_queries": 4071,
  "cenic_scene_num_surface_triangles": 10080,
  "cenic_scene_num_tetrahedra": 54792,
  "cenic_scene_num_velocities": 6,
  "cenic_time_feasibility": 34.62825617999986,
  "cenic_time_geometry_queries": 9.687393443000053,
  "cenic_time_linearize": 0.014713036000000011,
  "cenic_time_model_update": 9.88354434700001,
  "cenic_time_problem_build": 0.19615090399995694,
  "cenic_time_solve": 3.166436277000001,
  "cenic_total_hessian_factorizations": 60879,
  "cenic_total_ls_iterations": 56324,
  "cenic_total_solver_iterations": 60879,
  "integrator_actual_initial_step_size_taken": 0.005000000000000001,
  "integrator_largest_step_size_taken": 0.09999999999999964,
  "integrator_num_derivative_evaluations": 0,
  "integrator_num_step_shrinkages_from_error_control": 2,
  "integrator_num_steps_taken": 1765,
  "integrator_smallest_adapted_step_size_taken": 2.2302430471544706e-05
}
