AdvanceTo() time [sec]: 24.093894681
General stats regarding discrete updates:
Number of time steps taken (simulator stats) = 233
Number of publishes = 0
Number of discrete updates = 0
Number of "unrestricted" updates = 0

Stats for integrator CenicIntegrator with error control:
Number of time steps taken (integrator stats) = 233
Initial time step taken =       0.01 s
Largest time step taken =  0.0392751 s
Smallest adapted step size = 0.00113439 s
Number of steps shrunk due to error control = 0
Number of derivative evaluations = 0
Number of steps shrunk due to convergence-based failure = 270
Number of convergence-based step failures (should match) = 270
CENIC Statistics:
Number of solver iterations = 7918
Number of hessian factorizations = 7918
Number of linesearch iterations = 27532

JSON Statistics:
{
  "cenic_num_convex_solves": 969,
  "cenic_num_feasibility_calls": 969,
  "cenic_num_feasibility_rejections_full": 270,
  "cenic_num_feasibility_rejections_half1": 0,
  "cenic_num_feasibility_rejections_half2": 0,
  "cenic_num_geometry_queries": 466,
  "cenic_scene_num_surface_triangles": 6456,
  "cenic_scene_num_tetrahedra": 19368,
  "cenic_scene_num_velocities": 120,
  "cenic_time_feasibility": 3.479022288999998,
  "cenic_time_geometry_queries": 4.237137918999996,
  "cenic_time_linearize": 0.0010066699999999994,
  "cenic_time_model_update": 4.6321390590000044,
  "cenic_time_problem_build": 0.39500114000000863,
  "cenic_time_solve": 15.869060126999997,
  "cenic_total_hessian_factorizations": 7918,
  "cenic_total_ls_iterations": 27532,
  "cenic_total_solver_iterations": 7918,
  "integrator_actual_initial_step_size_taken": 0.010000000000000002,
  "integrator_largest_step_size_taken": 0.039275112463453034,
  "integrator_num_derivative_evaluations": 0,
  "integrator_num_step_shrinkages_from_error_control": 0,
  "integrator_num_steps_taken": 233,
  "integrator_smallest_adapted_step_size_taken": 0.0011343903583917409
}
