AdvanceTo() time [sec]: 21.240734505
General stats regarding discrete updates:
Number of time steps taken (simulator stats) = 284
Number of publishes = 0
Number of discrete updates = 0
Number of "unrestricted" updates = 0

Stats for integrator CenicIntegrator with error control:
Number of time steps taken (integrator stats) = 284
Initial time step taken =       0.01 s
Largest time step taken =    0.04867 s
Smallest adapted step size = 0.000228849 s
Number of steps shrunk due to error control = 6
Number of derivative evaluations = 0
Number of steps shrunk due to convergence-based failure = 322
Number of convergence-based step failures (should match) = 322
CENIC Statistics:
Number of solver iterations = 13245
Number of hessian factorizations = 13245
Number of linesearch iterations = 49205

JSON Statistics:
{
  "cenic_num_convex_solves": 1210,
  "cenic_num_feasibility_calls": 1210,
  "cenic_num_feasibility_rejections_full": 313,
  "cenic_num_feasibility_rejections_half1": 0,
  "cenic_num_feasibility_rejections_half2": 9,
  "cenic_num_geometry_queries": 583,
  "cenic_scene_num_surface_triangles": 6456,
  "cenic_scene_num_tetrahedra": 19368,
  "cenic_scene_num_velocities": 120,
  "cenic_time_feasibility": 3.5766868640000022,
  "cenic_time_geometry_queries": 2.4286452289999994,
  "cenic_time_linearize": 0.0012178450000000008,
  "cenic_time_model_update": 2.6795053309999983,
  "cenic_time_problem_build": 0.250860101999999,
  "cenic_time_solve": 14.881741697999999,
  "cenic_total_hessian_factorizations": 13245,
  "cenic_total_ls_iterations": 49205,
  "cenic_total_solver_iterations": 13245,
  "integrator_actual_initial_step_size_taken": 0.010000000000000002,
  "integrator_largest_step_size_taken": 0.048670024007696266,
  "integrator_num_derivative_evaluations": 0,
  "integrator_num_step_shrinkages_from_error_control": 6,
  "integrator_num_steps_taken": 284,
  "integrator_smallest_adapted_step_size_taken": 0.00022884869326277087
}
