Timing logs written to /home/joe/tri/drake-private/project_plan/campaign2/data/timing/hero/barrier-acc0.01-beta1/times.csv

Wall clock time: 798.3710
Sim time  : 100.0000 seconds

Summary written to /home/joe/tri/drake-private/project_plan/campaign2/data/timing/hero/barrier-acc0.01-beta1/summary_demo.json
General stats regarding discrete updates:
Number of time steps taken (simulator stats) = 18600
Number of publishes = 0
Number of discrete updates = 0
Number of "unrestricted" updates = 0

Stats for integrator CenicIntegrator with error control:
Number of time steps taken (integrator stats) = 18600
Initial time step taken =      0.001 s
Largest time step taken =       0.01 s
Smallest adapted step size = 0.000195312 s
Number of steps shrunk due to error control = 0
Number of derivative evaluations = 0
Number of steps shrunk due to convergence-based failure = 20160
Number of convergence-based step failures (should match) = 20160
CENIC Statistics:
Number of solver iterations = 480247
Number of hessian factorizations = 480247
Number of linesearch iterations = 1042141

JSON Statistics:
{
  "cenic_num_convex_solves": 75964,
  "cenic_num_feasibility_calls": 75964,
  "cenic_num_feasibility_rejections_full": 20158,
  "cenic_num_feasibility_rejections_half1": 0,
  "cenic_num_feasibility_rejections_half2": 2,
  "cenic_num_geometry_queries": 37202,
  "cenic_scene_num_surface_triangles": 19036,
  "cenic_scene_num_tetrahedra": 55840,
  "cenic_scene_num_velocities": 42,
  "cenic_time_feasibility": 297.2369920460011,
  "cenic_time_geometry_queries": 166.62366411899959,
  "cenic_time_linearize": 16.16176451699996,
  "cenic_time_model_update": 180.5080947760004,
  "cenic_time_problem_build": 13.88443065700082,
  "cenic_time_solve": 299.57756047899994,
  "cenic_total_hessian_factorizations": 480247,
  "cenic_total_ls_iterations": 1042141,
  "cenic_total_solver_iterations": 480247,
  "integrator_actual_initial_step_size_taken": 0.001,
  "integrator_largest_step_size_taken": 0.010000000000005116,
  "integrator_num_derivative_evaluations": 0,
  "integrator_num_step_shrinkages_from_error_control": 0,
  "integrator_num_steps_taken": 18600,
  "integrator_smallest_adapted_step_size_taken": 0.00019531249999996114
}
