AdvanceTo() time [sec]: 17.102949077
General stats regarding discrete updates:
Number of time steps taken (simulator stats) = 276
Number of publishes = 0
Number of discrete updates = 0
Number of "unrestricted" updates = 0

Stats for integrator CenicIntegrator with error control:
Number of time steps taken (integrator stats) = 276
Initial time step taken =       0.01 s
Largest time step taken =        0.1 s
Smallest adapted step size = 0.000179032 s
Number of steps shrunk due to error control = 10
Number of derivative evaluations = 0
Number of steps shrunk due to convergence-based failure = 240
Number of convergence-based step failures (should match) = 240
CENIC Statistics:
Number of solver iterations = 18603
Number of hessian factorizations = 18603
Number of linesearch iterations = 55090

JSON Statistics:
{
  "cenic_num_convex_solves": 1104,
  "cenic_num_feasibility_calls": 1104,
  "cenic_num_feasibility_rejections_full": 237,
  "cenic_num_feasibility_rejections_half1": 0,
  "cenic_num_feasibility_rejections_half2": 3,
  "cenic_num_geometry_queries": 565,
  "cenic_scene_num_surface_triangles": 6456,
  "cenic_scene_num_tetrahedra": 19368,
  "cenic_scene_num_velocities": 120,
  "cenic_time_feasibility": 2.3900173939999987,
  "cenic_time_geometry_queries": 1.975001160000002,
  "cenic_time_linearize": 0.0004694860000000003,
  "cenic_time_model_update": 2.153420861,
  "cenic_time_problem_build": 0.17841970099999793,
  "cenic_time_solve": 12.503662675999998,
  "cenic_total_hessian_factorizations": 18603,
  "cenic_total_ls_iterations": 55090,
  "cenic_total_solver_iterations": 18603,
  "integrator_actual_initial_step_size_taken": 0.010000000000000002,
  "integrator_largest_step_size_taken": 0.10000000000000009,
  "integrator_num_derivative_evaluations": 0,
  "integrator_num_step_shrinkages_from_error_control": 10,
  "integrator_num_steps_taken": 276,
  "integrator_smallest_adapted_step_size_taken": 0.00017903216451582222
}
