AdvanceTo() time [sec]: 19.511794093
General stats regarding discrete updates:
Number of time steps taken (simulator stats) = 304
Number of publishes = 0
Number of discrete updates = 0
Number of "unrestricted" updates = 0

Stats for integrator CenicIntegrator with error control:
Number of time steps taken (integrator stats) = 304
Initial time step taken =       0.01 s
Largest time step taken =        0.1 s
Smallest adapted step size = 0.000222034 s
Number of steps shrunk due to error control = 0
Number of derivative evaluations = 0
Number of steps shrunk due to convergence-based failure = 361
Number of convergence-based step failures (should match) = 361
CENIC Statistics:
Number of solver iterations = 16954
Number of hessian factorizations = 16954
Number of linesearch iterations = 55093

JSON Statistics:
{
  "cenic_num_convex_solves": 1319,
  "cenic_num_feasibility_calls": 1319,
  "cenic_num_feasibility_rejections_full": 337,
  "cenic_num_feasibility_rejections_half1": 2,
  "cenic_num_feasibility_rejections_half2": 22,
  "cenic_num_geometry_queries": 630,
  "cenic_scene_num_surface_triangles": 6456,
  "cenic_scene_num_tetrahedra": 19368,
  "cenic_scene_num_velocities": 120,
  "cenic_time_feasibility": 3.75591734600001,
  "cenic_time_geometry_queries": 2.2912817020000014,
  "cenic_time_linearize": 0.0006379309999999998,
  "cenic_time_model_update": 2.499823278999998,
  "cenic_time_problem_build": 0.20854157699999654,
  "cenic_time_solve": 13.18171905500002,
  "cenic_total_hessian_factorizations": 16954,
  "cenic_total_ls_iterations": 55093,
  "cenic_total_solver_iterations": 16954,
  "integrator_actual_initial_step_size_taken": 0.010000000000000002,
  "integrator_largest_step_size_taken": 0.10000000000000009,
  "integrator_num_derivative_evaluations": 0,
  "integrator_num_step_shrinkages_from_error_control": 0,
  "integrator_num_steps_taken": 304,
  "integrator_smallest_adapted_step_size_taken": 0.00022203363490299583
}
