AdvanceTo() time [sec]: 58.523943222
General stats regarding discrete updates:
Number of time steps taken (simulator stats) = 336
Number of publishes = 0
Number of discrete updates = 0
Number of "unrestricted" updates = 0

Stats for integrator CenicIntegrator with error control:
Number of time steps taken (integrator stats) = 336
Initial time step taken =       0.01 s
Largest time step taken =        0.1 s
Smallest adapted step size = 9.83466e-05 s
Number of steps shrunk due to error control = 3
Number of derivative evaluations = 0
Number of steps shrunk due to convergence-based failure = 306
Number of convergence-based step failures (should match) = 306
CENIC Statistics:
Number of solver iterations = 16354
Number of hessian factorizations = 16354
Number of linesearch iterations = 47400

JSON Statistics:
{
  "cenic_num_convex_solves": 1358,
  "cenic_num_feasibility_calls": 1358,
  "cenic_num_feasibility_rejections_full": 288,
  "cenic_num_feasibility_rejections_half1": 1,
  "cenic_num_feasibility_rejections_half2": 17,
  "cenic_num_geometry_queries": 692,
  "cenic_scene_num_surface_triangles": 4148,
  "cenic_scene_num_tetrahedra": 12444,
  "cenic_scene_num_velocities": 120,
  "cenic_time_feasibility": 9.555113674000022,
  "cenic_time_geometry_queries": 11.821042642999993,
  "cenic_time_linearize": 0.0007286700000000002,
  "cenic_time_model_update": 12.420048307999988,
  "cenic_time_problem_build": 0.5990056649999946,
  "cenic_time_solve": 36.37578960400002,
  "cenic_total_hessian_factorizations": 16354,
  "cenic_total_ls_iterations": 47400,
  "cenic_total_solver_iterations": 16354,
  "integrator_actual_initial_step_size_taken": 0.010000000000000002,
  "integrator_largest_step_size_taken": 0.10000000000000009,
  "integrator_num_derivative_evaluations": 0,
  "integrator_num_step_shrinkages_from_error_control": 3,
  "integrator_num_steps_taken": 336,
  "integrator_smallest_adapted_step_size_taken": 9.834663572882806e-05
}
