Timing logs written to /home/joe/tri/drake-private/project_plan/campaign2/data/heavy/hero/barrier-acc0.001-beta0.1/times.csv

Wall clock time: 448.2716
Sim time  : 100.0000 seconds

Summary written to /home/joe/tri/drake-private/project_plan/campaign2/data/heavy/hero/barrier-acc0.001-beta0.1/summary_demo.json
Step statistics written to /home/joe/tri/drake-private/project_plan/campaign2/data/heavy/hero/barrier-acc0.001-beta0.1/steps.tsv
General stats regarding discrete updates:
Number of time steps taken (simulator stats) = 11650
Number of publishes = 0
Number of discrete updates = 0
Number of "unrestricted" updates = 0

Stats for integrator CenicIntegrator with error control:
Number of time steps taken (integrator stats) = 11650
Initial time step taken =      0.001 s
Largest time step taken =       0.01 s
Smallest adapted step size = 0.000369258 s
Number of steps shrunk due to error control = 1339
Number of derivative evaluations = 0
Number of steps shrunk due to convergence-based failure = 144
Number of convergence-based step failures (should match) = 144
CENIC Statistics:
Number of solver iterations = 164967
Number of hessian factorizations = 164967
Number of linesearch iterations = 244943

JSON Statistics:
{
  "cenic_num_convex_solves": 39113,
  "cenic_num_feasibility_calls": 39113,
  "cenic_num_feasibility_rejections_full": 143,
  "cenic_num_feasibility_rejections_half1": 0,
  "cenic_num_feasibility_rejections_half2": 1,
  "cenic_num_geometry_queries": 24640,
  "cenic_scene_num_surface_triangles": 19036,
  "cenic_scene_num_tetrahedra": 55840,
  "cenic_scene_num_velocities": 42,
  "cenic_time_feasibility": 231.51741429600048,
  "cenic_time_geometry_queries": 103.61270021299993,
  "cenic_time_linearize": 6.528294829999967,
  "cenic_time_model_update": 113.78814051399983,
  "cenic_time_problem_build": 10.17544030099991,
  "cenic_time_solve": 87.91485180599946,
  "cenic_total_hessian_factorizations": 164967,
  "cenic_total_ls_iterations": 244943,
  "cenic_total_solver_iterations": 164967,
  "integrator_actual_initial_step_size_taken": 0.001,
  "integrator_largest_step_size_taken": 0.010000000000005116,
  "integrator_num_derivative_evaluations": 0,
  "integrator_num_step_shrinkages_from_error_control": 1339,
  "integrator_num_steps_taken": 11650,
  "integrator_smallest_adapted_step_size_taken": 0.0003692578562273836
}
