Static HTML written to /home/joe/tri/drake-private/project_plan/campaign2/data/html/nut_and_bolt/acc0.1-beta1/scene.html

Wall clock time: 929.7850153446198

x_final: 4.481243806960322e-05

Summary written to /home/joe/tri/drake-private/project_plan/campaign2/data/html/nut_and_bolt/acc0.1-beta1/summary_demo.json
General stats regarding discrete updates:
Number of time steps taken (simulator stats) = 476
Number of publishes = 1
Number of discrete updates = 0
Number of "unrestricted" updates = 0

Stats for integrator CenicIntegrator with error control:
Number of time steps taken (integrator stats) = 476
Initial time step taken =       0.01 s
Largest time step taken =  0.0732841 s
Smallest adapted step size = 5.19638e-05 s
Number of steps shrunk due to error control = 0
Number of derivative evaluations = 0
Number of steps shrunk due to convergence-based failure = 970
Number of convergence-based step failures (should match) = 970
CENIC Statistics:
Number of solver iterations = 12375
Number of hessian factorizations = 12375
Number of linesearch iterations = 6263

JSON Statistics:
{
  "cenic_num_convex_solves": 2408,
  "cenic_num_feasibility_calls": 2408,
  "cenic_num_feasibility_rejections_full": 965,
  "cenic_num_feasibility_rejections_half1": 0,
  "cenic_num_feasibility_rejections_half2": 5,
  "cenic_num_geometry_queries": 957,
  "cenic_scene_num_surface_triangles": 17614,
  "cenic_scene_num_tetrahedra": 52842,
  "cenic_scene_num_velocities": 6,
  "cenic_time_feasibility": 48.42762876000003,
  "cenic_time_geometry_queries": 851.4462297270002,
  "cenic_time_linearize": 0.058616090999999926,
  "cenic_time_model_update": 854.154848427,
  "cenic_time_problem_build": 2.7086186999998745,
  "cenic_time_solve": 26.571501936999997,
  "cenic_total_hessian_factorizations": 12375,
  "cenic_total_ls_iterations": 6263,
  "cenic_total_solver_iterations": 12375,
  "integrator_actual_initial_step_size_taken": 0.010000000000000002,
  "integrator_largest_step_size_taken": 0.07328407690608607,
  "integrator_num_derivative_evaluations": 0,
  "integrator_num_step_shrinkages_from_error_control": 0,
  "integrator_num_steps_taken": 476,
  "integrator_smallest_adapted_step_size_taken": 5.196381565820585e-05
}
