AdvanceTo() time [sec]: 10.367843656
General stats regarding discrete updates:
Number of time steps taken (simulator stats) = 149
Number of publishes = 0
Number of discrete updates = 0
Number of "unrestricted" updates = 0

Stats for integrator CenicIntegrator with error control:
Number of time steps taken (integrator stats) = 149
Initial time step taken =       0.01 s
Largest time step taken =        0.1 s
Smallest adapted step size = 0.00134181 s
Number of steps shrunk due to error control = 0
Number of derivative evaluations = 0
Number of steps shrunk due to convergence-based failure = 123
Number of convergence-based step failures (should match) = 123
CENIC Statistics:
Number of solver iterations = 7610
Number of hessian factorizations = 7610
Number of linesearch iterations = 26491

JSON Statistics:
{
  "cenic_num_convex_solves": 572,
  "cenic_num_feasibility_calls": 572,
  "cenic_num_feasibility_rejections_full": 122,
  "cenic_num_feasibility_rejections_half1": 0,
  "cenic_num_feasibility_rejections_half2": 1,
  "cenic_num_geometry_queries": 299,
  "cenic_scene_num_surface_triangles": 6456,
  "cenic_scene_num_tetrahedra": 19368,
  "cenic_scene_num_velocities": 120,
  "cenic_time_feasibility": 2.003786436,
  "cenic_time_geometry_queries": 1.138001661,
  "cenic_time_linearize": 0.0005494109999999999,
  "cenic_time_model_update": 1.2541764169999996,
  "cenic_time_problem_build": 0.11617475599999949,
  "cenic_time_solve": 7.071892311000002,
  "cenic_total_hessian_factorizations": 7610,
  "cenic_total_ls_iterations": 26491,
  "cenic_total_solver_iterations": 7610,
  "integrator_actual_initial_step_size_taken": 0.010000000000000002,
  "integrator_largest_step_size_taken": 0.10000000000000009,
  "integrator_num_derivative_evaluations": 0,
  "integrator_num_step_shrinkages_from_error_control": 0,
  "integrator_num_steps_taken": 149,
  "integrator_smallest_adapted_step_size_taken": 0.0013418119195835428
}
