
Wall clock time: 52.08562111854553

x_final: 1.4731480460102664

Summary written to /home/joe/tri/drake-private/project_plan/campaign2/data/heavy/spiral/bm1e-05-acc0.01-beta0.1/summary_demo.json
Step statistics written to /home/joe/tri/drake-private/project_plan/campaign2/data/heavy/spiral/bm1e-05-acc0.01-beta0.1/steps.tsv
General stats regarding discrete updates:
Number of time steps taken (simulator stats) = 1896
Number of publishes = 0
Number of discrete updates = 0
Number of "unrestricted" updates = 0

Stats for integrator CenicIntegrator with error control:
Number of time steps taken (integrator stats) = 1896
Initial time step taken =      0.005 s
Largest time step taken =        0.1 s
Smallest adapted step size = 3.74827e-05 s
Number of steps shrunk due to error control = 14
Number of derivative evaluations = 0
Number of steps shrunk due to convergence-based failure = 3987
Number of convergence-based step failures (should match) = 3987
CENIC Statistics:
Number of solver iterations = 49088
Number of hessian factorizations = 49088
Number of linesearch iterations = 32753

JSON Statistics:
{
  "cenic_num_convex_solves": 10615,
  "cenic_num_feasibility_calls": 10615,
  "cenic_num_feasibility_rejections_full": 3529,
  "cenic_num_feasibility_rejections_half1": 18,
  "cenic_num_feasibility_rejections_half2": 440,
  "cenic_num_geometry_queries": 4246,
  "cenic_scene_num_surface_triangles": 10080,
  "cenic_scene_num_tetrahedra": 54792,
  "cenic_scene_num_velocities": 6,
  "cenic_time_feasibility": 37.891515015000245,
  "cenic_time_geometry_queries": 10.993306892000025,
  "cenic_time_linearize": 0.016150030000000024,
  "cenic_time_model_update": 11.21162085800003,
  "cenic_time_problem_build": 0.21831396600000552,
  "cenic_time_solve": 2.3229646440000047,
  "cenic_total_hessian_factorizations": 49088,
  "cenic_total_ls_iterations": 32753,
  "cenic_total_solver_iterations": 49088,
  "integrator_actual_initial_step_size_taken": 0.005000000000000001,
  "integrator_largest_step_size_taken": 0.10000000000000053,
  "integrator_num_derivative_evaluations": 0,
  "integrator_num_step_shrinkages_from_error_control": 14,
  "integrator_num_steps_taken": 1896,
  "integrator_smallest_adapted_step_size_taken": 3.748273466315708e-05
}
