AdvanceTo() time [sec]: 29.382542695
General stats regarding discrete updates:
Number of time steps taken (simulator stats) = 465
Number of publishes = 0
Number of discrete updates = 0
Number of "unrestricted" updates = 0

Stats for integrator CenicIntegrator with error control:
Number of time steps taken (integrator stats) = 465
Initial time step taken =       0.01 s
Largest time step taken =  0.0963919 s
Smallest adapted step size = 0.000351778 s
Number of steps shrunk due to error control = 251
Number of derivative evaluations = 0
Number of steps shrunk due to convergence-based failure = 38
Number of convergence-based step failures (should match) = 38
CENIC Statistics:
Number of solver iterations = 25407
Number of hessian factorizations = 25407
Number of linesearch iterations = 94956

JSON Statistics:
{
  "cenic_num_convex_solves": 2186,
  "cenic_num_feasibility_calls": 2186,
  "cenic_num_feasibility_rejections_full": 38,
  "cenic_num_feasibility_rejections_half1": 0,
  "cenic_num_feasibility_rejections_half2": 0,
  "cenic_num_geometry_queries": 1181,
  "cenic_scene_num_surface_triangles": 6456,
  "cenic_scene_num_tetrahedra": 19368,
  "cenic_scene_num_velocities": 120,
  "cenic_time_feasibility": 4.1517826339999955,
  "cenic_time_geometry_queries": 4.332509815,
  "cenic_time_linearize": 0.0007573379999999997,
  "cenic_time_model_update": 4.704661267999999,
  "cenic_time_problem_build": 0.37215145299999897,
  "cenic_time_solve": 20.423697900000025,
  "cenic_total_hessian_factorizations": 25407,
  "cenic_total_ls_iterations": 94956,
  "cenic_total_solver_iterations": 25407,
  "integrator_actual_initial_step_size_taken": 0.010000000000000002,
  "integrator_largest_step_size_taken": 0.09639188477320948,
  "integrator_num_derivative_evaluations": 0,
  "integrator_num_step_shrinkages_from_error_control": 251,
  "integrator_num_steps_taken": 465,
  "integrator_smallest_adapted_step_size_taken": 0.0003517776432702357
}
