
Wall clock time: 54.065699338912964

x_final: 1.5631414513014257

Summary written to /home/joe/tri/drake-private/project_plan/campaign2/data/heavy/spiral/bm2e-05-acc0.001-beta0.1/summary_demo.json
Step statistics written to /home/joe/tri/drake-private/project_plan/campaign2/data/heavy/spiral/bm2e-05-acc0.001-beta0.1/steps.tsv
General stats regarding discrete updates:
Number of time steps taken (simulator stats) = 1596
Number of publishes = 0
Number of discrete updates = 0
Number of "unrestricted" updates = 0

Stats for integrator CenicIntegrator with error control:
Number of time steps taken (integrator stats) = 1596
Initial time step taken =      0.005 s
Largest time step taken =        0.1 s
Smallest adapted step size = 0.000127808 s
Number of steps shrunk due to error control = 289
Number of derivative evaluations = 0
Number of steps shrunk due to convergence-based failure = 1854
Number of convergence-based step failures (should match) = 1854
CENIC Statistics:
Number of solver iterations = 49885
Number of hessian factorizations = 49885
Number of linesearch iterations = 26115

JSON Statistics:
{
  "cenic_num_convex_solves": 7903,
  "cenic_num_feasibility_calls": 7903,
  "cenic_num_feasibility_rejections_full": 1653,
  "cenic_num_feasibility_rejections_half1": 8,
  "cenic_num_feasibility_rejections_half2": 193,
  "cenic_num_geometry_queries": 3674,
  "cenic_scene_num_surface_triangles": 10080,
  "cenic_scene_num_tetrahedra": 54792,
  "cenic_scene_num_velocities": 6,
  "cenic_time_feasibility": 36.78568363899988,
  "cenic_time_geometry_queries": 12.72472721799998,
  "cenic_time_linearize": 0.013622862999999995,
  "cenic_time_model_update": 12.990547485,
  "cenic_time_problem_build": 0.26582026700002004,
  "cenic_time_solve": 3.7484291730000048,
  "cenic_total_hessian_factorizations": 49885,
  "cenic_total_ls_iterations": 26115,
  "cenic_total_solver_iterations": 49885,
  "integrator_actual_initial_step_size_taken": 0.005000000000000001,
  "integrator_largest_step_size_taken": 0.10000000000000053,
  "integrator_num_derivative_evaluations": 0,
  "integrator_num_step_shrinkages_from_error_control": 289,
  "integrator_num_steps_taken": 1596,
  "integrator_smallest_adapted_step_size_taken": 0.00012780814043847357
}
