AdvanceTo() time [sec]: 124.449688419
General stats regarding discrete updates:
Number of time steps taken (simulator stats) = 853
Number of publishes = 0
Number of discrete updates = 0
Number of "unrestricted" updates = 0

Stats for integrator CenicIntegrator with error control:
Number of time steps taken (integrator stats) = 853
Initial time step taken =       0.01 s
Largest time step taken =  0.0181735 s
Smallest adapted step size = 0.000197834 s
Number of steps shrunk due to error control = 436
Number of derivative evaluations = 0
Number of steps shrunk due to convergence-based failure = 32
Number of convergence-based step failures (should match) = 32
CENIC Statistics:
Number of solver iterations = 40910
Number of hessian factorizations = 40910
Number of linesearch iterations = 147208

JSON Statistics:
{
  "cenic_num_convex_solves": 3899,
  "cenic_num_feasibility_calls": 3899,
  "cenic_num_feasibility_rejections_full": 32,
  "cenic_num_feasibility_rejections_half1": 0,
  "cenic_num_feasibility_rejections_half2": 0,
  "cenic_num_geometry_queries": 2142,
  "cenic_scene_num_surface_triangles": 6456,
  "cenic_scene_num_tetrahedra": 19368,
  "cenic_scene_num_velocities": 120,
  "cenic_time_feasibility": 14.918992154000012,
  "cenic_time_geometry_queries": 21.856052797000004,
  "cenic_time_linearize": 0.003518999999999999,
  "cenic_time_model_update": 23.991002720999994,
  "cenic_time_problem_build": 2.13494992399999,
  "cenic_time_solve": 84.98499072300008,
  "cenic_total_hessian_factorizations": 40910,
  "cenic_total_ls_iterations": 147208,
  "cenic_total_solver_iterations": 40910,
  "integrator_actual_initial_step_size_taken": 0.010000000000000002,
  "integrator_largest_step_size_taken": 0.018173475984458315,
  "integrator_num_derivative_evaluations": 0,
  "integrator_num_step_shrinkages_from_error_control": 436,
  "integrator_num_steps_taken": 853,
  "integrator_smallest_adapted_step_size_taken": 0.00019783360762418292
}
