Timing logs written to /home/joe/tri/drake-private/project_plan/campaign2/data/timing/hero/volumetric-acc0.001-beta0.1/times.csv

Wall clock time: 149.7491
Sim time  : 100.0000 seconds

Summary written to /home/joe/tri/drake-private/project_plan/campaign2/data/timing/hero/volumetric-acc0.001-beta0.1/summary_demo.json
General stats regarding discrete updates:
Number of time steps taken (simulator stats) = 10181
Number of publishes = 0
Number of discrete updates = 0
Number of "unrestricted" updates = 0

Stats for integrator CenicIntegrator with error control:
Number of time steps taken (integrator stats) = 10181
Initial time step taken =      0.001 s
Largest time step taken =       0.01 s
Smallest adapted step size = 0.000626506 s
Number of steps shrunk due to error control = 223
Number of derivative evaluations = 0
Number of steps shrunk due to convergence-based failure = 0
Number of convergence-based step failures (should match) = 0
CENIC Statistics:
Number of solver iterations = 83181
Number of hessian factorizations = 83181
Number of linesearch iterations = 81581

JSON Statistics:
{
  "cenic_num_convex_solves": 31212,
  "cenic_num_feasibility_calls": 31212,
  "cenic_num_feasibility_rejections_full": 0,
  "cenic_num_feasibility_rejections_half1": 0,
  "cenic_num_feasibility_rejections_half2": 0,
  "cenic_num_geometry_queries": 20585,
  "cenic_scene_num_surface_triangles": 18988,
  "cenic_scene_num_tetrahedra": 72588,
  "cenic_scene_num_velocities": 42,
  "cenic_time_feasibility": 4.049085571999995,
  "cenic_time_geometry_queries": 103.51200168300035,
  "cenic_time_linearize": 4.013977695999996,
  "cenic_time_model_update": 107.84407966800053,
  "cenic_time_problem_build": 4.332077985000183,
  "cenic_time_solve": 32.69236462400001,
  "cenic_total_hessian_factorizations": 83181,
  "cenic_total_ls_iterations": 81581,
  "cenic_total_solver_iterations": 83181,
  "integrator_actual_initial_step_size_taken": 0.001,
  "integrator_largest_step_size_taken": 0.010000000000005116,
  "integrator_num_derivative_evaluations": 0,
  "integrator_num_step_shrinkages_from_error_control": 223,
  "integrator_num_steps_taken": 10181,
  "integrator_smallest_adapted_step_size_taken": 0.0006265059475396381
}
