AdvanceTo() time [sec]: 82.392786734
General stats regarding discrete updates:
Number of time steps taken (simulator stats) = 231
Number of publishes = 0
Number of discrete updates = 0
Number of "unrestricted" updates = 0

Stats for integrator CenicIntegrator with error control:
Number of time steps taken (integrator stats) = 231
Initial time step taken =       0.01 s
Largest time step taken =  0.0589397 s
Smallest adapted step size = 0.00155217 s
Number of steps shrunk due to error control = 12
Number of derivative evaluations = 0
Number of steps shrunk due to convergence-based failure = 200
Number of convergence-based step failures (should match) = 200
CENIC Statistics:
Number of solver iterations = 9891
Number of hessian factorizations = 9891
Number of linesearch iterations = 33857

JSON Statistics:
{
  "cenic_num_convex_solves": 933,
  "cenic_num_feasibility_calls": 933,
  "cenic_num_feasibility_rejections_full": 198,
  "cenic_num_feasibility_rejections_half1": 0,
  "cenic_num_feasibility_rejections_half2": 2,
  "cenic_num_geometry_queries": 476,
  "cenic_scene_num_surface_triangles": 4148,
  "cenic_scene_num_tetrahedra": 12444,
  "cenic_scene_num_velocities": 120,
  "cenic_time_feasibility": 7.361321683000013,
  "cenic_time_geometry_queries": 19.018875706000014,
  "cenic_time_linearize": 0.0007004480000000001,
  "cenic_time_model_update": 19.960708543999992,
  "cenic_time_problem_build": 0.9418328379999785,
  "cenic_time_solve": 54.855578538999964,
  "cenic_total_hessian_factorizations": 9891,
  "cenic_total_ls_iterations": 33857,
  "cenic_total_solver_iterations": 9891,
  "integrator_actual_initial_step_size_taken": 0.010000000000000002,
  "integrator_largest_step_size_taken": 0.05893974533841573,
  "integrator_num_derivative_evaluations": 0,
  "integrator_num_step_shrinkages_from_error_control": 12,
  "integrator_num_steps_taken": 231,
  "integrator_smallest_adapted_step_size_taken": 0.0015521685412656406
}
